Component: ARM Compiler 5.05 update 1 (build 106) Tool: armlink [4d0efa]

==============================================================================

Section Cross References

    main.o(i.App_TaskStart) refers to os_cpu_c.o(i.OS_CPU_SysTickInit) for OS_CPU_SysTickInit
    main.o(i.App_TaskStart) refers to main.o(i.RCC_Configuration) for RCC_Configuration
    main.o(i.App_TaskStart) refers to main.o(i.NVIC_Configuration) for NVIC_Configuration
    main.o(i.App_TaskStart) refers to stm32f10x_rcc.o(i.RCC_APB2PeriphClockCmd) for RCC_APB2PeriphClockCmd
    main.o(i.App_TaskStart) refers to stm32f10x_gpio.o(i.GPIO_Init) for GPIO_Init
    main.o(i.App_TaskStart) refers to uart1pcport.o(i.USART1_Configuration) for USART1_Configuration
    main.o(i.App_TaskStart) refers to uart2gpsport.o(i.USART2_Configuration) for USART2_Configuration
    main.o(i.App_TaskStart) refers to rtc.o(i.RTC_INIT) for RTC_INIT
    main.o(i.App_TaskStart) refers to gpstask.o(i.App_GPS_TaskCreate) for App_GPS_TaskCreate
    main.o(i.App_TaskStart) refers to printfa.o(i.__0printf) for __2printf
    main.o(i.App_TaskStart) refers to os_time.o(i.OSTimeDlyHMSM) for OSTimeDlyHMSM
    main.o(i.BuildMQ) refers to os_q.o(i.OSQCreate) for OSQCreate
    main.o(i.BuildMQ) refers to main.o(.bss) for .bss
    main.o(i.BuildMQ) refers to main.o(.data) for .data
    main.o(i.NVIC_Configuration) refers to misc.o(i.NVIC_SetVectorTable) for NVIC_SetVectorTable
    main.o(i.NVIC_Configuration) refers to misc.o(i.NVIC_PriorityGroupConfig) for NVIC_PriorityGroupConfig
    main.o(i.NVIC_Configuration) refers to misc.o(i.NVIC_Init) for NVIC_Init
    main.o(i.RCC_Configuration) refers to stm32f10x_rcc.o(i.RCC_DeInit) for RCC_DeInit
    main.o(i.RCC_Configuration) refers to stm32f10x_rcc.o(i.RCC_HSEConfig) for RCC_HSEConfig
    main.o(i.RCC_Configuration) refers to stm32f10x_rcc.o(i.RCC_WaitForHSEStartUp) for RCC_WaitForHSEStartUp
    main.o(i.RCC_Configuration) refers to stm32f10x_rcc.o(i.RCC_HCLKConfig) for RCC_HCLKConfig
    main.o(i.RCC_Configuration) refers to stm32f10x_rcc.o(i.RCC_PCLK2Config) for RCC_PCLK2Config
    main.o(i.RCC_Configuration) refers to stm32f10x_rcc.o(i.RCC_PCLK1Config) for RCC_PCLK1Config
    main.o(i.RCC_Configuration) refers to stm32f10x_rcc.o(i.RCC_PLLConfig) for RCC_PLLConfig
    main.o(i.RCC_Configuration) refers to stm32f10x_rcc.o(i.RCC_PLLCmd) for RCC_PLLCmd
    main.o(i.RCC_Configuration) refers to stm32f10x_rcc.o(i.RCC_GetFlagStatus) for RCC_GetFlagStatus
    main.o(i.RCC_Configuration) refers to stm32f10x_rcc.o(i.RCC_SYSCLKConfig) for RCC_SYSCLKConfig
    main.o(i.RCC_Configuration) refers to stm32f10x_rcc.o(i.RCC_GetSYSCLKSource) for RCC_GetSYSCLKSource
    main.o(i.main) refers to cpu_a.o(.text) for CPU_IntDis
    main.o(i.main) refers to os_core.o(i.OSInit) for OSInit
    main.o(i.main) refers to main.o(i.BuildMQ) for BuildMQ
    main.o(i.main) refers to os_task.o(i.OSTaskCreateExt) for OSTaskCreateExt
    main.o(i.main) refers to os_core.o(i.OSStart) for OSStart
    main.o(i.main) refers to main.o(.bss) for .bss
    main.o(i.main) refers to main.o(i.App_TaskStart) for App_TaskStart
    stm32f10x_it.o(i.SysTick_Handler) refers to os_cpu_a.o(.text) for OS_CPU_SR_Save
    stm32f10x_it.o(i.SysTick_Handler) refers to os_core.o(i.OSTimeTick) for OSTimeTick
    stm32f10x_it.o(i.SysTick_Handler) refers to os_core.o(i.OSIntExit) for OSIntExit
    stm32f10x_it.o(i.SysTick_Handler) refers to os_core.o(.data) for OSIntNesting
    gpstask.o(i.App_GPS_TaskCreate) refers to os_task.o(i.OSTaskCreate) for OSTaskCreate
    gpstask.o(i.App_GPS_TaskCreate) refers to gpstask.o(.bss) for .bss
    gpstask.o(i.App_GPS_TaskCreate) refers to gpstask.o(i.gpsTask) for gpsTask
    gpstask.o(i.GPGGA_CallBack) refers to atof.o(i.atof) for atof
    gpstask.o(i.GPGGA_CallBack) refers to printfa.o(i.__0printf) for __2printf
    gpstask.o(i.GPRMC_CallBack) refers to printfa.o(i.__0printf) for __2printf
    gpstask.o(i.GPRMC_CallBack) refers to ffltui.o(.text) for __aeabi_ui2f
    gpstask.o(i.GPRMC_CallBack) refers to fmul.o(.text) for __aeabi_fmul
    gpstask.o(i.GPRMC_CallBack) refers to fdiv.o(.text) for __aeabi_fdiv
    gpstask.o(i.GPRMC_CallBack) refers to f2d.o(.text) for __aeabi_f2d
    gpstask.o(i.GPRMC_CallBack) refers to fadd.o(.text) for __aeabi_fadd
    gpstask.o(i.GPRMC_CallBack) refers to dfltui.o(.text) for __aeabi_ui2d
    gpstask.o(i.GPRMC_CallBack) refers to ddiv.o(.text) for __aeabi_ddiv
    gpstask.o(i.GPRMC_CallBack) refers to dmul.o(.text) for __aeabi_dmul
    gpstask.o(i.debugMode) refers to gpstask.o(i.testGPSDemo) for testGPSDemo
    gpstask.o(i.enableUBX_NAV_PVT) refers to uart2gpsport.o(i.Uart2_PutChar) for Uart2_PutChar
    gpstask.o(i.gpsTask) refers to printfa.o(i.__0printf) for __2printf
    gpstask.o(i.gpsTask) refers to gmath.o(i.GetDistance) for GetDistance
    gpstask.o(i.gpsTask) refers to dflti.o(.text) for __aeabi_i2d
[...]
    i.OSDebugInit                            0x08000df0   Section        0  os_dbg.o(i.OSDebugInit)
    i.OSEventNameSet                         0x08000df4   Section        0  os_core.o(i.OSEventNameSet)
    i.OSInit                                 0x08000e40   Section        0  os_core.o(i.OSInit)
    i.OSInitHookBegin                        0x08000ec8   Section        0  os_cpu_c.o(i.OSInitHookBegin)
    i.OSInitHookEnd                          0x08000ed4   Section        0  os_cpu_c.o(i.OSInitHookEnd)
    i.OSIntExit                              0x08000ed8   Section        0  os_core.o(i.OSIntExit)
    i.OSQCreate                              0x08000f34   Section        0  os_q.o(i.OSQCreate)
    i.OSQPend                                0x08000fb8   Section        0  os_q.o(i.OSQPend)
    i.OSQPost                                0x0800109c   Section        0  os_q.o(i.OSQPost)
    i.OSSchedLock                            0x0800110c   Section        0  os_core.o(i.OSSchedLock)
    i.OSSchedUnlock                          0x08001138   Section        0  os_core.o(i.OSSchedUnlock)
    i.OSSemCreate                            0x08001174   Section        0  os_sem.o(i.OSSemCreate)
    i.OSSemPend                              0x080011bc   Section        0  os_sem.o(i.OSSemPend)
    i.OSSemPost                              0x08001280   Section        0  os_sem.o(i.OSSemPost)
    i.OSStart                                0x080012d8   Section        0  os_core.o(i.OSStart)
    i.OSTCBInitHook                          0x08001308   Section        0  os_cpu_c.o(i.OSTCBInitHook)
    i.OSTaskCreate                           0x0800130c   Section        0  os_task.o(i.OSTaskCreate)
    i.OSTaskCreateExt                        0x0800139c   Section        0  os_task.o(i.OSTaskCreateExt)
    i.OSTaskCreateHook                       0x08001440   Section        0  os_cpu_c.o(i.OSTaskCreateHook)
    i.OSTaskIdleHook                         0x08001444   Section        0  os_cpu_c.o(i.OSTaskIdleHook)
    i.OSTaskStkInit                          0x08001448   Section        0  os_cpu_c.o(i.OSTaskStkInit)
    i.OSTaskSwHook                           0x080014ba   Section        0  os_cpu_c.o(i.OSTaskSwHook)
    i.OSTimeDly                              0x080014c0   Section        0  os_time.o(i.OSTimeDly)
    i.OSTimeDlyHMSM                          0x08001528   Section        0  os_time.o(i.OSTimeDlyHMSM)
    i.OSTimeTick                             0x0800159c   Section        0  os_core.o(i.OSTimeTick)
    i.OSTimeTickHook                         0x0800163c   Section        0  os_cpu_c.o(i.OSTimeTickHook)
    i.OSTmrSignal                            0x08001664   Section        0  os_tmr.o(i.OSTmrSignal)
    i.OSTmr_Init                             0x08001670   Section        0  os_tmr.o(i.OSTmr_Init)
    i.OSTmr_Link                             0x0800177c   Section        0  os_tmr.o(i.OSTmr_Link)
    OSTmr_Link                               0x0800177d   Thumb Code    66  os_tmr.o(i.OSTmr_Link)
    i.OSTmr_Task                             0x080017c8   Section        0  os_tmr.o(i.OSTmr_Task)
    OSTmr_Task                               0x080017c9   Thumb Code   106  os_tmr.o(i.OSTmr_Task)
    i.OSTmr_Unlink                           0x08001840   Section        0  os_tmr.o(i.OSTmr_Unlink)
    OSTmr_Unlink                             0x08001841   Thumb Code    58  os_tmr.o(i.OSTmr_Unlink)
    i.OS_CPU_SysTickInit                     0x08001880   Section        0  os_cpu_c.o(i.OS_CPU_SysTickInit)
    i.OS_EventTaskRdy                        0x080018b8   Section        0  os_core.o(i.OS_EventTaskRdy)
    i.OS_EventTaskRemove                     0x0800192c   Section        0  os_core.o(i.OS_EventTaskRemove)
    i.OS_EventTaskRemoveMulti                0x0800194c   Section        0  os_core.o(i.OS_EventTaskRemoveMulti)
    i.OS_EventTaskWait                       0x08001974   Section        0  os_core.o(i.OS_EventTaskWait)
    i.OS_EventWaitListInit                   0x080019bc   Section        0  os_core.o(i.OS_EventWaitListInit)
    i.OS_FlagInit                            0x080019d0   Section        0  os_flag.o(i.OS_FlagInit)
    i.OS_InitEventList                       0x08001a18   Section        0  os_core.o(i.OS_InitEventList)
    OS_InitEventList                         0x08001a19   Thumb Code    76  os_core.o(i.OS_InitEventList)
    i.OS_InitTCBList                         0x08001a70   Section        0  os_core.o(i.OS_InitTCBList)
    OS_InitTCBList                           0x08001a71   Thumb Code    88  os_core.o(i.OS_InitTCBList)
    i.OS_MemClr                              0x08001ad4   Section        0  os_core.o(i.OS_MemClr)
    i.OS_MemInit                             0x08001ae8   Section        0  os_mem.o(i.OS_MemInit)
    i.OS_QInit                               0x08001b34   Section        0  os_q.o(i.OS_QInit)
    i.OS_Sched                               0x08001b78   Section        0  os_core.o(i.OS_Sched)
    i.OS_SchedNew                            0x08001bc0   Section        0  os_core.o(i.OS_SchedNew)
    OS_SchedNew                              0x08001bc1   Thumb Code    24  os_core.o(i.OS_SchedNew)
    i.OS_TCBInit                             0x08001be0   Section        0  os_core.o(i.OS_TCBInit)
    i.OS_TaskIdle                            0x08001cc4   Section        0  os_core.o(i.OS_TaskIdle)
    i.OS_TaskStkClr                          0x08001ce0   Section        0  os_task.o(i.OS_TaskStkClr)
    i.PWR_BackupAccessCmd                    0x08001cf8   Section        0  stm32f10x_pwr.o(i.PWR_BackupAccessCmd)
    i.ParserGPGGA                            0x08001d04   Section        0  nmeaparse.o(i.ParserGPGGA)
    ParserGPGGA                              0x08001d05   Thumb Code   100  nmeaparse.o(i.ParserGPGGA)
    i.ParserGPGSA                            0x08001d70   Section        0  nmeaparse.o(i.ParserGPGSA)
    ParserGPGSA                              0x08001d71   Thumb Code   166  nmeaparse.o(i.ParserGPGSA)
    i.ParserGPGSV                            0x08001e20   Section        0  nmeaparse.o(i.ParserGPGSV)
    ParserGPGSV                              0x08001e21   Thumb Code   380  nmeaparse.o(i.ParserGPGSV)
    i.ParserGPRMC                            0x08001fa4   Section        0  nmeaparse.o(i.ParserGPRMC)
    ParserGPRMC                              0x08001fa5   Thumb Code   614  nmeaparse.o(i.ParserGPRMC)
    i.RCC_APB1PeriphClockCmd                 0x0800222c   Section        0  stm32f10x_rcc.o(i.RCC_APB1PeriphClockCmd)
    i.RCC_APB2PeriphClockCmd                 0x08002244   Section        0  stm32f10x_rcc.o(i.RCC_APB2PeriphClockCmd)
    i.RCC_BackupResetCmd                     0x0800225c   Section        0  stm32f10x_rcc.o(i.RCC_BackupResetCmd)
    i.RCC_Configuration                      0x08002268   Section        0  main.o(i.RCC_Configuration)
    i.RCC_DeInit                             0x080022bc   Section        0  stm32f10x_rcc.o(i.RCC_DeInit)
    i.RCC_GetClocksFreq                      0x080022fc   Section        0  stm32f10x_rcc.o(i.RCC_GetClocksFreq)
    i.RCC_GetFlagStatus                      0x08002390   Section        0  stm32f10x_rcc.o(i.RCC_GetFlagStatus)
    i.RCC_GetSYSCLKSource                    0x080023c0   Section        0  stm32f10x_rcc.o(i.RCC_GetSYSCLKSource)
    i.RCC_HCLKConfig                         0x080023d0   Section        0  stm32f10x_rcc.o(i.RCC_HCLKConfig)
    i.RCC_HSEConfig                          0x080023e4   Section        0  stm32f10x_rcc.o(i.RCC_HSEConfig)
    i.RCC_LSEConfig                          0x08002418   Section        0  stm32f10x_rcc.o(i.RCC_LSEConfig)
    i.RCC_PCLK1Config                        0x08002438   Section        0  stm32f10x_rcc.o(i.RCC_PCLK1Config)
    i.RCC_PCLK2Config                        0x0800244c   Section        0  stm32f10x_rcc.o(i.RCC_PCLK2Config)
    i.RCC_PLLCmd                             0x08002460   Section        0  stm32f10x_rcc.o(i.RCC_PLLCmd)
    i.RCC_PLLConfig                          0x0800246c   Section        0  stm32f10x_rcc.o(i.RCC_PLLConfig)
    i.RCC_RTCCLKCmd                          0x08002480   Section        0  stm32f10x_rcc.o(i.RCC_RTCCLKCmd)
    i.RCC_RTCCLKConfig                       0x0800248c   Section        0  stm32f10x_rcc.o(i.RCC_RTCCLKConfig)
    i.RCC_SYSCLKConfig                       0x0800249c   Section        0  stm32f10x_rcc.o(i.RCC_SYSCLKConfig)
    i.RCC_WaitForHSEStartUp                  0x080024b0   Section        0  stm32f10x_rcc.o(i.RCC_WaitForHSEStartUp)
    i.RTCAlarm_IRQHandler                    0x080024dc   Section        0  rtc.o(i.RTCAlarm_IRQHandler)
    i.RTC_ClearITPendingBit                  0x080024e4   Section        0  stm32f10x_rtc.o(i.RTC_ClearITPendingBit)
    i.RTC_Configuration                      0x080024f4   Section        0  rtc.o(i.RTC_Configuration)
    i.RTC_EnterConfigMode                    0x0800254c   Section        0  stm32f10x_rtc.o(i.RTC_EnterConfigMode)
    i.RTC_ExitConfigMode                     0x0800255c   Section        0  stm32f10x_rtc.o(i.RTC_ExitConfigMode)
    i.RTC_Get                                0x0800256c   Section        0  rtc.o(i.RTC_Get)
    i.RTC_GetITStatus                        0x08002648   Section        0  stm32f10x_rtc.o(i.RTC_GetITStatus)
    i.RTC_INIT                               0x08002668   Section        0  rtc.o(i.RTC_INIT)
    i.RTC_IRQHandler                         0x08002754   Section        0  rtc.o(i.RTC_IRQHandler)
    i.RTC_ITConfig                           0x080027d0   Section        0  stm32f10x_rtc.o(i.RTC_ITConfig)
    i.RTC_Set                                0x080027e8   Section        0  rtc.o(i.RTC_Set)
    i.RTC_SetCounter                         0x080028d8   Section        0  stm32f10x_rtc.o(i.RTC_SetCounter)
    i.RTC_SetPrescaler                       0x080028f8   Section        0  stm32f10x_rtc.o(i.RTC_SetPrescaler)
    i.RTC_WaitForLastTask                    0x08002918   Section        0  stm32f10x_rtc.o(i.RTC_WaitForLastTask)
    i.RTC_WaitForSynchro                     0x08002928   Section        0  stm32f10x_rtc.o(i.RTC_WaitForSynchro)
    i.SVC_Handler                            0x08002940   Section        0  stm32f10x_it.o(i.SVC_Handler)
    i.SetSysClockTo72                        0x08002944   Section        0  system_stm32f10x_1.o(i.SetSysClockTo72)
    SetSysClockTo72                          0x08002945   Thumb Code   160  system_stm32f10x_1.o(i.SetSysClockTo72)
    i.SysTick_Handler                        0x080029ec   Section        0  stm32f10x_it.o(i.SysTick_Handler)
    i.SystemInit                             0x08002a10   Section        0  system_stm32f10x_1.o(i.SystemInit)
    i.USART1_Configuration                   0x08002a60   Section        0  uart1pcport.o(i.USART1_Configuration)
    i.USART1_IRQHandler                      0x08002b00   Section        0  uart1pcport.o(i.USART1_IRQHandler)
    i.USART2_Configuration                   0x08002b28   Section        0  uart2gpsport.o(i.USART2_Configuration)
    i.USART2_IRQHandler                      0x08002bc4   Section        0  uart2gpsport.o(i.USART2_IRQHandler)
    i.USART_ClearFlag                        0x08002c04   Section        0  stm32f10x_usart.o(i.USART_ClearFlag)
    i.USART_Cmd                              0x08002c0a   Section        0  stm32f10x_usart.o(i.USART_Cmd)
    i.USART_GetFlagStatus                    0x08002c1e   Section        0  stm32f10x_usart.o(i.USART_GetFlagStatus)
    i.USART_GetITStatus                      0x08002c2c   Section        0  stm32f10x_usart.o(i.USART_GetITStatus)
    i.USART_ITConfig                         0x08002c6a   Section        0  stm32f10x_usart.o(i.USART_ITConfig)
    i.USART_Init                             0x08002c9c   Section        0  stm32f10x_usart.o(i.USART_Init)
    i.USART_ReceiveData                      0x08002d48   Section        0  stm32f10x_usart.o(i.USART_ReceiveData)
    i.USART_SendData                         0x08002d50   Section        0  stm32f10x_usart.o(i.USART_SendData)
    i.Uart1_PutChar                          0x08002d58   Section        0  uart1pcport.o(i.Uart1_PutChar)
    i.Uart2_PutChar                          0x08002d78   Section        0  uart2gpsport.o(i.Uart2_PutChar)
    i.UsageFault_Handler                     0x08002d98   Section        0  stm32f10x_it.o(i.UsageFault_Handler)
    i.__0printf                              0x08002d9c   Section        0  printfa.o(i.__0printf)
    i.__ARM_fpclassify                       0x08002dbc   Section        0  fpclassify.o(i.__ARM_fpclassify)
    i.__ieee754_rem_pio2                     0x08002de4   Section        0  rred.o(i.__ieee754_rem_pio2)
    i.__kernel_cos                           0x0800316c   Section        0  cos_i.o(i.__kernel_cos)
    i.__kernel_poly                          0x08003268   Section        0  poly.o(i.__kernel_poly)
    i.__kernel_sin                           0x08003314   Section        0  sin_i.o(i.__kernel_sin)
    i.__mathlib_dbl_divzero                  0x08003400   Section        0  dunder.o(i.__mathlib_dbl_divzero)
    i.__mathlib_dbl_infnan                   0x08003410   Section        0  dunder.o(i.__mathlib_dbl_infnan)
    i.__mathlib_dbl_infnan2                  0x08003416   Section        0  dunder.o(i.__mathlib_dbl_infnan2)
    i.__mathlib_dbl_invalid                  0x0800341a   Section        0  dunder.o(i.__mathlib_dbl_invalid)
    i.__mathlib_dbl_overflow                 0x08003426   Section        0  dunder.o(i.__mathlib_dbl_overflow)
    i.__mathlib_dbl_underflow                0x08003434   Section        0  dunder.o(i.__mathlib_dbl_underflow)
    i.__scatterload_copy                     0x08003444   Section       14  handlers.o(i.__scatterload_copy)
    i.__scatterload_null                     0x08003452   Section        2  handlers.o(i.__scatterload_null)
    i.__scatterload_zeroinit                 0x08003454   Section       14  handlers.o(i.__scatterload_zeroinit)
    i.__set_errno                            0x08003464   Section        0  errno.o(i.__set_errno)
    i._fp_digits                             0x08003470   Section        0  printfa.o(i._fp_digits)
    _fp_digits                               0x08003471   Thumb Code   334  printfa.o(i._fp_digits)
    i._printf_core                           0x080035d4   Section        0  printfa.o(i._printf_core)
    _printf_core                             0x080035d5   Thumb Code  1744  printfa.o(i._printf_core)
    i._printf_post_padding                   0x08003cb0   Section        0  printfa.o(i._printf_post_padding)
    _printf_post_padding                     0x08003cb1   Thumb Code    36  printfa.o(i._printf_post_padding)
    i._printf_pre_padding                    0x08003cd4   Section        0  printfa.o(i._printf_pre_padding)
    _printf_pre_padding                      0x08003cd5   Thumb Code    46  printfa.o(i._printf_pre_padding)
    i.asin                                   0x08003d04   Section        0  asin.o(i.asin)
    i.cos                                    0x08003f74   Section        0  cos.o(i.cos)
    i.debugMode                              0x08004010   Section        0  gpstask.o(i.debugMode)
    i.enableUBX_NAV_PVT                      0x0800401c   Section        0  gpstask.o(i.enableUBX_NAV_PVT)
    i.fputc                                  0x0800404c   Section        0  uart1pcport.o(i.fputc)
    i.gpsTask                                0x0800405c   Section        0  gpstask.o(i.gpsTask)
    gpsTask                                  0x0800405d   Thumb Code   158  gpstask.o(i.gpsTask)
    i.handerUbxData                          0x08004170   Section        0  gpstask.o(i.handerUbxData)
    i.main                                   0x080041c0   Section        0  main.o(i.main)
    i.parseGpsData                           0x08004200   Section        0  gpstask.o(i.parseGpsData)
    i.pow                                    0x08004218   Section        0  pow.o(i.pow)
    i.printHexToString                       0x08004bd0   Section        0  gpstask.o(i.printHexToString)
    i.rad                                    0x08004c14   Section        0  gmath.o(i.rad)
    i.receivOneFrameData                     0x08004c38   Section        0  uart2gpsport.o(i.receivOneFrameData)
    i.sin                                    0x08004d0c   Section        0  sin.o(i.sin)
    i.sqrt                                   0x08004dac   Section        0  sqrt.o(i.sqrt)
    i.testGPSDemo                            0x08004df8   Section        0  gpstask.o(i.testGPSDemo)
    i.ubxhAcc                                0x08004e4c   Section        0  nmeaparse.o(i.ubxhAcc)
    .constdata                               0x08004e58   Section       32  gpstask.o(.constdata)
    .constdata                               0x08004e78   Section       12  rtc.o(.constdata)
    .constdata                               0x08004e84   Section      256  os_core.o(.constdata)
    .constdata                               0x08004f88   Section       80  asin.o(.constdata)
    pS                                       0x08004f88   Data          48  asin.o(.constdata)
    qS                                       0x08004fb8   Data          32  asin.o(.constdata)
    .constdata                               0x08004fd8   Section      136  pow.o(.constdata)
    bp                                       0x08004fd8   Data          16  pow.o(.constdata)
    dp_h                                     0x08004fe8   Data          16  pow.o(.constdata)
    dp_l                                     0x08004ff8   Data          16  pow.o(.constdata)
    L                                        0x08005008   Data          48  pow.o(.constdata)
    P                                        0x08005038   Data          40  pow.o(.constdata)
    .constdata                               0x08005060   Section       48  cos_i.o(.constdata)
    C                                        0x08005060   Data          48  cos_i.o(.constdata)
    .constdata                               0x08005090   Section        8  qnan.o(.constdata)
    .constdata                               0x08005098   Section      200  rred.o(.constdata)
    pio2s                                    0x08005098   Data          48  rred.o(.constdata)
    twooverpi                                0x080050c8   Data         152  rred.o(.constdata)
    .constdata                               0x08005160   Section       40  sin_i.o(.constdata)
    S                                        0x08005160   Data          40  sin_i.o(.constdata)
    .conststring                             0x08005188   Section      470  gpstask.o(.conststring)
    .conststring                             0x08005360   Section      110  nmeaparse.o(.conststring)
    .data                                    0x20000000   Section        4  main.o(.data)
    .data                                    0x20000008   Section       16  gpstask.o(.data)
    .data                                    0x20000018   Section        8  gpstask.o(.data)
    .data                                    0x20000020   Section       72  nmeaparse.o(.data)
    NMEA_Start                               0x20000020   Data           1  nmeaparse.o(.data)
    NMEA_TypeParsed                          0x20000021   Data           1  nmeaparse.o(.data)
    NMEA_MsgType                             0x20000022   Data           1  nmeaparse.o(.data)
    NMEA_MsgTypeIndex                        0x20000023   Data           1  nmeaparse.o(.data)
    NMEA_MsgBlock                            0x20000024   Data           1  nmeaparse.o(.data)
    NMEA_MsgBlockDatIndex                    0x20000025   Data           1  nmeaparse.o(.data)
    GPS_Parse_Status                         0x20000026   Data           1  nmeaparse.o(.data)
    SateInfoIndex                            0x20000027   Data           1  nmeaparse.o(.data)
    NMEA_MsgTypeBuff                         0x20000028   Data           7  nmeaparse.o(.data)
    pheads                                   0x20000030   Data          56  nmeaparse.o(.data)
    .data                                    0x20000068   Section        2  rtc.o(.data)
    daycnt                                   0x20000068   Data           2  rtc.o(.data)
    .data                                    0x2000006c   Section        4  uart1pcport.o(.data)
    .data                                    0x20000070   Section       12  uart2gpsport.o(.data)
    startNmeaFlag                            0x20000070   Data           1  uart2gpsport.o(.data)
    startUbxFlag                             0x20000071   Data           1  uart2gpsport.o(.data)
    crc_cnt                                  0x20000072   Data           1  uart2gpsport.o(.data)
    dataIndix                                0x20000074   Data           4  uart2gpsport.o(.data)
    .data                                    0x2000007c   Section       20  stm32f10x_rcc.o(.data)
    ADCPrescTable                            0x2000007c   Data           4  stm32f10x_rcc.o(.data)
    APBAHBPrescTable                         0x20000080   Data          16  stm32f10x_rcc.o(.data)
    .data                                    0x20000090   Section       20  system_stm32f10x_1.o(.data)
    .data                                    0x200000a4   Section        2  os_cpu_c.o(.data)
    OSTmrCtr                                 0x200000a4   Data           2  os_cpu_c.o(.data)
    .data                                    0x200000a8   Section       48  os_core.o(.data)
    .data                                    0x200000d8   Section        4  os_core.o(.data)
    .data                                    0x200000dc   Section        4  os_core.o(.data)
    .data                                    0x200000e0   Section        4  os_core.o(.data)
    .data                                    0x200000e4   Section        2  os_core.o(.data)
    .data                                    0x200000e6   Section        2  os_core.o(.data)
    .data                                    0x200000e8   Section        4  os_core.o(.data)
    .data                                    0x200000ec   Section        4  os_core.o(.data)
    .data                                    0x200000f0   Section        4  os_core.o(.data)
    .data                                    0x200000f4   Section        4  os_core.o(.data)
    .data                                    0x200000f8   Section        4  errno.o(.data)
    _errno                                   0x200000f8   Data           4  errno.o(.data)
    .bss                                     0x200000fc   Section      336  main.o(.bss)
    App_TaskStartStk                         0x200000fc   Data         256  main.o(.bss)
    .bss                                     0x20000250   Section     2080  gpstask.o(.bss)
    App_TaskBlinkStk                         0x20000250   Data        2048  gpstask.o(.bss)
    .bss                                     0x20000a70   Section      168  nmeaparse.o(.bss)
    GPS_RMC_Data                             0x20000a70   Data          36  nmeaparse.o(.bss)
    GPS_GGA_Data                             0x20000a94   Data          10  nmeaparse.o(.bss)
    GPS_GSA_Data                             0x20000a9e   Data          29  nmeaparse.o(.bss)
    GPS_GSV_Data                             0x20000abc   Data          74  nmeaparse.o(.bss)
    Parser_CallBack                          0x20000b08   Data          16  nmeaparse.o(.bss)
    .bss                                     0x20000b18   Section       10  rtc.o(.bss)
    .bss                                     0x20000b22   Section      250  uart2gpsport.o(.bss)
    gpsData                                  0x20000b22   Data         200  uart2gpsport.o(.bss)
    ubxData                                  0x20000bea   Data          50  uart2gpsport.o(.bss)
    .bss                                     0x20000c1c   Section     2628  os_core.o(.bss)
    .bss                                     0x20001660   Section       80  os_core.o(.bss)
    .bss                                     0x200016b0   Section      120  os_core.o(.bss)
    .bss                                     0x20001728   Section       96  os_core.o(.bss)
    .bss                                     0x20001788   Section      640  os_core.o(.bss)
    .bss                                     0x20001a08   Section      256  os_core.o(.bss)
    .bss                                     0x20001b08   Section       64  os_core.o(.bss)
    STACK                                    0x20001b48   Section     1024  startup_stm32f10x_md.o(STACK)

    Global Symbols

    Symbol Name                              Value     Ov Type        Size  Object(Section)

    BuildAttributes$$THM_ISAv4$P$D$K$B$S$PE$A:L22UL41UL21$X:L11$S22US41US21$IEEE1$IW$USESV6$~STKCKD$USESV7$~SHL$OTIME$ROPI$IEEEX$EBA8$MICROLIB$REQ8$PRES8$EABIv2 0x00000000   Number         0  anon$$obj.o ABSOLUTE
    __ARM_use_no_argv                        0x00000000   Number         0  main.o ABSOLUTE
    __use_no_errno                           0x00000000   Number         0  useno.o ABSOLUTE
    __use_no_exception_handling              0x00000000   Number         0  useno.o ABSOLUTE
    __use_no_fp                              0x00000000   Number         0  useno.o ABSOLUTE
    __use_no_heap                            0x00000000   Number         0  useno.o ABSOLUTE
    __use_no_heap_region                     0x00000000   Number         0  useno.o ABSOLUTE
    __use_no_semihosting                     0x00000000   Number         0  useno.o ABSOLUTE
    __use_no_semihosting_swi                 0x00000000   Number         0  useno.o ABSOLUTE
    __use_no_signal_handling                 0x00000000   Number         0  useno.o ABSOLUTE
    _printf_a                                0x00000000   Number         0  stubs.o ABSOLUTE
    _printf_c                                0x00000000   Number         0  stubs.o ABSOLUTE
    _printf_charcount                        0x00000000   Number         0  stubs.o ABSOLUTE
    _printf_d                                0x00000000   Number         0  stubs.o ABSOLUTE
    _printf_e                                0x00000000   Number         0  stubs.o ABSOLUTE
    _printf_f                                0x00000000   Number         0  stubs.o ABSOLUTE
    _printf_flags                            0x00000000   Number         0  stubs.o ABSOLUTE
    _printf_fp_dec                           0x00000000   Number         0  stubs.o ABSOLUTE
    _printf_fp_hex                           0x00000000   Number         0  stubs.o ABSOLUTE
    _printf_g                                0x00000000   Number         0  stubs.o ABSOLUTE
    _printf_i                                0x00000000   Number         0  stubs.o ABSOLUTE
    _printf_int_dec                          0x00000000   Number         0  stubs.o ABSOLUTE
    _printf_l                                0x00000000   Number         0  stubs.o ABSOLUTE
    _printf_lc                               0x00000000   Number         0  stubs.o ABSOLUTE
    _printf_ll                               0x00000000   Number         0  stubs.o ABSOLUTE
    _printf_lld                              0x00000000   Number         0  stubs.o ABSOLUTE
    _printf_lli                              0x00000000   Number         0  stubs.o ABSOLUTE
    _printf_llo                              0x00000000   Number         0  stubs.o ABSOLUTE
    _printf_llu                              0x00000000   Number         0  stubs.o ABSOLUTE
    _printf_llx                              0x00000000   Number         0  stubs.o ABSOLUTE
    _printf_longlong_dec                     0x00000000   Number         0  stubs.o ABSOLUTE
    _printf_longlong_hex                     0x00000000   Number         0  stubs.o ABSOLUTE
    _printf_longlong_oct                     0x00000000   Number         0  stubs.o ABSOLUTE
    _printf_ls                               0x00000000   Number         0  stubs.o ABSOLUTE
    _printf_mbtowc                           0x00000000   Number         0  stubs.o ABSOLUTE
    _printf_n                                0x00000000   Number         0  stubs.o ABSOLUTE
    _printf_o                                0x00000000   Number         0  stubs.o ABSOLUTE
    _printf_p                                0x00000000   Number         0  stubs.o ABSOLUTE
    _printf_percent                          0x00000000   Number         0  stubs.o ABSOLUTE
    _printf_pre_padding                      0x00000000   Number         0  stubs.o ABSOLUTE
    _printf_return_value                     0x00000000   Number         0  stubs.o ABSOLUTE
    _printf_s                                0x00000000   Number         0  stubs.o ABSOLUTE
    _printf_sizespec                         0x00000000   Number         0  stubs.o ABSOLUTE
    _printf_str                              0x00000000   Number         0  stubs.o ABSOLUTE
    _printf_truncate_signed                  0x00000000   Number         0  stubs.o ABSOLUTE
    _printf_truncate_unsigned                0x00000000   Number         0  stubs.o ABSOLUTE
    _printf_u                                0x00000000   Number         0  stubs.o ABSOLUTE
    _printf_wc                               0x00000000   Number         0  stubs.o ABSOLUTE
    _printf_wctomb                           0x00000000   Number         0  stubs.o ABSOLUTE
    _printf_widthprec                        0x00000000   Number         0  stubs.o ABSOLUTE
    _printf_x                                0x00000000   Number         0  stubs.o ABSOLUTE
    __cpp_initialize__aeabi_                  - Undefined Weak Reference
    __cxa_finalize                            - Undefined Weak Reference
    __decompress                              - Undefined Weak Reference
    _clock_init                               - Undefined Weak Reference
    _microlib_exit                            - Undefined Weak Reference
    __Vectors_Size                           0x000000ec   Number         0  startup_stm32f10x_md.o ABSOLUTE
    __Vectors                                0x08000000   Data           4  startup_stm32f10x_md.o(RESET)
    __Vectors_End                            0x080000ec   Data           0  startup_stm32f10x_md.o(RESET)
    __main                                   0x080000ed   Thumb Code     0  entry.o(.ARM.Collect$$$$00000000)
    _main_stk                                0x080000ed   Thumb Code     0  entry2.o(.ARM.Collect$$$$00000001)
    _main_scatterload                        0x080000f1   Thumb Code     0  entry5.o(.ARM.Collect$$$$00000004)
    __main_after_scatterload                 0x080000f5   Thumb Code     0  entry5.o(.ARM.Collect$$$$00000004)
    _main_clock                              0x080000f5   Thumb Code     0  entry7b.o(.ARM.Collect$$$$00000008)
    _main_cpp_init                           0x080000f5   Thumb Code     0  entry8b.o(.ARM.Collect$$$$0000000A)
    _main_init                               0x080000f5   Thumb Code     0  entry9a.o(.ARM.Collect$$$$0000000B)
    __rt_final_cpp                           0x080000fd   Thumb Code     0  entry10a.o(.ARM.Collect$$$$0000000D)
    __rt_final_exit                          0x080000fd   Thumb Code     0  entry11a.o(.ARM.Collect$$$$0000000F)
    Reset_Handler                            0x08000101   Thumb Code     8  startup_stm32f10x_md.o(.text)
    ADC1_2_IRQHandler                        0x0800011b   Thumb Code     0  startup_stm32f10x_md.o(.text)
    CAN1_RX1_IRQHandler                      0x0800011b   Thumb Code     0  startup_stm32f10x_md.o(.text)
    CAN1_SCE_IRQHandler                      0x0800011b   Thumb Code     0  startup_stm32f10x_md.o(.text)
    DMA1_Channel1_IRQHandler                 0x0800011b   Thumb Code     0  startup_stm32f10x_md.o(.text)
    DMA1_Channel2_IRQHandler                 0x0800011b   Thumb Code     0  startup_stm32f10x_md.o(.text)
    DMA1_Channel3_IRQHandler                 0x0800011b   Thumb Code     0  startup_stm32f10x_md.o(.text)
    DMA1_Channel4_IRQHandler                 0x0800011b   Thumb Code     0  startup_stm32f10x_md.o(.text)
    DMA1_Channel5_IRQHandler                 0x0800011b   Thumb Code     0  startup_stm32f10x_md.o(.text)
    DMA1_Channel6_IRQHandler                 0x0800011b   Thumb Code     0  startup_stm32f10x_md.o(.text)
    DMA1_Channel7_IRQHandler                 0x0800011b   Thumb Code     0  startup_stm32f10x_md.o(.text)
    EXTI0_IRQHandler                         0x0800011b   Thumb Code     0  startup_stm32f10x_md.o(.text)
    EXTI15_10_IRQHandler                     0x0800011b   Thumb Code     0  startup_stm32f10x_md.o(.text)
    EXTI1_IRQHandler                         0x0800011b   Thumb Code     0  startup_stm32f10x_md.o(.text)
    EXTI2_IRQHandler                         0x0800011b   Thumb Code     0  startup_stm32f10x_md.o(.text)
    EXTI3_IRQHandler                         0x0800011b   Thumb Code     0  startup_stm32f10x_md.o(.text)
    EXTI4_IRQHandler                         0x0800011b   Thumb Code     0  startup_stm32f10x_md.o(.text)
    EXTI9_5_IRQHandler                       0x0800011b   Thumb Code     0  startup_stm32f10x_md.o(.text)
    FLASH_IRQHandler                         0x0800011b   Thumb Code     0  startup_stm32f10x_md.o(.text)
    I2C1_ER_IRQHandler                       0x0800011b   Thumb Code     0  startup_stm32f10x_md.o(.text)
    I2C1_EV_IRQHandler                       0x0800011b   Thumb Code     0  startup_stm32f10x_md.o(.text)
    I2C2_ER_IRQHandler                       0x0800011b   Thumb Code     0  startup_stm32f10x_md.o(.text)
    I2C2_EV_IRQHandler                       0x0800011b   Thumb Code     0  startup_stm32f10x_md.o(.text)
    PVD_IRQHandler                           0x0800011b   Thumb Code     0  startup_stm32f10x_md.o(.text)
    RCC_IRQHandler                           0x0800011b   Thumb Code     0  startup_stm32f10x_md.o(.text)
    SPI1_IRQHandler                          0x0800011b   Thumb Code     0  startup_stm32f10x_md.o(.text)
    SPI2_IRQHandler                          0x0800011b   Thumb Code     0  startup_stm32f10x_md.o(.text)
    TAMPER_IRQHandler                        0x0800011b   Thumb Code     0  startup_stm32f10x_md.o(.text)
    TIM1_BRK_IRQHandler                      0x0800011b   Thumb Code     0  startup_stm32f10x_md.o(.text)
    TIM1_CC_IRQHandler                       0x0800011b   Thumb Code     0  startup_stm32f10x_md.o(.text)
    TIM1_TRG_COM_IRQHandler                  0x0800011b   Thumb Code     0  startup_stm32f10x_md.o(.text)
    TIM1_UP_IRQHandler                       0x0800011b   Thumb Code     0  startup_stm32f10x_md.o(.text)
    TIM2_IRQHandler                          0x0800011b   Thumb Code     0  startup_stm32f10x_md.o(.text)
    TIM3_IRQHandler                          0x0800011b   Thumb Code     0  startup_stm32f10x_md.o(.text)
    TIM4_IRQHandler                          0x0800011b   Thumb Code     0  startup_stm32f10x_md.o(.text)
    USART3_IRQHandler                        0x0800011b   Thumb Code     0  startup_stm32f10x_md.o(.text)
    USBWakeUp_IRQHandler                     0x0800011b   Thumb Code     0  startup_stm32f10x_md.o(.text)
    USB_HP_CAN1_TX_IRQHandler                0x0800011b   Thumb Code     0  startup_stm32f10x_md.o(.text)
    USB_LP_CAN1_RX0_IRQHandler               0x0800011b   Thumb Code     0  startup_stm32f10x_md.o(.text)
    WWDG_IRQHandler                          0x0800011b   Thumb Code     0  startup_stm32f10x_md.o(.text)
    OS_CPU_SR_Save                           0x08000125   Thumb Code     0  os_cpu_a.o(.text)
    OS_CPU_SR_Restore                        0x0800012d   Thumb Code     0  os_cpu_a.o(.text)
    OSStartHighRdy                           0x08000133   Thumb Code     0  os_cpu_a.o(.text)
    OSCtxSw                                  0x08000153   Thumb Code     0  os_cpu_a.o(.text)
    OSIntCtxSw                               0x0800015d   Thumb Code     0  os_cpu_a.o(.text)
    PendSV_Handler                           0x08000167   Thumb Code     0  os_cpu_a.o(.text)
    CPU_IntDis                               0x080001c9   Thumb Code     0  cpu_a.o(.text)
    CPU_IntEn                                0x080001cd   Thumb Code     0  cpu_a.o(.text)
    CPU_SR_Save                              0x080001d1   Thumb Code     0  cpu_a.o(.text)
    CPU_SR_Restore                           0x080001d9   Thumb Code     0  cpu_a.o(.text)
    CPU_CntLeadZeros                         0x080001df   Thumb Code     0  cpu_a.o(.text)
    CPU_RevBits                              0x080001e5   Thumb Code     0  cpu_a.o(.text)
    CPU_WaitForInt                           0x080001eb   Thumb Code     0  cpu_a.o(.text)
    CPU_WaitForExcept                        0x080001ef   Thumb Code     0  cpu_a.o(.text)
    __aeabi_memcpy                           0x080001f3   Thumb Code    36  memcpya.o(.text)
    __aeabi_memcpy4                          0x080001f3   Thumb Code     0  memcpya.o(.text)
    __aeabi_memcpy8                          0x080001f3   Thumb Code     0  memcpya.o(.text)
    strlen                                   0x08000217   Thumb Code    14  strlen.o(.text)
    __aeabi_dadd                             0x08000225   Thumb Code   322  dadd.o(.text)
    __aeabi_dsub                             0x08000367   Thumb Code     6  dadd.o(.text)
    __aeabi_drsub                            0x0800036d   Thumb Code     6  dadd.o(.text)
    __aeabi_dmul                             0x08000373   Thumb Code   228  dmul.o(.text)
    __aeabi_ddiv                             0x08000457   Thumb Code   222  ddiv.o(.text)
    __ARM_scalbn                             0x08000535   Thumb Code    46  dscalb.o(.text)
    scalbn                                   0x08000535   Thumb Code     0  dscalb.o(.text)
    __aeabi_i2d                              0x08000563   Thumb Code    34  dflti.o(.text)
    __aeabi_ui2d                             0x08000585   Thumb Code    26  dfltui.o(.text)
    __aeabi_d2iz                             0x0800059f   Thumb Code    62  dfixi.o(.text)
    __aeabi_cdcmpeq                          0x080005dd   Thumb Code     0  cdcmple.o(.text)
    __aeabi_cdcmple                          0x080005dd   Thumb Code    48  cdcmple.o(.text)
    __aeabi_cdrcmple                         0x0800060d   Thumb Code    48  cdrcmple.o(.text)
    __aeabi_uidiv                            0x0800063d   Thumb Code     0  uidiv.o(.text)
    __aeabi_uidivmod                         0x0800063d   Thumb Code    44  uidiv.o(.text)
    __aeabi_uldivmod                         0x08000669   Thumb Code    98  uldiv.o(.text)
    __aeabi_llsl                             0x080006cb   Thumb Code    30  llshl.o(.text)
    _ll_shift_l                              0x080006cb   Thumb Code     0  llshl.o(.text)
    __aeabi_llsr                             0x080006e9   Thumb Code    32  llushr.o(.text)
    _ll_ushift_r                             0x080006e9   Thumb Code     0  llushr.o(.text)
    __aeabi_lasr                             0x08000709   Thumb Code    36  llsshr.o(.text)
    _ll_sshift_r                             0x08000709   Thumb Code     0  llsshr.o(.text)
    __I$use$fp                               0x0800072d   Thumb Code     0  iusefp.o(.text)
    _double_round                            0x0800072d   Thumb Code    30  depilogue.o(.text)
    _double_epilogue                         0x0800074b   Thumb Code   156  depilogue.o(.text)
    _dsqrt                                   0x080007e7   Thumb Code   162  dsqrt.o(.text)
    __aeabi_d2ulz                            0x08000889   Thumb Code    48  dfixul.o(.text)
    __scatterload                            0x080008b9   Thumb Code    28  init.o(.text)
    __scatterload_rt2                        0x080008b9   Thumb Code     0  init.o(.text)
    App_GPS_TaskCreate                       0x080008dd   Thumb Code    12  gpstask.o(i.App_GPS_TaskCreate)
    App_TCBInitHook                          0x080008f1   Thumb Code     2  os_apphooks.o(i.App_TCBInitHook)
    App_TaskCreateHook                       0x080008f3   Thumb Code     2  os_apphooks.o(i.App_TaskCreateHook)
    App_TaskIdleHook                         0x080008f5   Thumb Code     2  os_apphooks.o(i.App_TaskIdleHook)
    App_TaskSwHook                           0x08000975   Thumb Code     2  os_apphooks.o(i.App_TaskSwHook)
    App_TimeTickHook                         0x08000977   Thumb Code     2  os_apphooks.o(i.App_TimeTickHook)
    BKP_DeInit                               0x08000979   Thumb Code    18  stm32f10x_bkp.o(i.BKP_DeInit)
    BKP_ReadBackupRegister                   0x0800098d   Thumb Code    12  stm32f10x_bkp.o(i.BKP_ReadBackupRegister)
    BKP_WriteBackupRegister                  0x0800099d   Thumb Code    12  stm32f10x_bkp.o(i.BKP_WriteBackupRegister)
    BuildMQ                                  0x080009ad   Thumb Code    16  main.o(i.BuildMQ)
    BusFault_Handler                         0x080009c5   Thumb Code     2  stm32f10x_it.o(i.BusFault_Handler)
    DebugMon_Handler                         0x080009c7   Thumb Code     2  stm32f10x_it.o(i.DebugMon_Handler)
    EXTI_ClearITPendingBit                   0x080009c9   Thumb Code     6  stm32f10x_exti.o(i.EXTI_ClearITPendingBit)
    GPIO_Init                                0x080009d5   Thumb Code   156  stm32f10x_gpio.o(i.GPIO_Init)
    GPIO_ResetBits                           0x08000a71   Thumb Code     4  stm32f10x_gpio.o(i.GPIO_ResetBits)
    GPIO_SetBits                             0x08000a75   Thumb Code     4  stm32f10x_gpio.o(i.GPIO_SetBits)
    GPS_Parser                               0x08000a79   Thumb Code   278  nmeaparse.o(i.GPS_Parser)
    GetDistance                              0x08000b99   Thumb Code   260  gmath.o(i.GetDistance)
    HardFault_Handler                        0x08000ccd   Thumb Code     2  stm32f10x_it.o(i.HardFault_Handler)
    Is_Leap_Year                             0x08000ccf   Thumb Code    38  rtc.o(i.Is_Leap_Year)
    MemManage_Handler                        0x08000cf5   Thumb Code     2  stm32f10x_it.o(i.MemManage_Handler)
    NMI_Handler                              0x08000cf7   Thumb Code     2  stm32f10x_it.o(i.NMI_Handler)
    NVIC_Configuration                       0x08000cf9   Thumb Code    66  main.o(i.NVIC_Configuration)
    NVIC_Configuration_RTC                   0x08000d3b   Thumb Code    40  rtc.o(i.NVIC_Configuration_RTC)
    NVIC_Init                                0x08000d65   Thumb Code    94  misc.o(i.NVIC_Init)
    NVIC_PriorityGroupConfig                 0x08000dc9   Thumb Code    10  misc.o(i.NVIC_PriorityGroupConfig)
    NVIC_SetVectorTable                      0x08000ddd   Thumb Code    12  misc.o(i.NVIC_SetVectorTable)
    OSDebugInit                              0x08000df1   Thumb Code     2  os_dbg.o(i.OSDebugInit)
    OSEventNameSet                           0x08000df5   Thumb Code    70  os_core.o(i.OSEventNameSet)
    OSInit                                   0x08000e41   Thumb Code   122  os_core.o(i.OSInit)
    OSInitHookBegin                          0x08000ec9   Thumb Code     8  os_cpu_c.o(i.OSInitHookBegin)
    OSInitHookEnd                            0x08000ed5   Thumb Code     2  os_cpu_c.o(i.OSInitHookEnd)
    OSIntExit                                0x08000ed9   Thumb Code    82  os_core.o(i.OSIntExit)
    OSQCreate                                0x08000f35   Thumb Code   114  os_q.o(i.OSQCreate)
    OSQPend                                  0x08000fb9   Thumb Code   214  os_q.o(i.OSQPend)
    OSQPost                                  0x0800109d   Thumb Code   112  os_q.o(i.OSQPost)
    OSSchedLock                              0x0800110d   Thumb Code    38  os_core.o(i.OSSchedLock)
    OSSchedUnlock                            0x08001139   Thumb Code    54  os_core.o(i.OSSchedUnlock)
    OSSemCreate                              0x08001175   Thumb Code    58  os_sem.o(i.OSSemCreate)
    OSSemPend                                0x080011bd   Thumb Code   182  os_sem.o(i.OSSemPend)
    OSSemPost                                0x08001281   Thumb Code    88  os_sem.o(i.OSSemPost)
    OSStart                                  0x080012d9   Thumb Code    38  os_core.o(i.OSStart)
    OSTCBInitHook                            0x08001309   Thumb Code     4  os_cpu_c.o(i.OSTCBInitHook)
    OSTaskCreate                             0x0800130d   Thumb Code   132  os_task.o(i.OSTaskCreate)
    OSTaskCreateExt                          0x0800139d   Thumb Code   152  os_task.o(i.OSTaskCreateExt)
    OSTaskCreateHook                         0x08001441   Thumb Code     4  os_cpu_c.o(i.OSTaskCreateHook)
    OSTaskIdleHook                           0x08001445   Thumb Code     4  os_cpu_c.o(i.OSTaskIdleHook)
    OSTaskStkInit                            0x08001449   Thumb Code   114  os_cpu_c.o(i.OSTaskStkInit)
    OSTaskSwHook                             0x080014bb   Thumb Code     4  os_cpu_c.o(i.OSTaskSwHook)
    OSTimeDly                                0x080014c1   Thumb Code    82  os_time.o(i.OSTimeDly)
    OSTimeDlyHMSM                            0x08001529   Thumb Code   108  os_time.o(i.OSTimeDlyHMSM)
    OSTimeTick                               0x0800159d   Thumb Code   154  os_core.o(i.OSTimeTick)
    OSTimeTickHook                           0x0800163d   Thumb Code    34  os_cpu_c.o(i.OSTimeTickHook)
    OSTmrSignal                              0x08001665   Thumb Code     8  os_tmr.o(i.OSTmrSignal)
    OSTmr_Init                               0x08001671   Thumb Code   184  os_tmr.o(i.OSTmr_Init)
    OS_CPU_SysTickInit                       0x08001881   Thumb Code    48  os_cpu_c.o(i.OS_CPU_SysTickInit)
    OS_EventTaskRdy                          0x080018b9   Thumb Code   102  os_core.o(i.OS_EventTaskRdy)
    OS_EventTaskRemove                       0x0800192d   Thumb Code    32  os_core.o(i.OS_EventTaskRemove)
    OS_EventTaskRemoveMulti                  0x0800194d   Thumb Code    40  os_core.o(i.OS_EventTaskRemoveMulti)
    OS_EventTaskWait                         0x08001975   Thumb Code    68  os_core.o(i.OS_EventTaskWait)
    OS_EventWaitListInit                     0x080019bd   Thumb Code    20  os_core.o(i.OS_EventWaitListInit)
    OS_FlagInit                              0x080019d1   Thumb Code    60  os_flag.o(i.OS_FlagInit)
    OS_MemClr                                0x08001ad5   Thumb Code    18  os_core.o(i.OS_MemClr)
    OS_MemInit                               0x08001ae9   Thumb Code    62  os_mem.o(i.OS_MemInit)
    OS_QInit                                 0x08001b35   Thumb Code    58  os_q.o(i.OS_QInit)
    OS_Sched                                 0x08001b79   Thumb Code    64  os_core.o(i.OS_Sched)
    OS_TCBInit                               0x08001be1   Thumb Code   220  os_core.o(i.OS_TCBInit)
    OS_TaskIdle                              0x08001cc5   Thumb Code    22  os_core.o(i.OS_TaskIdle)
    OS_TaskStkClr                            0x08001ce1   Thumb Code    22  os_task.o(i.OS_TaskStkClr)
    PWR_BackupAccessCmd                      0x08001cf9   Thumb Code     6  stm32f10x_pwr.o(i.PWR_BackupAccessCmd)
    RCC_APB1PeriphClockCmd                   0x0800222d   Thumb Code    18  stm32f10x_rcc.o(i.RCC_APB1PeriphClockCmd)
    RCC_APB2PeriphClockCmd                   0x08002245   Thumb Code    18  stm32f10x_rcc.o(i.RCC_APB2PeriphClockCmd)
    RCC_BackupResetCmd                       0x0800225d   Thumb Code     6  stm32f10x_rcc.o(i.RCC_BackupResetCmd)
    RCC_Configuration                        0x08002269   Thumb Code    84  main.o(i.RCC_Configuration)
    RCC_DeInit                               0x080022bd   Thumb Code    50  stm32f10x_rcc.o(i.RCC_DeInit)
    RCC_GetClocksFreq                        0x080022fd   Thumb Code   132  stm32f10x_rcc.o(i.RCC_GetClocksFreq)
    RCC_GetFlagStatus                        0x08002391   Thumb Code    42  stm32f10x_rcc.o(i.RCC_GetFlagStatus)
    RCC_GetSYSCLKSource                      0x080023c1   Thumb Code    10  stm32f10x_rcc.o(i.RCC_GetSYSCLKSource)
    RCC_HCLKConfig                           0x080023d1   Thumb Code    14  stm32f10x_rcc.o(i.RCC_HCLKConfig)
    RCC_HSEConfig                            0x080023e5   Thumb Code    48  stm32f10x_rcc.o(i.RCC_HSEConfig)
    RCC_LSEConfig                            0x08002419   Thumb Code    28  stm32f10x_rcc.o(i.RCC_LSEConfig)
    RCC_PCLK1Config                          0x08002439   Thumb Code    14  stm32f10x_rcc.o(i.RCC_PCLK1Config)
    RCC_PCLK2Config                          0x0800244d   Thumb Code    16  stm32f10x_rcc.o(i.RCC_PCLK2Config)
    RCC_PLLCmd                               0x08002461   Thumb Code     6  stm32f10x_rcc.o(i.RCC_PLLCmd)
    RCC_PLLConfig                            0x0800246d   Thumb Code    16  stm32f10x_rcc.o(i.RCC_PLLConfig)
    RCC_RTCCLKCmd                            0x08002481   Thumb Code     6  stm32f10x_rcc.o(i.RCC_RTCCLKCmd)
    RCC_RTCCLKConfig                         0x0800248d   Thumb Code    10  stm32f10x_rcc.o(i.RCC_RTCCLKConfig)
    RCC_SYSCLKConfig                         0x0800249d   Thumb Code    14  stm32f10x_rcc.o(i.RCC_SYSCLKConfig)
    RCC_WaitForHSEStartUp                    0x080024b1   Thumb Code    44  stm32f10x_rcc.o(i.RCC_WaitForHSEStartUp)
    RTCAlarm_IRQHandler                      0x080024dd   Thumb Code     8  rtc.o(i.RTCAlarm_IRQHandler)
    RTC_ClearITPendingBit                    0x080024e5   Thumb Code    10  stm32f10x_rtc.o(i.RTC_ClearITPendingBit)
    RTC_Configuration                        0x080024f5   Thumb Code    88  rtc.o(i.RTC_Configuration)
    RTC_EnterConfigMode                      0x0800254d   Thumb Code    12  stm32f10x_rtc.o(i.RTC_EnterConfigMode)
    RTC_ExitConfigMode                       0x0800255d   Thumb Code    12  stm32f10x_rtc.o(i.RTC_ExitConfigMode)
    RTC_Get                                  0x0800256d   Thumb Code   198  rtc.o(i.RTC_Get)
    RTC_GetITStatus                          0x08002649   Thumb Code    28  stm32f10x_rtc.o(i.RTC_GetITStatus)
    RTC_INIT                                 0x08002669   Thumb Code   112  rtc.o(i.RTC_INIT)
    RTC_IRQHandler                           0x08002755   Thumb Code    82  rtc.o(i.RTC_IRQHandler)
    RTC_ITConfig                             0x080027d1   Thumb Code    18  stm32f10x_rtc.o(i.RTC_ITConfig)
    RTC_Set                                  0x080027e9   Thumb Code   200  rtc.o(i.RTC_Set)
    RTC_SetCounter                           0x080028d9   Thumb Code    26  stm32f10x_rtc.o(i.RTC_SetCounter)
    RTC_SetPrescaler                         0x080028f9   Thumb Code    28  stm32f10x_rtc.o(i.RTC_SetPrescaler)
    RTC_WaitForLastTask                      0x08002919   Thumb Code    10  stm32f10x_rtc.o(i.RTC_WaitForLastTask)
    RTC_WaitForSynchro                       0x08002929   Thumb Code    18  stm32f10x_rtc.o(i.RTC_WaitForSynchro)
    SVC_Handler                              0x08002941   Thumb Code     2  stm32f10x_it.o(i.SVC_Handler)
    SysTick_Handler                          0x080029ed   Thumb Code    30  stm32f10x_it.o(i.SysTick_Handler)
    SystemInit                               0x08002a11   Thumb Code    64  system_stm32f10x_1.o(i.SystemInit)
    USART1_Configuration                     0x08002a61   Thumb Code   150  uart1pcport.o(i.USART1_Configuration)
    USART1_IRQHandler                        0x08002b01   Thumb Code    36  uart1pcport.o(i.USART1_IRQHandler)
    USART2_Configuration                     0x08002b29   Thumb Code   146  uart2gpsport.o(i.USART2_Configuration)
    USART2_IRQHandler                        0x08002bc5   Thumb Code    58  uart2gpsport.o(i.USART2_IRQHandler)
    USART_ClearFlag                          0x08002c05   Thumb Code     6  stm32f10x_usart.o(i.USART_ClearFlag)
    USART_Cmd                                0x08002c0b   Thumb Code    20  stm32f10x_usart.o(i.USART_Cmd)
    USART_GetFlagStatus                      0x08002c1f   Thumb Code    14  stm32f10x_usart.o(i.USART_GetFlagStatus)
    USART_GetITStatus                        0x08002c2d   Thumb Code    62  stm32f10x_usart.o(i.USART_GetITStatus)
    USART_ITConfig                           0x08002c6b   Thumb Code    48  stm32f10x_usart.o(i.USART_ITConfig)
    USART_Init                               0x08002c9d   Thumb Code   166  stm32f10x_usart.o(i.USART_Init)
    USART_ReceiveData                        0x08002d49   Thumb Code     8  stm32f10x_usart.o(i.USART_ReceiveData)
    USART_SendData                           0x08002d51   Thumb Code     8  stm32f10x_usart.o(i.USART_SendData)
    Uart1_PutChar                            0x08002d59   Thumb Code    26  uart1pcport.o(i.Uart1_PutChar)
    Uart2_PutChar                            0x08002d79   Thumb Code    26  uart2gpsport.o(i.Uart2_PutChar)
    UsageFault_Handler                       0x08002d99   Thumb Code     2  stm32f10x_it.o(i.UsageFault_Handler)
    __0printf                                0x08002d9d   Thumb Code    22  printfa.o(i.__0printf)
    __1printf                                0x08002d9d   Thumb Code     0  printfa.o(i.__0printf)
    __2printf                                0x08002d9d   Thumb Code     0  printfa.o(i.__0printf)
    __c89printf                              0x08002d9d   Thumb Code     0  printfa.o(i.__0printf)
    printf                                   0x08002d9d   Thumb Code     0  printfa.o(i.__0printf)
    __ARM_fpclassify                         0x08002dbd   Thumb Code    40  fpclassify.o(i.__ARM_fpclassify)
    __ieee754_rem_pio2                       0x08002de5   Thumb Code   828  rred.o(i.__ieee754_rem_pio2)
    __kernel_cos                             0x0800316d   Thumb Code   230  cos_i.o(i.__kernel_cos)
    __kernel_poly                            0x08003269   Thumb Code   170  poly.o(i.__kernel_poly)
    __kernel_sin                             0x08003315   Thumb Code   224  sin_i.o(i.__kernel_sin)
    __mathlib_dbl_divzero                    0x08003401   Thumb Code    12  dunder.o(i.__mathlib_dbl_divzero)
    __mathlib_dbl_infnan                     0x08003411   Thumb Code     6  dunder.o(i.__mathlib_dbl_infnan)
    __mathlib_dbl_infnan2                    0x08003417   Thumb Code     4  dunder.o(i.__mathlib_dbl_infnan2)
    __mathlib_dbl_invalid                    0x0800341b   Thumb Code    12  dunder.o(i.__mathlib_dbl_invalid)
    __mathlib_dbl_overflow                   0x08003427   Thumb Code    14  dunder.o(i.__mathlib_dbl_overflow)
    __mathlib_dbl_underflow                  0x08003435   Thumb Code    10  dunder.o(i.__mathlib_dbl_underflow)
    __scatterload_copy                       0x08003445   Thumb Code    14  handlers.o(i.__scatterload_copy)
    __scatterload_null                       0x08003453   Thumb Code     2  handlers.o(i.__scatterload_null)
    __scatterload_zeroinit                   0x08003455   Thumb Code    14  handlers.o(i.__scatterload_zeroinit)
    __set_errno                              0x08003465   Thumb Code     6  errno.o(i.__set_errno)
    asin                                     0x08003d05   Thumb Code   572  asin.o(i.asin)
    cos                                      0x08003f75   Thumb Code   148  cos.o(i.cos)
    debugMode                                0x08004011   Thumb Code    10  gpstask.o(i.debugMode)
    enableUBX_NAV_PVT                        0x0800401d   Thumb Code    30  gpstask.o(i.enableUBX_NAV_PVT)
    fputc                                    0x0800404d   Thumb Code    16  uart1pcport.o(i.fputc)
    handerUbxData                            0x08004171   Thumb Code    60  gpstask.o(i.handerUbxData)
    main                                     0x080041c1   Thumb Code    56  main.o(i.main)
    parseGpsData                             0x08004201   Thumb Code    24  gpstask.o(i.parseGpsData)
    pow                                      0x08004219   Thumb Code  2478  pow.o(i.pow)
    printHexToString                         0x08004bd1   Thumb Code    54  gpstask.o(i.printHexToString)
    rad                                      0x08004c15   Thumb Code    22  gmath.o(i.rad)
    receivOneFrameData                       0x08004c39   Thumb Code   194  uart2gpsport.o(i.receivOneFrameData)
    sin                                      0x08004d0d   Thumb Code   150  sin.o(i.sin)
    sqrt                                     0x08004dad   Thumb Code    76  sqrt.o(i.sqrt)
    testGPSDemo                              0x08004df9   Thumb Code    56  gpstask.o(i.testGPSDemo)
    ubxhAcc                                  0x08004e4d   Thumb Code    12  nmeaparse.o(i.ubxhAcc)
    mon_table                                0x08004e78   Data          12  rtc.o(.constdata)
    OSUnMapTbl                               0x08004e84   Data         256  os_core.o(.constdata)
    __mathlib_zero                           0x08005090   Data           8  qnan.o(.constdata)
    Region$$Table$$Base                      0x080053d0   Number         0  anon$$obj.o(Region$$Table)
    Region$$Table$$Limit                     0x080053f0   Number         0  anon$$obj.o(Region$$Table)
    g_MesgQ                                  0x20000000   Data           4  main.o(.data)
    g_Mode                                   0x20000008   Data           1  gpstask.o(.data)
    dst                                      0x20000010   Data           8  gpstask.o(.data)
    gpsDataMQ                                0x20000018   Data           8  gpstask.o(.data)
    __stdout                                 0x2000006c   Data           4  uart1pcport.o(.data)
    flag                                     0x20000073   Data           1  uart2gpsport.o(.data)
    g_gpsData_ptr                            0x20000078   Data           4  uart2gpsport.o(.data)
    SystemCoreClock                          0x20000090   Data           4  system_stm32f10x_1.o(.data)
    AHBPrescTable                            0x20000094   Data          16  system_stm32f10x_1.o(.data)
    OSIntNesting                             0x200000a8   Data           1  os_core.o(.data)
    OSLockNesting                            0x200000a9   Data           1  os_core.o(.data)
    OSPrioCur                                0x200000aa   Data           1  os_core.o(.data)
    OSPrioHighRdy                            0x200000ab   Data           1  os_core.o(.data)
    OSRdyGrp                                 0x200000ac   Data           1  os_core.o(.data)
    OSRunning                                0x200000ad   Data           1  os_core.o(.data)
    OSTaskCtr                                0x200000ae   Data           1  os_core.o(.data)
    OSTickStepState                          0x200000af   Data           1  os_core.o(.data)
    OSCtxSwCtr                               0x200000b0   Data           4  os_core.o(.data)
    OSEventFreeList                          0x200000b4   Data           4  os_core.o(.data)
    OSIdleCtr                                0x200000b8   Data           4  os_core.o(.data)
    OSTCBCur                                 0x200000bc   Data           4  os_core.o(.data)
    OSTCBFreeList                            0x200000c0   Data           4  os_core.o(.data)
    OSTCBHighRdy                             0x200000c4   Data           4  os_core.o(.data)
    OSTCBList                                0x200000c8   Data           4  os_core.o(.data)
    OSTime                                   0x200000cc   Data           4  os_core.o(.data)
    OSRdyTbl                                 0x200000d0   Data           8  os_core.o(.data)
    OSFlagFreeList                           0x200000d8   Data           4  os_core.o(.data)
    OSMemFreeList                            0x200000dc   Data           4  os_core.o(.data)
    OSQFreeList                              0x200000e0   Data           4  os_core.o(.data)
    OSTmrFree                                0x200000e4   Data           2  os_core.o(.data)
    OSTmrUsed                                0x200000e6   Data           2  os_core.o(.data)
    OSTmrTime                                0x200000e8   Data           4  os_core.o(.data)
    OSTmrSem                                 0x200000ec   Data           4  os_core.o(.data)
    OSTmrSemSignal                           0x200000f0   Data           4  os_core.o(.data)
    OSTmrFreeList                            0x200000f4   Data           4  os_core.o(.data)
    g_mesgqtbl                               0x200001fc   Data          80  main.o(.bss)
    lastPos                                  0x20000a50   Data          16  gpstask.o(.bss)
    nowPos                                   0x20000a60   Data          16  gpstask.o(.bss)
    timer                                    0x20000b18   Data          10  rtc.o(.bss)
    OSEventTbl                               0x20000c1c   Data         480  os_core.o(.bss)
    OSTaskIdleStk                            0x20000dfc   Data         128  os_core.o(.bss)
    OSTCBPrioTbl                             0x20000e7c   Data         256  os_core.o(.bss)
    OSTCBTbl                                 0x20000f7c   Data        1764  os_core.o(.bss)
    OSFlagTbl                                0x20001660   Data          80  os_core.o(.bss)
    OSMemTbl                                 0x200016b0   Data         120  os_core.o(.bss)
    OSQTbl                                   0x20001728   Data          96  os_core.o(.bss)
    OSTmrTbl                                 0x20001788   Data         640  os_core.o(.bss)
    OSTmrTaskStk                             0x20001a08   Data         256  os_core.o(.bss)
    OSTmrWheelTbl                            0x20001b08   Data          64  os_core.o(.bss)
    __initial_sp                             0x20001f48   Data           0  startup_stm32f10x_md.o(STACK)



==============================================================================

Memory Map of the image

  Image Entry point : 0x080000ed

  Load Region LR_IROM1 (Base: 0x08000000, Size: 0x000054ec, Max: 0x00010000, ABSOLUTE)

    Execution Region ER_IROM1 (Base: 0x08000000, Size: 0x000053f0, Max: 0x00010000, ABSOLUTE)

    Base Addr    Size         Type   Attr      Idx    E Section Name        Object

    0x08000000   0x000000ec   Data   RO         3148    RESET               startup_stm32f10x_md.o
    0x080000ec   0x00000000   Code   RO         4307  * .ARM.Collect$$$$00000000  mc_w.l(entry.o)
    0x080000ec   0x00000004   Code   RO         4674    .ARM.Collect$$$$00000001  mc_w.l(entry2.o)
    0x080000f0   0x00000004   Code   RO         4677    .ARM.Collect$$$$00000004  mc_w.l(entry5.o)
    0x080000f4   0x00000000   Code   RO         4679    .ARM.Collect$$$$00000008  mc_w.l(entry7b.o)
    0x080000f4   0x00000000   Code   RO         4681    .ARM.Collect$$$$0000000A  mc_w.l(entry8b.o)
    0x080000f4   0x00000008   Code   RO         4682    .ARM.Collect$$$$0000000B  mc_w.l(entry9a.o)
    0x080000fc   0x00000000   Code   RO         4684    .ARM.Collect$$$$0000000D  mc_w.l(entry10a.o)
    0x080000fc   0x00000000   Code   RO         4686    .ARM.Collect$$$$0000000F  mc_w.l(entry11a.o)
    0x080000fc   0x00000004   Code   RO         4675    .ARM.Collect$$$$00002712  mc_w.l(entry2.o)
    0x08000100   0x00000024   Code   RO         3149    .text               startup_stm32f10x_md.o
    0x08000124   0x000000a4   Code   RO         3266    .text               os_cpu_a.o
    0x080001c8   0x0000002a   Code   RO         4120    .text               cpu_a.o
    0x080001f2   0x00000024   Code   RO         4338    .text               mc_w.l(memcpya.o)
    0x08000216   0x0000000e   Code   RO         4342    .text               mc_w.l(strlen.o)
    0x08000224   0x0000014e   Code   RO         4619    .text               mf_w.l(dadd.o)
    0x08000372   0x000000e4   Code   RO         4621    .text               mf_w.l(dmul.o)
    0x08000456   0x000000de   Code   RO         4623    .text               mf_w.l(ddiv.o)
    0x08000534   0x0000002e   Code   RO         4625    .text               mf_w.l(dscalb.o)
    0x08000562   0x00000022   Code   RO         4629    .text               mf_w.l(dflti.o)
    0x08000584   0x0000001a   Code   RO         4631    .text               mf_w.l(dfltui.o)
    0x0800059e   0x0000003e   Code   RO         4633    .text               mf_w.l(dfixi.o)
    0x080005dc   0x00000030   Code   RO         4637    .text               mf_w.l(cdcmple.o)
    0x0800060c   0x00000030   Code   RO         4639    .text               mf_w.l(cdrcmple.o)
    0x0800063c   0x0000002c   Code   RO         4688    .text               mc_w.l(uidiv.o)
    0x08000668   0x00000062   Code   RO         4690    .text               mc_w.l(uldiv.o)
    0x080006ca   0x0000001e   Code   RO         4692    .text               mc_w.l(llshl.o)
    0x080006e8   0x00000020   Code   RO         4694    .text               mc_w.l(llushr.o)
    0x08000708   0x00000024   Code   RO         4696    .text               mc_w.l(llsshr.o)
    0x0800072c   0x00000000   Code   RO         4709    .text               mc_w.l(iusefp.o)
    0x0800072c   0x000000ba   Code   RO         4712    .text               mf_w.l(depilogue.o)
    0x080007e6   0x000000a2   Code   RO         4714    .text               mf_w.l(dsqrt.o)
    0x08000888   0x00000030   Code   RO         4716    .text               mf_w.l(dfixul.o)
    0x080008b8   0x00000024   Code   RO         4718    .text               mc_w.l(init.o)
    0x080008dc   0x00000014   Code   RO          198    i.App_GPS_TaskCreate  gpstask.o
    0x080008f0   0x00000002   Code   RO         4018    i.App_TCBInitHook   os_apphooks.o
    0x080008f2   0x00000002   Code   RO         4019    i.App_TaskCreateHook  os_apphooks.o
    0x080008f4   0x00000002   Code   RO         4021    i.App_TaskIdleHook  os_apphooks.o
    0x080008f6   0x00000002   PAD
    0x080008f8   0x0000007c   Code   RO            1    i.App_TaskStart     main.o
    0x08000974   0x00000002   Code   RO         4024    i.App_TaskSwHook    os_apphooks.o
    0x08000976   0x00000002   Code   RO         4025    i.App_TimeTickHook  os_apphooks.o
    0x08000978   0x00000012   Code   RO         1568    i.BKP_DeInit        stm32f10x_bkp.o
    0x0800098a   0x00000002   PAD
    0x0800098c   0x00000010   Code   RO         1573    i.BKP_ReadBackupRegister  stm32f10x_bkp.o
    0x0800099c   0x00000010   Code   RO         1577    i.BKP_WriteBackupRegister  stm32f10x_bkp.o
    0x080009ac   0x00000018   Code   RO            2    i.BuildMQ           main.o
    0x080009c4   0x00000002   Code   RO          144    i.BusFault_Handler  stm32f10x_it.o
    0x080009c6   0x00000002   Code   RO          145    i.DebugMon_Handler  stm32f10x_it.o
    0x080009c8   0x0000000c   Code   RO         1966    i.EXTI_ClearITPendingBit  stm32f10x_exti.o
    0x080009d4   0x0000009c   Code   RO         1033    i.GPIO_Init         stm32f10x_gpio.o
    0x08000a70   0x00000004   Code   RO         1040    i.GPIO_ResetBits    stm32f10x_gpio.o
    0x08000a74   0x00000004   Code   RO         1041    i.GPIO_SetBits      stm32f10x_gpio.o
    0x08000a78   0x00000120   Code   RO          301    i.GPS_Parser        nmeaparse.o
    0x08000b98   0x00000134   Code   RO          397    i.GetDistance       gmath.o
    0x08000ccc   0x00000002   Code   RO          146    i.HardFault_Handler  stm32f10x_it.o
    0x08000cce   0x00000026   Code   RO          612    i.Is_Leap_Year      rtc.o
    0x08000cf4   0x00000002   Code   RO          147    i.MemManage_Handler  stm32f10x_it.o
    0x08000cf6   0x00000002   Code   RO          148    i.NMI_Handler       stm32f10x_it.o
    0x08000cf8   0x00000042   Code   RO            3    i.NVIC_Configuration  main.o
    0x08000d3a   0x00000028   Code   RO          613    i.NVIC_Configuration_RTC  rtc.o
    0x08000d62   0x00000002   PAD
    0x08000d64   0x00000064   Code   RO          816    i.NVIC_Init         misc.o
    0x08000dc8   0x00000014   Code   RO          817    i.NVIC_PriorityGroupConfig  misc.o
    0x08000ddc   0x00000014   Code   RO          818    i.NVIC_SetVectorTable  misc.o
    0x08000df0   0x00000002   Code   RO         3153    i.OSDebugInit       os_dbg.o
    0x08000df2   0x00000002   PAD
    0x08000df4   0x0000004c   Code   RO         3270    i.OSEventNameSet    os_core.o
    0x08000e40   0x00000088   Code   RO         3272    i.OSInit            os_core.o
    0x08000ec8   0x0000000c   Code   RO         3169    i.OSInitHookBegin   os_cpu_c.o
    0x08000ed4   0x00000002   Code   RO         3170    i.OSInitHookEnd     os_cpu_c.o
    0x08000ed6   0x00000002   PAD
    0x08000ed8   0x0000005c   Code   RO         3274    i.OSIntExit         os_core.o
    0x08000f34   0x00000084   Code   RO         3693    i.OSQCreate         os_q.o
    0x08000fb8   0x000000e4   Code   RO         3696    i.OSQPend           os_q.o
    0x0800109c   0x00000070   Code   RO         3698    i.OSQPost           os_q.o
    0x0800110c   0x0000002c   Code   RO         3275    i.OSSchedLock       os_core.o
    0x08001138   0x0000003c   Code   RO         3276    i.OSSchedUnlock     os_core.o
    0x08001174   0x00000048   Code   RO         3765    i.OSSemCreate       os_sem.o
    0x080011bc   0x000000c4   Code   RO         3767    i.OSSemPend         os_sem.o
    0x08001280   0x00000058   Code   RO         3769    i.OSSemPost         os_sem.o
    0x080012d8   0x00000030   Code   RO         3277    i.OSStart           os_core.o
    0x08001308   0x00000004   Code   RO         3171    i.OSTCBInitHook     os_cpu_c.o
    0x0800130c   0x00000090   Code   RO         3819    i.OSTaskCreate      os_task.o
    0x0800139c   0x000000a4   Code   RO         3820    i.OSTaskCreateExt   os_task.o
    0x08001440   0x00000004   Code   RO         3172    i.OSTaskCreateHook  os_cpu_c.o
    0x08001444   0x00000004   Code   RO         3174    i.OSTaskIdleHook    os_cpu_c.o
    0x08001448   0x00000072   Code   RO         3176    i.OSTaskStkInit     os_cpu_c.o
    0x080014ba   0x00000004   Code   RO         3177    i.OSTaskSwHook      os_cpu_c.o
    0x080014be   0x00000002   PAD
    0x080014c0   0x00000068   Code   RO         3902    i.OSTimeDly         os_time.o
    0x08001528   0x00000074   Code   RO         3903    i.OSTimeDlyHMSM     os_time.o
    0x0800159c   0x000000a0   Code   RO         3278    i.OSTimeTick        os_core.o
    0x0800163c   0x00000028   Code   RO         3178    i.OSTimeTickHook    os_cpu_c.o
    0x08001664   0x0000000c   Code   RO         3942    i.OSTmrSignal       os_tmr.o
    0x08001670   0x0000010c   Code   RO         3947    i.OSTmr_Init        os_tmr.o
    0x0800177c   0x0000004c   Code   RO         3948    i.OSTmr_Link        os_tmr.o
    0x080017c8   0x00000078   Code   RO         3949    i.OSTmr_Task        os_tmr.o
    0x08001840   0x00000040   Code   RO         3950    i.OSTmr_Unlink      os_tmr.o
    0x08001880   0x00000038   Code   RO         3181    i.OS_CPU_SysTickInit  os_cpu_c.o
    0x080018b8   0x00000074   Code   RO         3281    i.OS_EventTaskRdy   os_core.o
    0x0800192c   0x00000020   Code   RO         3282    i.OS_EventTaskRemove  os_core.o
    0x0800194c   0x00000028   Code   RO         3283    i.OS_EventTaskRemoveMulti  os_core.o
    0x08001974   0x00000048   Code   RO         3284    i.OS_EventTaskWait  os_core.o
    0x080019bc   0x00000014   Code   RO         3286    i.OS_EventWaitListInit  os_core.o
    0x080019d0   0x00000048   Code   RO         3471    i.OS_FlagInit       os_flag.o
    0x08001a18   0x00000058   Code   RO         3287    i.OS_InitEventList  os_core.o
    0x08001a70   0x00000064   Code   RO         3288    i.OS_InitTCBList    os_core.o
    0x08001ad4   0x00000012   Code   RO         3289    i.OS_MemClr         os_core.o
    0x08001ae6   0x00000002   PAD
    0x08001ae8   0x0000004c   Code   RO         3603    i.OS_MemInit        os_mem.o
    0x08001b34   0x00000044   Code   RO         3702    i.OS_QInit          os_q.o
    0x08001b78   0x00000048   Code   RO         3291    i.OS_Sched          os_core.o
    0x08001bc0   0x00000020   Code   RO         3292    i.OS_SchedNew       os_core.o
    0x08001be0   0x000000e4   Code   RO         3294    i.OS_TCBInit        os_core.o
    0x08001cc4   0x0000001c   Code   RO         3295    i.OS_TaskIdle       os_core.o
    0x08001ce0   0x00000016   Code   RO         3830    i.OS_TaskStkClr     os_task.o
    0x08001cf6   0x00000002   PAD
    0x08001cf8   0x0000000c   Code   RO         2187    i.PWR_BackupAccessCmd  stm32f10x_pwr.o
    0x08001d04   0x0000006c   Code   RO          302    i.ParserGPGGA       nmeaparse.o
    0x08001d70   0x000000b0   Code   RO          303    i.ParserGPGSA       nmeaparse.o
    0x08001e20   0x00000184   Code   RO          304    i.ParserGPGSV       nmeaparse.o
    0x08001fa4   0x00000288   Code   RO          305    i.ParserGPRMC       nmeaparse.o
    0x0800222c   0x00000018   Code   RO         1143    i.RCC_APB1PeriphClockCmd  stm32f10x_rcc.o
    0x08002244   0x00000018   Code   RO         1145    i.RCC_APB2PeriphClockCmd  stm32f10x_rcc.o
    0x0800225c   0x0000000c   Code   RO         1148    i.RCC_BackupResetCmd  stm32f10x_rcc.o
    0x08002268   0x00000054   Code   RO            4    i.RCC_Configuration  main.o
    0x080022bc   0x00000040   Code   RO         1152    i.RCC_DeInit        stm32f10x_rcc.o
    0x080022fc   0x00000094   Code   RO         1153    i.RCC_GetClocksFreq  stm32f10x_rcc.o
    0x08002390   0x00000030   Code   RO         1154    i.RCC_GetFlagStatus  stm32f10x_rcc.o
    0x080023c0   0x00000010   Code   RO         1156    i.RCC_GetSYSCLKSource  stm32f10x_rcc.o
    0x080023d0   0x00000014   Code   RO         1157    i.RCC_HCLKConfig    stm32f10x_rcc.o
    0x080023e4   0x00000034   Code   RO         1158    i.RCC_HSEConfig     stm32f10x_rcc.o
    0x08002418   0x00000020   Code   RO         1161    i.RCC_LSEConfig     stm32f10x_rcc.o
    0x08002438   0x00000014   Code   RO         1164    i.RCC_PCLK1Config   stm32f10x_rcc.o
    0x0800244c   0x00000014   Code   RO         1165    i.RCC_PCLK2Config   stm32f10x_rcc.o
    0x08002460   0x0000000c   Code   RO         1166    i.RCC_PLLCmd        stm32f10x_rcc.o
    0x0800246c   0x00000014   Code   RO         1167    i.RCC_PLLConfig     stm32f10x_rcc.o
    0x08002480   0x0000000c   Code   RO         1168    i.RCC_RTCCLKCmd     stm32f10x_rcc.o
    0x0800248c   0x00000010   Code   RO         1169    i.RCC_RTCCLKConfig  stm32f10x_rcc.o
    0x0800249c   0x00000014   Code   RO         1170    i.RCC_SYSCLKConfig  stm32f10x_rcc.o
    0x080024b0   0x0000002c   Code   RO         1172    i.RCC_WaitForHSEStartUp  stm32f10x_rcc.o
    0x080024dc   0x00000008   Code   RO          614    i.RTCAlarm_IRQHandler  rtc.o
    0x080024e4   0x00000010   Code   RO         2248    i.RTC_ClearITPendingBit  stm32f10x_rtc.o
    0x080024f4   0x00000058   Code   RO          616    i.RTC_Configuration  rtc.o
    0x0800254c   0x00000010   Code   RO         2249    i.RTC_EnterConfigMode  stm32f10x_rtc.o
    0x0800255c   0x00000010   Code   RO         2250    i.RTC_ExitConfigMode  stm32f10x_rtc.o
    0x0800256c   0x000000dc   Code   RO          618    i.RTC_Get           rtc.o
    0x08002648   0x00000020   Code   RO         2254    i.RTC_GetITStatus   stm32f10x_rtc.o
    0x08002668   0x000000ec   Code   RO          619    i.RTC_INIT          rtc.o
    0x08002754   0x0000007c   Code   RO          620    i.RTC_IRQHandler    rtc.o
    0x080027d0   0x00000018   Code   RO         2255    i.RTC_ITConfig      stm32f10x_rtc.o
    0x080027e8   0x000000f0   Code   RO          622    i.RTC_Set           rtc.o
    0x080028d8   0x00000020   Code   RO         2257    i.RTC_SetCounter    stm32f10x_rtc.o
    0x080028f8   0x00000020   Code   RO         2258    i.RTC_SetPrescaler  stm32f10x_rtc.o
    0x08002918   0x00000010   Code   RO         2259    i.RTC_WaitForLastTask  stm32f10x_rtc.o
    0x08002928   0x00000018   Code   RO         2260    i.RTC_WaitForSynchro  stm32f10x_rtc.o
    0x08002940   0x00000002   Code   RO          149    i.SVC_Handler       stm32f10x_it.o
    0x08002942   0x00000002   PAD
    0x08002944   0x000000a8   Code   RO         3117    i.SetSysClockTo72   system_stm32f10x_1.o
    0x080029ec   0x00000024   Code   RO          150    i.SysTick_Handler   stm32f10x_it.o
    0x08002a10   0x00000050   Code   RO         3119    i.SystemInit        system_stm32f10x_1.o
    0x08002a60   0x000000a0   Code   RO          717    i.USART1_Configuration  uart1pcport.o
    0x08002b00   0x00000028   Code   RO          718    i.USART1_IRQHandler  uart1pcport.o
    0x08002b28   0x0000009c   Code   RO          776    i.USART2_Configuration  uart2gpsport.o
    0x08002bc4   0x00000040   Code   RO          777    i.USART2_IRQHandler  uart2gpsport.o
    0x08002c04   0x00000006   Code   RO         2869    i.USART_ClearFlag   stm32f10x_usart.o
    0x08002c0a   0x00000014   Code   RO         2873    i.USART_Cmd         stm32f10x_usart.o
    0x08002c1e   0x0000000e   Code   RO         2876    i.USART_GetFlagStatus  stm32f10x_usart.o
    0x08002c2c   0x0000003e   Code   RO         2877    i.USART_GetITStatus  stm32f10x_usart.o
    0x08002c6a   0x00000030   Code   RO         2879    i.USART_ITConfig    stm32f10x_usart.o
    0x08002c9a   0x00000002   PAD
    0x08002c9c   0x000000ac   Code   RO         2880    i.USART_Init        stm32f10x_usart.o
    0x08002d48   0x00000008   Code   RO         2887    i.USART_ReceiveData  stm32f10x_usart.o
    0x08002d50   0x00000008   Code   RO         2890    i.USART_SendData    stm32f10x_usart.o
    0x08002d58   0x00000020   Code   RO          719    i.Uart1_PutChar     uart1pcport.o
    0x08002d78   0x00000020   Code   RO          778    i.Uart2_PutChar     uart2gpsport.o
    0x08002d98   0x00000002   Code   RO          151    i.UsageFault_Handler  stm32f10x_it.o
    0x08002d9a   0x00000002   PAD
    0x08002d9c   0x00000020   Code   RO         4583    i.__0printf         mc_w.l(printfa.o)
    0x08002dbc   0x00000028   Code   RO         4658    i.__ARM_fpclassify  m_ws.l(fpclassify.o)
    0x08002de4   0x00000388   Code   RO         4663    i.__ieee754_rem_pio2  m_ws.l(rred.o)
    0x0800316c   0x000000fc   Code   RO         4641    i.__kernel_cos      m_ws.l(cos_i.o)
    0x08003268   0x000000aa   Code   RO         4660    i.__kernel_poly     m_ws.l(poly.o)
    0x08003312   0x00000002   PAD
    0x08003314   0x000000ec   Code   RO         4668    i.__kernel_sin      m_ws.l(sin_i.o)
    0x08003400   0x00000010   Code   RO         4644    i.__mathlib_dbl_divzero  m_ws.l(dunder.o)
    0x08003410   0x00000006   Code   RO         4645    i.__mathlib_dbl_infnan  m_ws.l(dunder.o)
    0x08003416   0x00000004   Code   RO         4646    i.__mathlib_dbl_infnan2  m_ws.l(dunder.o)
    0x0800341a   0x0000000c   Code   RO         4647    i.__mathlib_dbl_invalid  m_ws.l(dunder.o)
    0x08003426   0x0000000e   Code   RO         4648    i.__mathlib_dbl_overflow  m_ws.l(dunder.o)
    0x08003434   0x00000010   Code   RO         4650    i.__mathlib_dbl_underflow  m_ws.l(dunder.o)
    0x08003444   0x0000000e   Code   RO         4739    i.__scatterload_copy  mc_w.l(handlers.o)
    0x08003452   0x00000002   Code   RO         4740    i.__scatterload_null  mc_w.l(handlers.o)
    0x08003454   0x0000000e   Code   RO         4741    i.__scatterload_zeroinit  mc_w.l(handlers.o)
    0x08003462   0x00000002   PAD
    0x08003464   0x0000000c   Code   RO         4700    i.__set_errno       mc_w.l(errno.o)
    0x08003470   0x00000164   Code   RO         4590    i._fp_digits        mc_w.l(printfa.o)
    0x080035d4   0x000006dc   Code   RO         4591    i._printf_core      mc_w.l(printfa.o)
    0x08003cb0   0x00000024   Code   RO         4592    i._printf_post_padding  mc_w.l(printfa.o)
    0x08003cd4   0x0000002e   Code   RO         4593    i._printf_pre_padding  mc_w.l(printfa.o)
    0x08003d02   0x00000002   PAD
    0x08003d04   0x00000270   Code   RO         4252    i.asin              m_ws.l(asin.o)
    0x08003f74   0x0000009c   Code   RO         4270    i.cos               m_ws.l(cos.o)
    0x08004010   0x0000000a   Code   RO          203    i.debugMode         gpstask.o
    0x0800401a   0x00000002   PAD
    0x0800401c   0x00000030   Code   RO          204    i.enableUBX_NAV_PVT  gpstask.o
    0x0800404c   0x00000010   Code   RO          722    i.fputc             uart1pcport.o
    0x0800405c   0x00000114   Code   RO          205    i.gpsTask           gpstask.o
    0x08004170   0x00000050   Code   RO          207    i.handerUbxData     gpstask.o
    0x080041c0   0x00000040   Code   RO            5    i.main              main.o
    0x08004200   0x00000018   Code   RO          209    i.parseGpsData      gpstask.o
    0x08004218   0x000009b8   Code   RO         4278    i.pow               m_ws.l(pow.o)
    0x08004bd0   0x00000044   Code   RO          210    i.printHexToString  gpstask.o
    0x08004c14   0x00000024   Code   RO          400    i.rad               gmath.o
    0x08004c38   0x000000d4   Code   RO          780    i.receivOneFrameData  uart2gpsport.o
    0x08004d0c   0x000000a0   Code   RO         4288    i.sin               m_ws.l(sin.o)
    0x08004dac   0x0000004c   Code   RO         4296    i.sqrt              m_ws.l(sqrt.o)
    0x08004df8   0x00000054   Code   RO          211    i.testGPSDemo       gpstask.o
    0x08004e4c   0x0000000c   Code   RO          314    i.ubxhAcc           nmeaparse.o
    0x08004e58   0x00000020   Data   RO          214    .constdata          gpstask.o
    0x08004e78   0x0000000c   Data   RO          625    .constdata          rtc.o
    0x08004e84   0x00000100   Data   RO         3304    .constdata          os_core.o
    0x08004f84   0x00000004   PAD
    0x08004f88   0x00000050   Data   RO         4253    .constdata          m_ws.l(asin.o)
    0x08004fd8   0x00000088   Data   RO         4279    .constdata          m_ws.l(pow.o)
    0x08005060   0x00000030   Data   RO         4642    .constdata          m_ws.l(cos_i.o)
    0x08005090   0x00000008   Data   RO         4662    .constdata          m_ws.l(qnan.o)
    0x08005098   0x000000c8   Data   RO         4665    .constdata          m_ws.l(rred.o)
    0x08005160   0x00000028   Data   RO         4669    .constdata          m_ws.l(sin_i.o)
    0x08005188   0x000001d6   Data   RO          215    .conststring        gpstask.o
    0x0800535e   0x00000002   PAD
    0x08005360   0x0000006e   Data   RO          316    .conststring        nmeaparse.o
    0x080053ce   0x00000002   PAD
    0x080053d0   0x00000020   Data   RO         4737    Region$$Table       anon$$obj.o


    Execution Region RW_IRAM1 (Base: 0x20000000, Size: 0x00001f48, Max: 0x00005000, ABSOLUTE)

    Base Addr    Size         Type   Attr      Idx    E Section Name        Object

    0x20000000   0x00000004   Data   RW            7    .data               main.o
    0x20000004   0x00000004   PAD
    0x20000008   0x00000010   Data   RW          216    .data               gpstask.o
    0x20000018   0x00000008   Data   RW          217    .data               gpstask.o
    0x20000020   0x00000048   Data   RW          317    .data               nmeaparse.o
    0x20000068   0x00000002   Data   RW          626    .data               rtc.o
    0x2000006a   0x00000002   PAD
    0x2000006c   0x00000004   Data   RW          724    .data               uart1pcport.o
    0x20000070   0x0000000c   Data   RW          782    .data               uart2gpsport.o
    0x2000007c   0x00000014   Data   RW         1173    .data               stm32f10x_rcc.o
    0x20000090   0x00000014   Data   RW         3120    .data               system_stm32f10x_1.o
    0x200000a4   0x00000002   Data   RW         3182    .data               os_cpu_c.o
    0x200000a6   0x00000002   PAD
    0x200000a8   0x00000030   Data   RW         3305    .data               os_core.o
    0x200000d8   0x00000004   Data   RW         3306    .data               os_core.o
    0x200000dc   0x00000004   Data   RW         3307    .data               os_core.o
    0x200000e0   0x00000004   Data   RW         3308    .data               os_core.o
    0x200000e4   0x00000002   Data   RW         3309    .data               os_core.o
    0x200000e6   0x00000002   Data   RW         3310    .data               os_core.o
    0x200000e8   0x00000004   Data   RW         3311    .data               os_core.o
    0x200000ec   0x00000004   Data   RW         3312    .data               os_core.o
    0x200000f0   0x00000004   Data   RW         3313    .data               os_core.o
    0x200000f4   0x00000004   Data   RW         3314    .data               os_core.o
    0x200000f8   0x00000004   Data   RW         4701    .data               mc_w.l(errno.o)
    0x200000fc   0x00000150   Zero   RW            6    .bss                main.o
    0x2000024c   0x00000004   PAD
    0x20000250   0x00000820   Zero   RW          213    .bss                gpstask.o
    0x20000a70   0x000000a8   Zero   RW          315    .bss                nmeaparse.o
    0x20000b18   0x0000000a   Zero   RW          624    .bss                rtc.o
    0x20000b22   0x000000fa   Zero   RW          781    .bss                uart2gpsport.o
    0x20000c1c   0x00000a44   Zero   RW         3297    .bss                os_core.o
    0x20001660   0x00000050   Zero   RW         3298    .bss                os_core.o
    0x200016b0   0x00000078   Zero   RW         3299    .bss                os_core.o
    0x20001728   0x00000060   Zero   RW         3300    .bss                os_core.o
    0x20001788   0x00000280   Zero   RW         3301    .bss                os_core.o
    0x20001a08   0x00000100   Zero   RW         3302    .bss                os_core.o
    0x20001b08   0x00000040   Zero   RW         3303    .bss                os_core.o
    0x20001b48   0x00000400   Zero   RW         3146    STACK               startup_stm32f10x_md.o


==============================================================================

Image component sizes


      Code (inc. data)   RO Data    RW Data    ZI Data      Debug   Object Name

         0          0          0          0          0         32   core_cm3.o
        42          0          0          0          0        308   cpu_a.o
       344         62          0          0          0       1172   gmath.o
       610        206        502         24       2080       5437   gpstask.o
       362         54          0          4        336     254685   main.o
       140         24          0          0          0       2005   misc.o
      1620        176        110         72        168       5884   nmeaparse.o
        10          0          0          0          0       2110   os_apphooks.o
      1462        130        256         80       3884      19818   os_core.o
       164         32          0          0          0        364   os_cpu_a.o
       240         18          0          2          0      29940   os_cpu_c.o
         2          0          0          0          0        478   os_dbg.o
        72         12          0          0          0        554   os_flag.o
        76         14          0          0          0        501   os_mem.o
       540         42          0          0          0       2927   os_q.o
       356         28          0          0          0       2190   os_sem.o
       330         24          0          0          0       2473   os_task.o
       220         30          0          0          0       1316   os_time.o
       540        118          0          0          0       3251   os_tmr.o
       994        228         12          2         10     208855   rtc.o
        36          8        236          0       1024        876   startup_stm32f10x_md.o
        50          8          0          0          0       2668   stm32f10x_bkp.o
        12          6          0          0          0        513   stm32f10x_exti.o
       164          0          0          0          0       2828   stm32f10x_gpio.o
        50          6          0          0          0       3265   stm32f10x_it.o
        12          6          0          0          0        502   stm32f10x_pwr.o
       604        112          0         20          0      12318   stm32f10x_rcc.o
       208         46          0          0          0       5113   stm32f10x_rtc.o
       338          6          0          0          0       6311   stm32f10x_usart.o
       248         24          0         20          0       1753   system_stm32f10x_1.o
       248         20          0          4          0       7090   uart1pcport.o
       464         40          0         12        250       3123   uart2gpsport.o

    ----------------------------------------------------------------------
     10582       1480       1156        248       7756     590660   Object Totals
         0          0         32          0          0          0   (incl. Generated)
        24          0          8          8          4          0   (incl. Padding)

    ----------------------------------------------------------------------

      Code (inc. data)   RO Data    RW Data    ZI Data      Debug   Library Member Name

       624         52         80          0          0        168   asin.o
       156          8          0          0          0        104   cos.o
       252         22         48          0          0        124   cos_i.o
        68         10          0          0          0        408   dunder.o
        40          0          0          0          0         68   fpclassify.o
       170          0          0          0          0         96   poly.o
      2488        190        136          0          0        300   pow.o
         0          0          8          0          0          0   qnan.o
       904         76        200          0          0        140   rred.o
       160         10          0          0          0        108   sin.o
       236         12         40          0          0        128   sin_i.o
        76          0          0          0          0         84   sqrt.o
         0          0          0          0          0          0   entry.o
         0          0          0          0          0          0   entry10a.o
         0          0          0          0          0          0   entry11a.o
         8          4          0          0          0          0   entry2.o
         4          0          0          0          0          0   entry5.o
         0          0          0          0          0          0   entry7b.o
         0          0          0          0          0          0   entry8b.o
         8          4          0          0          0          0   entry9a.o
        12          6          0          4          0         68   errno.o
        30          0          0          0          0          0   handlers.o
        36          8          0          0          0         68   init.o
         0          0          0          0          0          0   iusefp.o
        30          0          0          0          0         68   llshl.o
        36          0          0          0          0         68   llsshr.o
        32          0          0          0          0         68   llushr.o
        36          0          0          0          0         68   memcpya.o
      2226         90          0          0          0        444   printfa.o
        14          0          0          0          0         68   strlen.o
        44          0          0          0          0         80   uidiv.o
        98          0          0          0          0         92   uldiv.o
        48          0          0          0          0         68   cdcmple.o
        48          0          0          0          0         68   cdrcmple.o
       334          0          0          0          0        148   dadd.o
       222          0          0          0          0        100   ddiv.o
       186          0          0          0          0        176   depilogue.o
        62          0          0          0          0         80   dfixi.o
        48          0          0          0          0         68   dfixul.o
        34          0          0          0          0         76   dflti.o
        26          0          0          0          0         76   dfltui.o
       228          0          0          0          0         96   dmul.o
        46          0          0          0          0         80   dscalb.o
       162          0          0          0          0        100   dsqrt.o

    ----------------------------------------------------------------------
      9238        492        512          4          0       3956   Library Totals
         6          0          0          0          0          0   (incl. Padding)

    ----------------------------------------------------------------------

      Code (inc. data)   RO Data    RW Data    ZI Data      Debug   Library Name

      5174        380        512          0          0       1728   m_ws.l
      2614        112          0          4          0       1092   mc_w.l
      1444          0          0          0          0       1136   mf_w.l

    ----------------------------------------------------------------------
      9238        492        512          4          0       3956   Library Totals

    ----------------------------------------------------------------------

==============================================================================


      Code (inc. data)   RO Data    RW Data    ZI Data      Debug   

     19820       1972       1668        252       7756     585408   Grand Totals
     19820       1972       1668        252       7756     585408   ELF Image Totals
     19820       1972       1668        252          0          0   ROM Totals

==============================================================================

    Total RO  Size (Code + RO Data)                21488 (  20.98kB)
    Total RW  Size (RW Data + ZI Data)              8008 (   7.82kB)
    Total ROM Size (Code + RO Data + RW Data)      21740 (  21.23kB)

==============================================================================

