Component: ARM Compiler 5.05 update 1 (build 106) Tool: armlink [4d0efa]

==============================================================================

Section Cross References

    main.o(i.App_TaskCreate) refers to gpstask.o(i.App_GPS_TaskCreate) for App_GPS_TaskCreate
    main.o(i.App_TaskStart) refers to main.o(i.GPIO_Configuration) for GPIO_Configuration
    main.o(i.App_TaskStart) refers to os_cpu_c.o(i.OS_CPU_SysTickInit) for OS_CPU_SysTickInit
    main.o(i.App_TaskStart) refers to main.o(i.RCC_Configuration) for RCC_Configuration
    main.o(i.App_TaskStart) refers to main.o(i.NVIC_Configuration) for NVIC_Configuration
    main.o(i.App_TaskStart) refers to uart1gpsout.o(i.USART1_Configuration) for USART1_Configuration
    main.o(i.App_TaskStart) refers to uart2gpsin.o(i.USART2_Configuration) for USART2_Configuration
    main.o(i.App_TaskStart) refers to os_core.o(i.OSStatInit) for OSStatInit
    main.o(i.App_TaskStart) refers to main.o(i.App_TaskCreate) for App_TaskCreate
    main.o(i.App_TaskStart) refers to printfa.o(i.__0printf) for __2printf
    main.o(i.App_TaskStart) refers to os_time.o(i.OSTimeDlyHMSM) for OSTimeDlyHMSM
    main.o(i.BuildMQ) refers to os_q.o(i.OSQCreate) for OSQCreate
    main.o(i.BuildMQ) refers to main.o(.bss) for g_mesgqtbl
    main.o(i.BuildMQ) refers to main.o(.data) for g_MesgQ
    main.o(i.GPIO_Configuration) refers to stm32f10x_rcc.o(i.RCC_APB2PeriphClockCmd) for RCC_APB2PeriphClockCmd
    main.o(i.GPIO_Configuration) refers to stm32f10x_gpio.o(i.GPIO_Init) for GPIO_Init
    main.o(i.NVIC_Configuration) refers to misc.o(i.NVIC_SetVectorTable) for NVIC_SetVectorTable
    main.o(i.NVIC_Configuration) refers to misc.o(i.NVIC_PriorityGroupConfig) for NVIC_PriorityGroupConfig
    main.o(i.NVIC_Configuration) refers to misc.o(i.NVIC_Init) for NVIC_Init
    main.o(i.RCC_Configuration) refers to stm32f10x_rcc.o(i.RCC_DeInit) for RCC_DeInit
    main.o(i.RCC_Configuration) refers to stm32f10x_rcc.o(i.RCC_HSEConfig) for RCC_HSEConfig
    main.o(i.RCC_Configuration) refers to stm32f10x_rcc.o(i.RCC_WaitForHSEStartUp) for RCC_WaitForHSEStartUp
    main.o(i.RCC_Configuration) refers to stm32f10x_rcc.o(i.RCC_HCLKConfig) for RCC_HCLKConfig
    main.o(i.RCC_Configuration) refers to stm32f10x_rcc.o(i.RCC_PCLK2Config) for RCC_PCLK2Config
    main.o(i.RCC_Configuration) refers to stm32f10x_rcc.o(i.RCC_PCLK1Config) for RCC_PCLK1Config
    main.o(i.RCC_Configuration) refers to stm32f10x_rcc.o(i.RCC_PLLConfig) for RCC_PLLConfig
    main.o(i.RCC_Configuration) refers to stm32f10x_rcc.o(i.RCC_PLLCmd) for RCC_PLLCmd
    main.o(i.RCC_Configuration) refers to stm32f10x_rcc.o(i.RCC_GetFlagStatus) for RCC_GetFlagStatus
    main.o(i.RCC_Configuration) refers to stm32f10x_rcc.o(i.RCC_SYSCLKConfig) for RCC_SYSCLKConfig
    main.o(i.RCC_Configuration) refers to stm32f10x_rcc.o(i.RCC_GetSYSCLKSource) for RCC_GetSYSCLKSource
    main.o(i.main) refers to cpu_a.o(.text) for CPU_IntDis
    main.o(i.main) refers to os_core.o(i.OSInit) for OSInit
    main.o(i.main) refers to main.o(i.BuildMQ) for BuildMQ
    main.o(i.main) refers to os_task.o(i.OSTaskCreateExt) for OSTaskCreateExt
    main.o(i.main) refers to os_task.o(i.OSTaskNameSet) for OSTaskNameSet
    main.o(i.main) refers to os_core.o(i.OSStart) for OSStart
    main.o(i.main) refers to main.o(.bss) for App_TaskStartStk
    main.o(i.main) refers to main.o(i.App_TaskStart) for App_TaskStart
    stm32f10x_it.o(i.SysTick_Handler) refers to os_cpu_a.o(.text) for OS_CPU_SR_Save
    stm32f10x_it.o(i.SysTick_Handler) refers to os_core.o(i.OSTimeTick) for OSTimeTick
    stm32f10x_it.o(i.SysTick_Handler) refers to os_core.o(i.OSIntExit) for OSIntExit
    stm32f10x_it.o(i.SysTick_Handler) refers to os_core.o(.data) for OSIntNesting
    uart1gpsout.o(i.USART1_Configuration) refers to stm32f10x_rcc.o(i.RCC_APB2PeriphClockCmd) for RCC_APB2PeriphClockCmd
    uart1gpsout.o(i.USART1_Configuration) refers to stm32f10x_gpio.o(i.GPIO_Init) for GPIO_Init
    uart1gpsout.o(i.USART1_Configuration) refers to stm32f10x_usart.o(i.USART_Init) for USART_Init
    uart1gpsout.o(i.USART1_Configuration) refers to stm32f10x_usart.o(i.USART_ITConfig) for USART_ITConfig
    uart1gpsout.o(i.USART1_Configuration) refers to stm32f10x_usart.o(i.USART_Cmd) for USART_Cmd
    uart1gpsout.o(i.USART1_Configuration) refers to stm32f10x_usart.o(i.USART_ClearFlag) for USART_ClearFlag
    uart1gpsout.o(i.USART1_IRQHandler) refers to stm32f10x_usart.o(i.USART_GetITStatus) for USART_GetITStatus
    uart1gpsout.o(i.USART1_IRQHandler) refers to stm32f10x_usart.o(i.USART_ReceiveData) for USART_ReceiveData
    uart1gpsout.o(i.USART1_IRQHandler) refers to uart1gpsout.o(i.Uart1_PutChar) for Uart1_PutChar
    uart1gpsout.o(i.USART1_IRQHandler) refers to printfa.o(i.__0printf) for __2printf
    uart1gpsout.o(i.Uart1_PutChar) refers to stm32f10x_usart.o(i.USART_SendData) for USART_SendData
[...]
    i.OS_MemClr                              0x08002638   Section        0  os_core.o(i.OS_MemClr)
    i.OS_MemInit                             0x0800264c   Section        0  os_mem.o(i.OS_MemInit)
    i.OS_QInit                               0x080026a4   Section        0  os_q.o(i.OS_QInit)
    i.OS_Sched                               0x080026f4   Section        0  os_core.o(i.OS_Sched)
    i.OS_SchedNew                            0x08002768   Section        0  os_core.o(i.OS_SchedNew)
    OS_SchedNew                              0x08002769   Thumb Code    26  os_core.o(i.OS_SchedNew)
    i.OS_TCBInit                             0x08002794   Section        0  os_core.o(i.OS_TCBInit)
    i.OS_TaskIdle                            0x080028c8   Section        0  os_core.o(i.OS_TaskIdle)
    i.OS_TaskStat                            0x080028f0   Section        0  os_core.o(i.OS_TaskStat)
    i.OS_TaskStatStkChk                      0x08002978   Section        0  os_core.o(i.OS_TaskStatStkChk)
    i.OS_TaskStkClr                          0x080029b4   Section        0  os_task.o(i.OS_TaskStkClr)
    i.PWR_BackupAccessCmd                    0x080029d0   Section        0  stm32f10x_pwr.o(i.PWR_BackupAccessCmd)
    i.RCC_APB1PeriphClockCmd                 0x080029dc   Section        0  stm32f10x_rcc.o(i.RCC_APB1PeriphClockCmd)
    i.RCC_APB2PeriphClockCmd                 0x080029fc   Section        0  stm32f10x_rcc.o(i.RCC_APB2PeriphClockCmd)
    i.RCC_Configuration                      0x08002a1c   Section        0  main.o(i.RCC_Configuration)
    i.RCC_DeInit                             0x08002a74   Section        0  stm32f10x_rcc.o(i.RCC_DeInit)
    i.RCC_GetClocksFreq                      0x08002ac0   Section        0  stm32f10x_rcc.o(i.RCC_GetClocksFreq)
    i.RCC_GetFlagStatus                      0x08002b94   Section        0  stm32f10x_rcc.o(i.RCC_GetFlagStatus)
    i.RCC_GetSYSCLKSource                    0x08002bd0   Section        0  stm32f10x_rcc.o(i.RCC_GetSYSCLKSource)
    i.RCC_HCLKConfig                         0x08002be0   Section        0  stm32f10x_rcc.o(i.RCC_HCLKConfig)
    i.RCC_HSEConfig                          0x08002bf8   Section        0  stm32f10x_rcc.o(i.RCC_HSEConfig)
    i.RCC_PCLK1Config                        0x08002c44   Section        0  stm32f10x_rcc.o(i.RCC_PCLK1Config)
    i.RCC_PCLK2Config                        0x08002c5c   Section        0  stm32f10x_rcc.o(i.RCC_PCLK2Config)
    i.RCC_PLLCmd                             0x08002c74   Section        0  stm32f10x_rcc.o(i.RCC_PLLCmd)
    i.RCC_PLLConfig                          0x08002c80   Section        0  stm32f10x_rcc.o(i.RCC_PLLConfig)
    i.RCC_SYSCLKConfig                       0x08002c9c   Section        0  stm32f10x_rcc.o(i.RCC_SYSCLKConfig)
    i.RCC_WaitForHSEStartUp                  0x08002cb4   Section        0  stm32f10x_rcc.o(i.RCC_WaitForHSEStartUp)
    i.RTCAlarm_IRQHandler                    0x08002cec   Section        0  rtc.o(i.RTCAlarm_IRQHandler)
    i.RTC_ClearITPendingBit                  0x08002cf8   Section        0  stm32f10x_rtc.o(i.RTC_ClearITPendingBit)
    i.RTC_EnterConfigMode                    0x08002d08   Section        0  stm32f10x_rtc.o(i.RTC_EnterConfigMode)
    i.RTC_ExitConfigMode                     0x08002d1c   Section        0  stm32f10x_rtc.o(i.RTC_ExitConfigMode)
    i.RTC_Get                                0x08002d30   Section        0  rtc.o(i.RTC_Get)
    i.RTC_GetITStatus                        0x08002e2c   Section        0  stm32f10x_rtc.o(i.RTC_GetITStatus)
    i.RTC_IRQHandler                         0x08002e50   Section        0  rtc.o(i.RTC_IRQHandler)
    i.RTC_Set                                0x08002ec0   Section        0  rtc.o(i.RTC_Set)
    i.RTC_SetCounter                         0x08002fb0   Section        0  stm32f10x_rtc.o(i.RTC_SetCounter)
    i.RTC_WaitForLastTask                    0x08002fcc   Section        0  stm32f10x_rtc.o(i.RTC_WaitForLastTask)
    i.SVC_Handler                            0x08002fe0   Section        0  stm32f10x_it.o(i.SVC_Handler)
    i.SetSysClock                            0x08002fe2   Section        0  system_stm32f10x_1.o(i.SetSysClock)
    SetSysClock                              0x08002fe3   Thumb Code     8  system_stm32f10x_1.o(i.SetSysClock)
    i.SetSysClockTo72                        0x08002fec   Section        0  system_stm32f10x_1.o(i.SetSysClockTo72)
    SetSysClockTo72                          0x08002fed   Thumb Code   214  system_stm32f10x_1.o(i.SetSysClockTo72)
    i.SysTick_Handler                        0x080030cc   Section        0  stm32f10x_it.o(i.SysTick_Handler)
    i.SystemInit                             0x080030f4   Section        0  system_stm32f10x_1.o(i.SystemInit)
    i.USART1_Configuration                   0x08003154   Section        0  uart1gpsout.o(i.USART1_Configuration)
    i.USART1_IRQHandler                      0x080031f0   Section        0  uart1gpsout.o(i.USART1_IRQHandler)
    i.USART2_Configuration                   0x08003228   Section        0  uart2gpsin.o(i.USART2_Configuration)
    i.USART2_IRQHandler                      0x080032c0   Section        0  uart2gpsin.o(i.USART2_IRQHandler)
    i.USART_ClearFlag                        0x080032fc   Section        0  stm32f10x_usart.o(i.USART_ClearFlag)
    i.USART_Cmd                              0x0800330e   Section        0  stm32f10x_usart.o(i.USART_Cmd)
    i.USART_GetFlagStatus                    0x08003326   Section        0  stm32f10x_usart.o(i.USART_GetFlagStatus)
    i.USART_GetITStatus                      0x08003340   Section        0  stm32f10x_usart.o(i.USART_GetITStatus)
    i.USART_ITConfig                         0x08003394   Section        0  stm32f10x_usart.o(i.USART_ITConfig)
    i.USART_Init                             0x080033e0   Section        0  stm32f10x_usart.o(i.USART_Init)
    i.USART_ReceiveData                      0x080034b8   Section        0  stm32f10x_usart.o(i.USART_ReceiveData)
    i.USART_SendData                         0x080034c2   Section        0  stm32f10x_usart.o(i.USART_SendData)
    i.Uart1_PutChar                          0x080034cc   Section        0  uart1gpsout.o(i.Uart1_PutChar)
    i.UsageFault_Handler                     0x080034ec   Section        0  stm32f10x_it.o(i.UsageFault_Handler)
    i.__0printf                              0x080034f0   Section        0  printfa.o(i.__0printf)
    i.__0snprintf                            0x08003510   Section        0  printfa.o(i.__0snprintf)
    i.__0vsnprintf                           0x08003538   Section        0  printfa.o(i.__0vsnprintf)
    i.__aeabi_errno_addr                     0x0800355c   Section        0  errno.o(i.__aeabi_errno_addr)
    i.__scatterload_copy                     0x08003564   Section       14  handlers.o(i.__scatterload_copy)
    i.__scatterload_null                     0x08003572   Section        2  handlers.o(i.__scatterload_null)
    i.__scatterload_zeroinit                 0x08003574   Section       14  handlers.o(i.__scatterload_zeroinit)
    i._fp_digits                             0x08003584   Section        0  printfa.o(i._fp_digits)
    _fp_digits                               0x08003585   Thumb Code   334  printfa.o(i._fp_digits)
    i._is_digit                              0x080036e8   Section        0  scanf_fp.o(i._is_digit)
    i._nmea_parse_time                       0x080036f8   Section        0  nmeaparse.o(i._nmea_parse_time)
    i._printf_core                           0x080037bc   Section        0  printfa.o(i._printf_core)
    _printf_core                             0x080037bd   Thumb Code  1744  printfa.o(i._printf_core)
    i._printf_post_padding                   0x08003e98   Section        0  printfa.o(i._printf_post_padding)
    _printf_post_padding                     0x08003e99   Thumb Code    36  printfa.o(i._printf_post_padding)
    i._printf_pre_padding                    0x08003ebc   Section        0  printfa.o(i._printf_pre_padding)
    _printf_pre_padding                      0x08003ebd   Thumb Code    46  printfa.o(i._printf_pre_padding)
    i._snputc                                0x08003eea   Section        0  printfa.o(i._snputc)
    _snputc                                  0x08003eeb   Thumb Code    22  printfa.o(i._snputc)
    i.ceil                                   0x08003f00   Section        0  ceil.o(i.ceil)
    i.fputc                                  0x08003fdc   Section        0  uart1gpsout.o(i.fputc)
    i.gpsTask                                0x08003ff0   Section        0  gpstask.o(i.gpsTask)
    gpsTask                                  0x08003ff1   Thumb Code   150  gpstask.o(i.gpsTask)
    i.handerGpsData                          0x08004114   Section        0  gpstask.o(i.handerGpsData)
    i.main                                   0x08004354   Section        0  main.o(i.main)
    i.nmea_atof                              0x080043b4   Section        0  tok.o(i.nmea_atof)
    i.nmea_atoi                              0x080043ea   Section        0  tok.o(i.nmea_atoi)
    i.nmea_calc_crc                          0x0800441c   Section        0  tok.o(i.nmea_calc_crc)
    i.nmea_gen_GPGGA                         0x08004434   Section        0  nmeagenerate.o(i.nmea_gen_GPGGA)
    i.nmea_gen_GPGSA                         0x080044b4   Section        0  nmeagenerate.o(i.nmea_gen_GPGSA)
    i.nmea_gen_GPGSV                         0x08004524   Section        0  nmeagenerate.o(i.nmea_gen_GPGSV)
    i.nmea_gen_GPRMC                         0x0800458c   Section        0  nmeagenerate.o(i.nmea_gen_GPRMC)
    i.nmea_gen_GPVTG                         0x0800460c   Section        0  nmeagenerate.o(i.nmea_gen_GPVTG)
    i.nmea_generate                          0x08004680   Section        0  nmeagenerate.o(i.nmea_generate)
    i.nmea_gsv_npack                         0x08004778   Section        0  nmeagenerate.o(i.nmea_gsv_npack)
    i.nmea_info2GPGGA                        0x080047b0   Section        0  nmeagenerate.o(i.nmea_info2GPGGA)
    i.nmea_info2GPGSA                        0x08004830   Section        0  nmeagenerate.o(i.nmea_info2GPGSA)
    i.nmea_info2GPGSV                        0x08004890   Section        0  nmeagenerate.o(i.nmea_info2GPGSV)
    i.nmea_info2GPRMC                        0x08004910   Section        0  nmeagenerate.o(i.nmea_info2GPRMC)
    i.nmea_info2GPVTG                        0x080049c8   Section        0  nmeagenerate.o(i.nmea_info2GPVTG)
    i.nmea_pack_type                         0x08004a0c   Section        0  nmeaparse.o(i.nmea_pack_type)
    i.nmea_parse_GPGSA                       0x08004b18   Section        0  nmeaparse.o(i.nmea_parse_GPGSA)
    i.nmea_parse_GPGSV                       0x08004be4   Section        0  nmeaparse.o(i.nmea_parse_GPGSV)
    i.nmea_parse_GPRMC                       0x08004ca4   Section        0  nmeaparse.o(i.nmea_parse_GPRMC)
    i.nmea_printf                            0x08004dac   Section        0  tok.o(i.nmea_printf)
    i.nmea_scanf                             0x08004e1c   Section        0  tok.o(i.nmea_scanf)
    i.nmea_zero_GPGGA                        0x08005036   Section        0  nmeagenerate.o(i.nmea_zero_GPGGA)
    i.nmea_zero_GPGSA                        0x0800505a   Section        0  nmeagenerate.o(i.nmea_zero_GPGSA)
    i.nmea_zero_GPGSV                        0x08005070   Section        0  nmeagenerate.o(i.nmea_zero_GPGSV)
    i.nmea_zero_GPRMC                        0x0800507e   Section        0  nmeagenerate.o(i.nmea_zero_GPRMC)
    i.nmea_zero_GPVTG                        0x080050a0   Section        0  nmeagenerate.o(i.nmea_zero_GPVTG)
    i.receivOneFrameData                     0x080050c4   Section        0  uart2gpsin.o(i.receivOneFrameData)
    i.strtod                                 0x08005190   Section        0  strtod.o(i.strtod)
    i.testNmeaGenerate                       0x080051ac   Section        0  gpstask.o(i.testNmeaGenerate)
    .constdata                               0x08005224   Section       12  rtc.o(.constdata)
    .constdata                               0x08005230   Section      116  os_dbg.o(.constdata)
    .constdata                               0x080052a4   Section      256  os_core.o(.constdata)
    .constdata                               0x080053a4   Section      129  ctype_o.o(.constdata)
    .constdata                               0x08005428   Section        4  ctype_o.o(.constdata)
    table                                    0x08005428   Data           4  ctype_o.o(.constdata)
    .conststring                             0x0800542c   Section       67  gpstask.o(.conststring)
    .conststring                             0x08005470   Section      170  nmeaparse.o(.conststring)
    .conststring                             0x0800551c   Section      379  nmeagenerate.o(.conststring)
    .data                                    0x20000000   Section        4  main.o(.data)
    .data                                    0x20000004   Section        4  uart1gpsout.o(.data)
    .data                                    0x20000008   Section       14  uart2gpsin.o(.data)
    dataIndix                                0x2000000c   Data           4  uart2gpsin.o(.data)
    dataFlag                                 0x20000010   Data           4  uart2gpsin.o(.data)
    startFlag                                0x20000014   Data           1  uart2gpsin.o(.data)
    crc_cnt                                  0x20000015   Data           1  uart2gpsin.o(.data)
    .data                                    0x20000018   Section        8  gpstask.o(.data)
    .data                                    0x20000020   Section       68  nmeaparse.o(.data)
    NMEA_Start                               0x20000020   Data           1  nmeaparse.o(.data)
    NMEA_TypeParsed                          0x20000021   Data           1  nmeaparse.o(.data)
    NMEA_MsgType                             0x20000022   Data           1  nmeaparse.o(.data)
    NMEA_MsgTypeBuff                         0x20000023   Data           7  nmeaparse.o(.data)
    NMEA_MsgTypeIndex                        0x2000002a   Data           1  nmeaparse.o(.data)
    NMEA_MsgBlock                            0x2000002b   Data           1  nmeaparse.o(.data)
    NMEA_MsgBlockDatIndex                    0x2000002c   Data           1  nmeaparse.o(.data)
    GPS_Parse_Status                         0x2000002d   Data           1  nmeaparse.o(.data)
    SateInfoIndex                            0x2000002e   Data           1  nmeaparse.o(.data)
    pheads                                   0x20000030   Data          52  nmeaparse.o(.data)
    .data                                    0x20000064   Section        2  rtc.o(.data)
    daycnt                                   0x20000064   Data           2  rtc.o(.data)
    .data                                    0x20000066   Section       20  stm32f10x_rcc.o(.data)
    APBAHBPrescTable                         0x20000066   Data          16  stm32f10x_rcc.o(.data)
    ADCPrescTable                            0x20000076   Data           4  stm32f10x_rcc.o(.data)
    .data                                    0x2000007c   Section       20  system_stm32f10x_1.o(.data)
    .data                                    0x20000090   Section        2  os_cpu_c.o(.data)
    OSTmrCtr                                 0x20000090   Data           2  os_cpu_c.o(.data)
    .data                                    0x20000094   Section       96  os_core.o(.data)
    .data                                    0x200000f4   Section        4  errno.o(.data)
    _errno                                   0x200000f4   Data           4  errno.o(.data)
    .bss                                     0x200000f8   Section      336  main.o(.bss)
    App_TaskStartStk                         0x200000f8   Data         256  main.o(.bss)
    .bss                                     0x20000248   Section      100  uart2gpsin.o(.bss)
    gpsData                                  0x20000248   Data         100  uart2gpsin.o(.bss)
    .bss                                     0x200002ac   Section     4096  gpstask.o(.bss)
    App_TaskBlinkStk                         0x200002ac   Data        4096  gpstask.o(.bss)
    .bss                                     0x200012ac   Section       10  rtc.o(.bss)
    .bss                                     0x200012b8   Section     4312  os_core.o(.bss)
    STACK                                    0x20002390   Section     1024  startup_stm32f10x_md.o(STACK)

    Global Symbols

    Symbol Name                              Value     Ov Type        Size  Object(Section)

    BuildAttributes$$THM_ISAv4$P$D$K$B$S$PE$A:L22UL41UL21$X:L11$S22US41US21$IEEE1$IW$USESV6$~STKCKD$USESV7$~SHL$OTIME$ROPI$IEEEX$EBA8$MICROLIB$REQ8$PRES8$EABIv2 0x00000000   Number         0  anon$$obj.o ABSOLUTE
    __ARM_use_no_argv                        0x00000000   Number         0  main.o ABSOLUTE
    __use_no_errno                           0x00000000   Number         0  useno.o ABSOLUTE
    __use_no_exception_handling              0x00000000   Number         0  useno.o ABSOLUTE
    __use_no_fp                              0x00000000   Number         0  useno.o ABSOLUTE
    __use_no_heap                            0x00000000   Number         0  useno.o ABSOLUTE
    __use_no_heap_region                     0x00000000   Number         0  useno.o ABSOLUTE
    __use_no_semihosting                     0x00000000   Number         0  useno.o ABSOLUTE
    __use_no_semihosting_swi                 0x00000000   Number         0  useno.o ABSOLUTE
    __use_no_signal_handling                 0x00000000   Number         0  useno.o ABSOLUTE
    _printf_a                                0x00000000   Number         0  stubs.o ABSOLUTE
    _printf_c                                0x00000000   Number         0  stubs.o ABSOLUTE
    _printf_charcount                        0x00000000   Number         0  stubs.o ABSOLUTE
    _printf_d                                0x00000000   Number         0  stubs.o ABSOLUTE
    _printf_e                                0x00000000   Number         0  stubs.o ABSOLUTE
    _printf_f                                0x00000000   Number         0  stubs.o ABSOLUTE
    _printf_flags                            0x00000000   Number         0  stubs.o ABSOLUTE
    _printf_fp_dec                           0x00000000   Number         0  stubs.o ABSOLUTE
    _printf_fp_hex                           0x00000000   Number         0  stubs.o ABSOLUTE
    _printf_g                                0x00000000   Number         0  stubs.o ABSOLUTE
    _printf_i                                0x00000000   Number         0  stubs.o ABSOLUTE
    _printf_int_dec                          0x00000000   Number         0  stubs.o ABSOLUTE
    _printf_l                                0x00000000   Number         0  stubs.o ABSOLUTE
    _printf_lc                               0x00000000   Number         0  stubs.o ABSOLUTE
    _printf_ll                               0x00000000   Number         0  stubs.o ABSOLUTE
    _printf_lld                              0x00000000   Number         0  stubs.o ABSOLUTE
    _printf_lli                              0x00000000   Number         0  stubs.o ABSOLUTE
    _printf_llo                              0x00000000   Number         0  stubs.o ABSOLUTE
    _printf_llu                              0x00000000   Number         0  stubs.o ABSOLUTE
    _printf_llx                              0x00000000   Number         0  stubs.o ABSOLUTE
    _printf_longlong_dec                     0x00000000   Number         0  stubs.o ABSOLUTE
    _printf_longlong_hex                     0x00000000   Number         0  stubs.o ABSOLUTE
    _printf_longlong_oct                     0x00000000   Number         0  stubs.o ABSOLUTE
    _printf_ls                               0x00000000   Number         0  stubs.o ABSOLUTE
    _printf_mbtowc                           0x00000000   Number         0  stubs.o ABSOLUTE
    _printf_n                                0x00000000   Number         0  stubs.o ABSOLUTE
    _printf_o                                0x00000000   Number         0  stubs.o ABSOLUTE
    _printf_p                                0x00000000   Number         0  stubs.o ABSOLUTE
    _printf_percent                          0x00000000   Number         0  stubs.o ABSOLUTE
    _printf_pre_padding                      0x00000000   Number         0  stubs.o ABSOLUTE
    _printf_return_value                     0x00000000   Number         0  stubs.o ABSOLUTE
    _printf_s                                0x00000000   Number         0  stubs.o ABSOLUTE
    _printf_sizespec                         0x00000000   Number         0  stubs.o ABSOLUTE
    _printf_str                              0x00000000   Number         0  stubs.o ABSOLUTE
    _printf_truncate_signed                  0x00000000   Number         0  stubs.o ABSOLUTE
    _printf_truncate_unsigned                0x00000000   Number         0  stubs.o ABSOLUTE
    _printf_u                                0x00000000   Number         0  stubs.o ABSOLUTE
    _printf_wc                               0x00000000   Number         0  stubs.o ABSOLUTE
    _printf_wctomb                           0x00000000   Number         0  stubs.o ABSOLUTE
    _printf_widthprec                        0x00000000   Number         0  stubs.o ABSOLUTE
    _printf_x                                0x00000000   Number         0  stubs.o ABSOLUTE
    __cpp_initialize__aeabi_                  - Undefined Weak Reference
    __cxa_finalize                            - Undefined Weak Reference
    __decompress                              - Undefined Weak Reference
    _clock_init                               - Undefined Weak Reference
    _microlib_exit                            - Undefined Weak Reference
    __Vectors_Size                           0x000000ec   Number         0  startup_stm32f10x_md.o ABSOLUTE
    __Vectors                                0x08000000   Data           4  startup_stm32f10x_md.o(RESET)
    __Vectors_End                            0x080000ec   Data           0  startup_stm32f10x_md.o(RESET)
    __main                                   0x080000ed   Thumb Code     0  entry.o(.ARM.Collect$$$$00000000)
    _main_stk                                0x080000ed   Thumb Code     0  entry2.o(.ARM.Collect$$$$00000001)
    _main_scatterload                        0x080000f1   Thumb Code     0  entry5.o(.ARM.Collect$$$$00000004)
    __main_after_scatterload                 0x080000f5   Thumb Code     0  entry5.o(.ARM.Collect$$$$00000004)
    _main_clock                              0x080000f5   Thumb Code     0  entry7b.o(.ARM.Collect$$$$00000008)
    _main_cpp_init                           0x080000f5   Thumb Code     0  entry8b.o(.ARM.Collect$$$$0000000A)
    _main_init                               0x080000f5   Thumb Code     0  entry9a.o(.ARM.Collect$$$$0000000B)
    __rt_final_cpp                           0x080000fd   Thumb Code     0  entry10a.o(.ARM.Collect$$$$0000000D)
    __rt_final_exit                          0x080000fd   Thumb Code     0  entry11a.o(.ARM.Collect$$$$0000000F)
    Reset_Handler                            0x08000101   Thumb Code     8  startup_stm32f10x_md.o(.text)
    ADC1_2_IRQHandler                        0x0800011b   Thumb Code     0  startup_stm32f10x_md.o(.text)
    CAN1_RX1_IRQHandler                      0x0800011b   Thumb Code     0  startup_stm32f10x_md.o(.text)
    CAN1_SCE_IRQHandler                      0x0800011b   Thumb Code     0  startup_stm32f10x_md.o(.text)
    DMA1_Channel1_IRQHandler                 0x0800011b   Thumb Code     0  startup_stm32f10x_md.o(.text)
    DMA1_Channel2_IRQHandler                 0x0800011b   Thumb Code     0  startup_stm32f10x_md.o(.text)
    DMA1_Channel3_IRQHandler                 0x0800011b   Thumb Code     0  startup_stm32f10x_md.o(.text)
    DMA1_Channel4_IRQHandler                 0x0800011b   Thumb Code     0  startup_stm32f10x_md.o(.text)
    DMA1_Channel5_IRQHandler                 0x0800011b   Thumb Code     0  startup_stm32f10x_md.o(.text)
    DMA1_Channel6_IRQHandler                 0x0800011b   Thumb Code     0  startup_stm32f10x_md.o(.text)
    DMA1_Channel7_IRQHandler                 0x0800011b   Thumb Code     0  startup_stm32f10x_md.o(.text)
    EXTI0_IRQHandler                         0x0800011b   Thumb Code     0  startup_stm32f10x_md.o(.text)
    EXTI15_10_IRQHandler                     0x0800011b   Thumb Code     0  startup_stm32f10x_md.o(.text)
    EXTI1_IRQHandler                         0x0800011b   Thumb Code     0  startup_stm32f10x_md.o(.text)
    EXTI2_IRQHandler                         0x0800011b   Thumb Code     0  startup_stm32f10x_md.o(.text)
    EXTI3_IRQHandler                         0x0800011b   Thumb Code     0  startup_stm32f10x_md.o(.text)
    EXTI4_IRQHandler                         0x0800011b   Thumb Code     0  startup_stm32f10x_md.o(.text)
    EXTI9_5_IRQHandler                       0x0800011b   Thumb Code     0  startup_stm32f10x_md.o(.text)
    FLASH_IRQHandler                         0x0800011b   Thumb Code     0  startup_stm32f10x_md.o(.text)
    I2C1_ER_IRQHandler                       0x0800011b   Thumb Code     0  startup_stm32f10x_md.o(.text)
    I2C1_EV_IRQHandler                       0x0800011b   Thumb Code     0  startup_stm32f10x_md.o(.text)
    I2C2_ER_IRQHandler                       0x0800011b   Thumb Code     0  startup_stm32f10x_md.o(.text)
    I2C2_EV_IRQHandler                       0x0800011b   Thumb Code     0  startup_stm32f10x_md.o(.text)
    PVD_IRQHandler                           0x0800011b   Thumb Code     0  startup_stm32f10x_md.o(.text)
    RCC_IRQHandler                           0x0800011b   Thumb Code     0  startup_stm32f10x_md.o(.text)
    SPI1_IRQHandler                          0x0800011b   Thumb Code     0  startup_stm32f10x_md.o(.text)
    SPI2_IRQHandler                          0x0800011b   Thumb Code     0  startup_stm32f10x_md.o(.text)
    TAMPER_IRQHandler                        0x0800011b   Thumb Code     0  startup_stm32f10x_md.o(.text)
    TIM1_BRK_IRQHandler                      0x0800011b   Thumb Code     0  startup_stm32f10x_md.o(.text)
    TIM1_CC_IRQHandler                       0x0800011b   Thumb Code     0  startup_stm32f10x_md.o(.text)
    TIM1_TRG_COM_IRQHandler                  0x0800011b   Thumb Code     0  startup_stm32f10x_md.o(.text)
    TIM1_UP_IRQHandler                       0x0800011b   Thumb Code     0  startup_stm32f10x_md.o(.text)
    TIM2_IRQHandler                          0x0800011b   Thumb Code     0  startup_stm32f10x_md.o(.text)
    TIM3_IRQHandler                          0x0800011b   Thumb Code     0  startup_stm32f10x_md.o(.text)
    TIM4_IRQHandler                          0x0800011b   Thumb Code     0  startup_stm32f10x_md.o(.text)
    USART3_IRQHandler                        0x0800011b   Thumb Code     0  startup_stm32f10x_md.o(.text)
    USBWakeUp_IRQHandler                     0x0800011b   Thumb Code     0  startup_stm32f10x_md.o(.text)
    USB_HP_CAN1_TX_IRQHandler                0x0800011b   Thumb Code     0  startup_stm32f10x_md.o(.text)
    USB_LP_CAN1_RX0_IRQHandler               0x0800011b   Thumb Code     0  startup_stm32f10x_md.o(.text)
    WWDG_IRQHandler                          0x0800011b   Thumb Code     0  startup_stm32f10x_md.o(.text)
    OS_CPU_SR_Save                           0x08000125   Thumb Code     0  os_cpu_a.o(.text)
    OS_CPU_SR_Restore                        0x0800012d   Thumb Code     0  os_cpu_a.o(.text)
    OSStartHighRdy                           0x08000133   Thumb Code     0  os_cpu_a.o(.text)
    OSCtxSw                                  0x08000153   Thumb Code     0  os_cpu_a.o(.text)
    OSIntCtxSw                               0x0800015d   Thumb Code     0  os_cpu_a.o(.text)
    PendSV_Handler                           0x08000167   Thumb Code     0  os_cpu_a.o(.text)
    CPU_IntDis                               0x080001c9   Thumb Code     0  cpu_a.o(.text)
    CPU_IntEn                                0x080001cd   Thumb Code     0  cpu_a.o(.text)
    CPU_SR_Save                              0x080001d1   Thumb Code     0  cpu_a.o(.text)
    CPU_SR_Restore                           0x080001d9   Thumb Code     0  cpu_a.o(.text)
    CPU_CntLeadZeros                         0x080001df   Thumb Code     0  cpu_a.o(.text)
    CPU_RevBits                              0x080001e5   Thumb Code     0  cpu_a.o(.text)
    CPU_WaitForInt                           0x080001eb   Thumb Code     0  cpu_a.o(.text)
    CPU_WaitForExcept                        0x080001ef   Thumb Code     0  cpu_a.o(.text)
    __rt_ctype_table                         0x080001f5   Thumb Code     4  ctype_o.o(.text)
    isspace                                  0x080001fd   Thumb Code    18  isspace_o.o(.text)
    __aeabi_memcpy                           0x0800020f   Thumb Code    36  memcpya.o(.text)
    __aeabi_memcpy4                          0x0800020f   Thumb Code     0  memcpya.o(.text)
    __aeabi_memcpy8                          0x0800020f   Thumb Code     0  memcpya.o(.text)
    __aeabi_memset                           0x08000233   Thumb Code    14  memseta.o(.text)
    __aeabi_memset4                          0x08000233   Thumb Code     0  memseta.o(.text)
    __aeabi_memset8                          0x08000233   Thumb Code     0  memseta.o(.text)
    __aeabi_memclr                           0x08000241   Thumb Code     4  memseta.o(.text)
    __aeabi_memclr4                          0x08000241   Thumb Code     0  memseta.o(.text)
    __aeabi_memclr8                          0x08000241   Thumb Code     0  memseta.o(.text)
    _memset$wrapper                          0x08000245   Thumb Code    18  memseta.o(.text)
    strlen                                   0x08000257   Thumb Code    14  strlen.o(.text)
    memchr                                   0x08000265   Thumb Code    20  memchr.o(.text)
    memcmp                                   0x08000279   Thumb Code    26  memcmp.o(.text)
    strtol                                   0x08000293   Thumb Code   112  strtol.o(.text)
    __aeabi_dadd                             0x08000303   Thumb Code   322  dadd.o(.text)
    __aeabi_dsub                             0x08000445   Thumb Code     6  dadd.o(.text)
    __aeabi_drsub                            0x0800044b   Thumb Code     6  dadd.o(.text)
    __aeabi_dmul                             0x08000451   Thumb Code   228  dmul.o(.text)
    __aeabi_ddiv                             0x08000535   Thumb Code   222  ddiv.o(.text)
    __aeabi_i2d                              0x08000613   Thumb Code    34  dflti.o(.text)
    __aeabi_d2iz                             0x08000635   Thumb Code    62  dfixi.o(.text)
    __aeabi_cdrcmple                         0x08000675   Thumb Code    48  cdrcmple.o(.text)
    __aeabi_uidiv                            0x080006a5   Thumb Code     0  uidiv.o(.text)
    __aeabi_uidivmod                         0x080006a5   Thumb Code    44  uidiv.o(.text)
    __aeabi_uldivmod                         0x080006d1   Thumb Code    98  uldiv.o(.text)
    __aeabi_llsl                             0x08000733   Thumb Code    30  llshl.o(.text)
    _ll_shift_l                              0x08000733   Thumb Code     0  llshl.o(.text)
    __aeabi_llsr                             0x08000751   Thumb Code    32  llushr.o(.text)
    _ll_ushift_r                             0x08000751   Thumb Code     0  llushr.o(.text)
    __aeabi_lasr                             0x08000771   Thumb Code    36  llsshr.o(.text)
    _ll_sshift_r                             0x08000771   Thumb Code     0  llsshr.o(.text)
    _strtoul                                 0x08000795   Thumb Code   158  _strtoul.o(.text)
    __strtod_int                             0x0800086b   Thumb Code    88  strtod.o(.text)
    __I$use$fp                               0x080008d1   Thumb Code     0  iusefp.o(.text)
    _float_round                             0x080008d1   Thumb Code    18  fepilogue.o(.text)
    _float_epilogue                          0x080008e3   Thumb Code    92  fepilogue.o(.text)
    _double_round                            0x0800093f   Thumb Code    30  depilogue.o(.text)
    _double_epilogue                         0x0800095d   Thumb Code   156  depilogue.o(.text)
    __aeabi_d2ulz                            0x080009f9   Thumb Code    48  dfixul.o(.text)
    __scatterload                            0x08000a29   Thumb Code    28  init.o(.text)
    __scatterload_rt2                        0x08000a29   Thumb Code     0  init.o(.text)
    _chval                                   0x08000a4d   Thumb Code    28  _chval.o(.text)
    _scanf_real                              0x08000b69   Thumb Code     0  scanf_fp.o(.text)
    _scanf_really_real                       0x08000b69   Thumb Code   556  scanf_fp.o(.text)
    _sgetc                                   0x08000da1   Thumb Code    30  _sgetc.o(.text)
    _sbackspace                              0x08000dbf   Thumb Code    34  _sgetc.o(.text)
    __aeabi_ul2d                             0x08000de1   Thumb Code    24  dfltul.o(.text)
    __aeabi_d2f                              0x08000df9   Thumb Code    56  d2f.o(.text)
    App_GPS_TaskCreate                       0x08000e31   Thumb Code    34  gpstask.o(i.App_GPS_TaskCreate)
    App_TCBInitHook                          0x08000e6d   Thumb Code     2  os_apphooks.o(i.App_TCBInitHook)
    App_TaskCreateHook                       0x08000e77   Thumb Code     2  os_apphooks.o(i.App_TaskCreateHook)
    App_TaskIdleHook                         0x08000e79   Thumb Code     2  os_apphooks.o(i.App_TaskIdleHook)
    App_TaskStatHook                         0x08000ed5   Thumb Code     2  os_apphooks.o(i.App_TaskStatHook)
    App_TaskSwHook                           0x08000ed7   Thumb Code     2  os_apphooks.o(i.App_TaskSwHook)
    App_TimeTickHook                         0x08000ed9   Thumb Code     2  os_apphooks.o(i.App_TimeTickHook)
    BuildMQ                                  0x08000edd   Thumb Code    16  main.o(i.BuildMQ)
    BusFault_Handler                         0x08000ef5   Thumb Code     4  stm32f10x_it.o(i.BusFault_Handler)
    DebugMon_Handler                         0x08000ef9   Thumb Code     2  stm32f10x_it.o(i.DebugMon_Handler)
    EXTI_ClearITPendingBit                   0x08000efd   Thumb Code     6  stm32f10x_exti.o(i.EXTI_ClearITPendingBit)
    GPIO_Init                                0x08000f35   Thumb Code   278  stm32f10x_gpio.o(i.GPIO_Init)
    GPIO_ResetBits                           0x0800104b   Thumb Code     4  stm32f10x_gpio.o(i.GPIO_ResetBits)
    GPIO_SetBits                             0x0800104f   Thumb Code     4  stm32f10x_gpio.o(i.GPIO_SetBits)
    HardFault_Handler                        0x08001053   Thumb Code     4  stm32f10x_it.o(i.HardFault_Handler)
    Is_Leap_Year                             0x08001057   Thumb Code    58  rtc.o(i.Is_Leap_Year)
    MemManage_Handler                        0x08001091   Thumb Code     4  stm32f10x_it.o(i.MemManage_Handler)
    NMI_Handler                              0x08001095   Thumb Code     2  stm32f10x_it.o(i.NMI_Handler)
    NVIC_Configuration                       0x08001097   Thumb Code    70  main.o(i.NVIC_Configuration)
    NVIC_Init                                0x080010dd   Thumb Code   100  misc.o(i.NVIC_Init)
    NVIC_PriorityGroupConfig                 0x0800114d   Thumb Code    10  misc.o(i.NVIC_PriorityGroupConfig)
    NVIC_SetVectorTable                      0x08001161   Thumb Code    12  misc.o(i.NVIC_SetVectorTable)
    OSDebugInit                              0x08001175   Thumb Code   118  os_dbg.o(i.OSDebugInit)
    OSEventNameSet                           0x080012d1   Thumb Code   100  os_core.o(i.OSEventNameSet)
    OSInit                                   0x08001339   Thumb Code    56  os_core.o(i.OSInit)
    OSInitHookBegin                          0x08001371   Thumb Code     8  os_cpu_c.o(i.OSInitHookBegin)
    OSInitHookEnd                            0x0800137d   Thumb Code     2  os_cpu_c.o(i.OSInitHookEnd)
    OSIntExit                                0x08001381   Thumb Code   112  os_core.o(i.OSIntExit)
    OSQCreate                                0x08001411   Thumb Code   144  os_q.o(i.OSQCreate)
    OSQPend                                  0x080014b1   Thumb Code   288  os_q.o(i.OSQPend)
    OSQPost                                  0x080015dd   Thumb Code   120  os_q.o(i.OSQPost)
    OSSchedLock                              0x08001655   Thumb Code    50  os_core.o(i.OSSchedLock)
    OSSchedUnlock                            0x08001695   Thumb Code    82  os_core.o(i.OSSchedUnlock)
    OSSemCreate                              0x080016f5   Thumb Code    72  os_sem.o(i.OSSemCreate)
    OSSemPend                                0x08001749   Thumb Code   236  os_sem.o(i.OSSemPend)
    OSSemPost                                0x08001841   Thumb Code    94  os_sem.o(i.OSSemPost)
    OSStart                                  0x080018a1   Thumb Code    48  os_core.o(i.OSStart)
    OSStatInit                               0x080018e9   Thumb Code    62  os_core.o(i.OSStatInit)
    OSTCBInitHook                            0x08001935   Thumb Code    12  os_cpu_c.o(i.OSTCBInitHook)
    OSTaskCreate                             0x08001941   Thumb Code   156  os_task.o(i.OSTaskCreate)
    OSTaskCreateExt                          0x080019e9   Thumb Code   178  os_task.o(i.OSTaskCreateExt)
    OSTaskCreateHook                         0x08001aa9   Thumb Code    12  os_cpu_c.o(i.OSTaskCreateHook)
    OSTaskIdleHook                           0x08001ab5   Thumb Code     8  os_cpu_c.o(i.OSTaskIdleHook)
    OSTaskNameSet                            0x08001abd   Thumb Code   120  os_task.o(i.OSTaskNameSet)
    OSTaskStatHook                           0x08001b41   Thumb Code     8  os_cpu_c.o(i.OSTaskStatHook)
    OSTaskStkChk                             0x08001b49   Thumb Code   150  os_task.o(i.OSTaskStkChk)
    OSTaskStkInit                            0x08001be9   Thumb Code   154  os_cpu_c.o(i.OSTaskStkInit)
    OSTaskSuspend                            0x08001c85   Thumb Code   172  os_task.o(i.OSTaskSuspend)
    OSTaskSwHook                             0x08001d41   Thumb Code     8  os_cpu_c.o(i.OSTaskSwHook)
    OSTimeDly                                0x08001d49   Thumb Code   100  os_time.o(i.OSTimeDly)
    OSTimeDlyHMSM                            0x08001dc1   Thumb Code   124  os_time.o(i.OSTimeDlyHMSM)
    OSTimeTick                               0x08001e45   Thumb Code   210  os_core.o(i.OSTimeTick)
    OSTimeTickHook                           0x08001f31   Thumb Code    34  os_cpu_c.o(i.OSTimeTickHook)
    OSTmrSignal                              0x08001f59   Thumb Code    16  os_tmr.o(i.OSTmrSignal)
    OSTmr_Init                               0x08001f6d   Thumb Code   168  os_tmr.o(i.OSTmr_Init)
    OS_CPU_SysTickInit                       0x080021dd   Thumb Code    90  os_cpu_c.o(i.OS_CPU_SysTickInit)
    OS_EventTaskRdy                          0x08002245   Thumb Code   128  os_core.o(i.OS_EventTaskRdy)
    OS_EventTaskRemove                       0x080022d5   Thumb Code    42  os_core.o(i.OS_EventTaskRemove)
    OS_EventTaskRemoveMulti                  0x080022ff   Thumb Code    58  os_core.o(i.OS_EventTaskRemoveMulti)
    OS_EventTaskWait                         0x08002339   Thumb Code   112  os_core.o(i.OS_EventTaskWait)
    OS_EventWaitListInit                     0x080023b5   Thumb Code    28  os_core.o(i.OS_EventWaitListInit)
    OS_FlagInit                              0x080023d1   Thumb Code    74  os_flag.o(i.OS_FlagInit)
    OS_MemClr                                0x08002639   Thumb Code    18  os_core.o(i.OS_MemClr)
    OS_MemInit                               0x0800264d   Thumb Code    74  os_mem.o(i.OS_MemInit)
    OS_QInit                                 0x080026a5   Thumb Code    72  os_q.o(i.OS_QInit)
    OS_Sched                                 0x080026f5   Thumb Code    88  os_core.o(i.OS_Sched)
    OS_TCBInit                               0x08002795   Thumb Code   280  os_core.o(i.OS_TCBInit)
    OS_TaskIdle                              0x080028c9   Thumb Code    34  os_core.o(i.OS_TaskIdle)
    OS_TaskStat                              0x080028f1   Thumb Code   116  os_core.o(i.OS_TaskStat)
    OS_TaskStatStkChk                        0x08002979   Thumb Code    54  os_core.o(i.OS_TaskStatStkChk)
    OS_TaskStkClr                            0x080029b5   Thumb Code    26  os_task.o(i.OS_TaskStkClr)
    PWR_BackupAccessCmd                      0x080029d1   Thumb Code     6  stm32f10x_pwr.o(i.PWR_BackupAccessCmd)
    RCC_APB1PeriphClockCmd                   0x080029dd   Thumb Code    26  stm32f10x_rcc.o(i.RCC_APB1PeriphClockCmd)
    RCC_APB2PeriphClockCmd                   0x080029fd   Thumb Code    26  stm32f10x_rcc.o(i.RCC_APB2PeriphClockCmd)
    RCC_Configuration                        0x08002a1d   Thumb Code    88  main.o(i.RCC_Configuration)
    RCC_DeInit                               0x08002a75   Thumb Code    64  stm32f10x_rcc.o(i.RCC_DeInit)
    RCC_GetClocksFreq                        0x08002ac1   Thumb Code   192  stm32f10x_rcc.o(i.RCC_GetClocksFreq)
    RCC_GetFlagStatus                        0x08002b95   Thumb Code    56  stm32f10x_rcc.o(i.RCC_GetFlagStatus)
    RCC_GetSYSCLKSource                      0x08002bd1   Thumb Code    10  stm32f10x_rcc.o(i.RCC_GetSYSCLKSource)
    RCC_HCLKConfig                           0x08002be1   Thumb Code    18  stm32f10x_rcc.o(i.RCC_HCLKConfig)
    RCC_HSEConfig                            0x08002bf9   Thumb Code    70  stm32f10x_rcc.o(i.RCC_HSEConfig)
    RCC_PCLK1Config                          0x08002c45   Thumb Code    18  stm32f10x_rcc.o(i.RCC_PCLK1Config)
    RCC_PCLK2Config                          0x08002c5d   Thumb Code    20  stm32f10x_rcc.o(i.RCC_PCLK2Config)
    RCC_PLLCmd                               0x08002c75   Thumb Code     6  stm32f10x_rcc.o(i.RCC_PLLCmd)
    RCC_PLLConfig                            0x08002c81   Thumb Code    24  stm32f10x_rcc.o(i.RCC_PLLConfig)
    RCC_SYSCLKConfig                         0x08002c9d   Thumb Code    18  stm32f10x_rcc.o(i.RCC_SYSCLKConfig)
    RCC_WaitForHSEStartUp                    0x08002cb5   Thumb Code    56  stm32f10x_rcc.o(i.RCC_WaitForHSEStartUp)
    RTCAlarm_IRQHandler                      0x08002ced   Thumb Code    12  rtc.o(i.RTCAlarm_IRQHandler)
    RTC_ClearITPendingBit                    0x08002cf9   Thumb Code    12  stm32f10x_rtc.o(i.RTC_ClearITPendingBit)
    RTC_EnterConfigMode                      0x08002d09   Thumb Code    14  stm32f10x_rtc.o(i.RTC_EnterConfigMode)
    RTC_ExitConfigMode                       0x08002d1d   Thumb Code    16  stm32f10x_rtc.o(i.RTC_ExitConfigMode)
    RTC_Get                                  0x08002d31   Thumb Code   230  rtc.o(i.RTC_Get)
    RTC_GetITStatus                          0x08002e2d   Thumb Code    32  stm32f10x_rtc.o(i.RTC_GetITStatus)
    RTC_IRQHandler                           0x08002e51   Thumb Code    76  rtc.o(i.RTC_IRQHandler)
    RTC_Set                                  0x08002ec1   Thumb Code   200  rtc.o(i.RTC_Set)
    RTC_SetCounter                           0x08002fb1   Thumb Code    24  stm32f10x_rtc.o(i.RTC_SetCounter)
    RTC_WaitForLastTask                      0x08002fcd   Thumb Code    16  stm32f10x_rtc.o(i.RTC_WaitForLastTask)
    SVC_Handler                              0x08002fe1   Thumb Code     2  stm32f10x_it.o(i.SVC_Handler)
    SysTick_Handler                          0x080030cd   Thumb Code    34  stm32f10x_it.o(i.SysTick_Handler)
    SystemInit                               0x080030f5   Thumb Code    78  system_stm32f10x_1.o(i.SystemInit)
    USART1_Configuration                     0x08003155   Thumb Code   148  uart1gpsout.o(i.USART1_Configuration)
    USART1_IRQHandler                        0x080031f1   Thumb Code    36  uart1gpsout.o(i.USART1_IRQHandler)
    USART2_Configuration                     0x08003229   Thumb Code   144  uart2gpsin.o(i.USART2_Configuration)
    USART2_IRQHandler                        0x080032c1   Thumb Code    54  uart2gpsin.o(i.USART2_IRQHandler)
    USART_ClearFlag                          0x080032fd   Thumb Code    18  stm32f10x_usart.o(i.USART_ClearFlag)
    USART_Cmd                                0x0800330f   Thumb Code    24  stm32f10x_usart.o(i.USART_Cmd)
    USART_GetFlagStatus                      0x08003327   Thumb Code    26  stm32f10x_usart.o(i.USART_GetFlagStatus)
    USART_GetITStatus                        0x08003341   Thumb Code    84  stm32f10x_usart.o(i.USART_GetITStatus)
    USART_ITConfig                           0x08003395   Thumb Code    74  stm32f10x_usart.o(i.USART_ITConfig)
    USART_Init                               0x080033e1   Thumb Code   210  stm32f10x_usart.o(i.USART_Init)
    USART_ReceiveData                        0x080034b9   Thumb Code    10  stm32f10x_usart.o(i.USART_ReceiveData)
    USART_SendData                           0x080034c3   Thumb Code     8  stm32f10x_usart.o(i.USART_SendData)
    Uart1_PutChar                            0x080034cd   Thumb Code    28  uart1gpsout.o(i.Uart1_PutChar)
    UsageFault_Handler                       0x080034ed   Thumb Code     4  stm32f10x_it.o(i.UsageFault_Handler)
    __0printf                                0x080034f1   Thumb Code    22  printfa.o(i.__0printf)
    __1printf                                0x080034f1   Thumb Code     0  printfa.o(i.__0printf)
    __2printf                                0x080034f1   Thumb Code     0  printfa.o(i.__0printf)
    __c89printf                              0x080034f1   Thumb Code     0  printfa.o(i.__0printf)
    printf                                   0x080034f1   Thumb Code     0  printfa.o(i.__0printf)
    __0snprintf                              0x08003511   Thumb Code    36  printfa.o(i.__0snprintf)
    __1snprintf                              0x08003511   Thumb Code     0  printfa.o(i.__0snprintf)
    __2snprintf                              0x08003511   Thumb Code     0  printfa.o(i.__0snprintf)
    __c89snprintf                            0x08003511   Thumb Code     0  printfa.o(i.__0snprintf)
    snprintf                                 0x08003511   Thumb Code     0  printfa.o(i.__0snprintf)
    __0vsnprintf                             0x08003539   Thumb Code    32  printfa.o(i.__0vsnprintf)
    __1vsnprintf                             0x08003539   Thumb Code     0  printfa.o(i.__0vsnprintf)
    __2vsnprintf                             0x08003539   Thumb Code     0  printfa.o(i.__0vsnprintf)
    __c89vsnprintf                           0x08003539   Thumb Code     0  printfa.o(i.__0vsnprintf)
    vsnprintf                                0x08003539   Thumb Code     0  printfa.o(i.__0vsnprintf)
    __aeabi_errno_addr                       0x0800355d   Thumb Code     4  errno.o(i.__aeabi_errno_addr)
    __rt_errno_addr                          0x0800355d   Thumb Code     0  errno.o(i.__aeabi_errno_addr)
    __scatterload_copy                       0x08003565   Thumb Code    14  handlers.o(i.__scatterload_copy)
    __scatterload_null                       0x08003573   Thumb Code     2  handlers.o(i.__scatterload_null)
    __scatterload_zeroinit                   0x08003575   Thumb Code    14  handlers.o(i.__scatterload_zeroinit)
    _is_digit                                0x080036e9   Thumb Code    14  scanf_fp.o(i._is_digit)
    _nmea_parse_time                         0x080036f9   Thumb Code   132  nmeaparse.o(i._nmea_parse_time)
    ceil                                     0x08003f01   Thumb Code   204  ceil.o(i.ceil)
    fputc                                    0x08003fdd   Thumb Code    18  uart1gpsout.o(i.fputc)
    handerGpsData                            0x08004115   Thumb Code   348  gpstask.o(i.handerGpsData)
    main                                     0x08004355   Thumb Code    74  main.o(i.main)
    nmea_atof                                0x080043b5   Thumb Code    54  tok.o(i.nmea_atof)
    nmea_atoi                                0x080043eb   Thumb Code    50  tok.o(i.nmea_atoi)
    nmea_calc_crc                            0x0800441d   Thumb Code    24  tok.o(i.nmea_calc_crc)
    nmea_gen_GPGGA                           0x08004435   Thumb Code   122  nmeagenerate.o(i.nmea_gen_GPGGA)
    nmea_gen_GPGSA                           0x080044b5   Thumb Code   106  nmeagenerate.o(i.nmea_gen_GPGSA)
    nmea_gen_GPGSV                           0x08004525   Thumb Code   100  nmeagenerate.o(i.nmea_gen_GPGSV)
    nmea_gen_GPRMC                           0x0800458d   Thumb Code   122  nmeagenerate.o(i.nmea_gen_GPRMC)
    nmea_gen_GPVTG                           0x0800460d   Thumb Code    76  nmeagenerate.o(i.nmea_gen_GPVTG)
    nmea_generate                            0x08004681   Thumb Code   248  nmeagenerate.o(i.nmea_generate)
    nmea_gsv_npack                           0x08004779   Thumb Code    52  nmeagenerate.o(i.nmea_gsv_npack)
    nmea_info2GPGGA                          0x080047b1   Thumb Code   128  nmeagenerate.o(i.nmea_info2GPGGA)
    nmea_info2GPGSA                          0x08004831   Thumb Code    96  nmeagenerate.o(i.nmea_info2GPGSA)
    nmea_info2GPGSV                          0x08004891   Thumb Code   126  nmeagenerate.o(i.nmea_info2GPGSV)
    nmea_info2GPRMC                          0x08004911   Thumb Code   174  nmeagenerate.o(i.nmea_info2GPRMC)
    nmea_info2GPVTG                          0x080049c9   Thumb Code    60  nmeagenerate.o(i.nmea_info2GPVTG)
    nmea_pack_type                           0x08004a0d   Thumb Code   262  nmeaparse.o(i.nmea_pack_type)
    nmea_parse_GPGSA                         0x08004b19   Thumb Code   122  nmeaparse.o(i.nmea_parse_GPGSA)
    nmea_parse_GPGSV                         0x08004be5   Thumb Code   166  nmeaparse.o(i.nmea_parse_GPGSV)
    nmea_parse_GPRMC                         0x08004ca5   Thumb Code   164  nmeaparse.o(i.nmea_parse_GPRMC)
    nmea_printf                              0x08004dad   Thumb Code   102  tok.o(i.nmea_printf)
    nmea_scanf                               0x08004e1d   Thumb Code   538  tok.o(i.nmea_scanf)
    nmea_zero_GPGGA                          0x08005037   Thumb Code    36  nmeagenerate.o(i.nmea_zero_GPGGA)
    nmea_zero_GPGSA                          0x0800505b   Thumb Code    22  nmeagenerate.o(i.nmea_zero_GPGSA)
    nmea_zero_GPGSV                          0x08005071   Thumb Code    14  nmeagenerate.o(i.nmea_zero_GPGSV)
    nmea_zero_GPRMC                          0x0800507f   Thumb Code    34  nmeagenerate.o(i.nmea_zero_GPRMC)
    nmea_zero_GPVTG                          0x080050a1   Thumb Code    34  nmeagenerate.o(i.nmea_zero_GPVTG)
    receivOneFrameData                       0x080050c5   Thumb Code   174  uart2gpsin.o(i.receivOneFrameData)
    strtod                                   0x08005191   Thumb Code    28  strtod.o(i.strtod)
    testNmeaGenerate                         0x080051ad   Thumb Code    76  gpstask.o(i.testNmeaGenerate)
    mon_table                                0x08005224   Data          12  rtc.o(.constdata)
    OSDebugEn                                0x08005230   Data           2  os_dbg.o(.constdata)
    OSEndiannessTest                         0x08005234   Data           4  os_dbg.o(.constdata)
    OSEventEn                                0x08005238   Data           2  os_dbg.o(.constdata)
    OSEventMax                               0x0800523a   Data           2  os_dbg.o(.constdata)
    OSEventNameEn                            0x0800523c   Data           2  os_dbg.o(.constdata)
    OSEventSize                              0x0800523e   Data           2  os_dbg.o(.constdata)
    OSEventTblSize                           0x08005240   Data           2  os_dbg.o(.constdata)
    OSEventMultiEn                           0x08005242   Data           2  os_dbg.o(.constdata)
    OSFlagEn                                 0x08005244   Data           2  os_dbg.o(.constdata)
    OSFlagGrpSize                            0x08005246   Data           2  os_dbg.o(.constdata)
    OSFlagNodeSize                           0x08005248   Data           2  os_dbg.o(.constdata)
    OSFlagWidth                              0x0800524a   Data           2  os_dbg.o(.constdata)
    OSFlagMax                                0x0800524c   Data           2  os_dbg.o(.constdata)
    OSFlagNameEn                             0x0800524e   Data           2  os_dbg.o(.constdata)
    OSLowestPrio                             0x08005250   Data           2  os_dbg.o(.constdata)
    OSMboxEn                                 0x08005252   Data           2  os_dbg.o(.constdata)
    OSMemEn                                  0x08005254   Data           2  os_dbg.o(.constdata)
    OSMemMax                                 0x08005256   Data           2  os_dbg.o(.constdata)
    OSMemNameEn                              0x08005258   Data           2  os_dbg.o(.constdata)
    OSMemSize                                0x0800525a   Data           2  os_dbg.o(.constdata)
    OSMemTblSize                             0x0800525c   Data           2  os_dbg.o(.constdata)
    OSMutexEn                                0x0800525e   Data           2  os_dbg.o(.constdata)
    OSPtrSize                                0x08005260   Data           2  os_dbg.o(.constdata)
    OSQEn                                    0x08005262   Data           2  os_dbg.o(.constdata)
    OSQMax                                   0x08005264   Data           2  os_dbg.o(.constdata)
    OSQSize                                  0x08005266   Data           2  os_dbg.o(.constdata)
    OSRdyTblSize                             0x08005268   Data           2  os_dbg.o(.constdata)
    OSSemEn                                  0x0800526a   Data           2  os_dbg.o(.constdata)
    OSStkWidth                               0x0800526c   Data           2  os_dbg.o(.constdata)
    OSTaskCreateEn                           0x0800526e   Data           2  os_dbg.o(.constdata)
    OSTaskCreateExtEn                        0x08005270   Data           2  os_dbg.o(.constdata)
    OSTaskDelEn                              0x08005272   Data           2  os_dbg.o(.constdata)
    OSTaskIdleStkSize                        0x08005274   Data           2  os_dbg.o(.constdata)
    OSTaskProfileEn                          0x08005276   Data           2  os_dbg.o(.constdata)
    OSTaskMax                                0x08005278   Data           2  os_dbg.o(.constdata)
    OSTaskNameEn                             0x0800527a   Data           2  os_dbg.o(.constdata)
    OSTaskStatEn                             0x0800527c   Data           2  os_dbg.o(.constdata)
    OSTaskStatStkSize                        0x0800527e   Data           2  os_dbg.o(.constdata)
    OSTaskStatStkChkEn                       0x08005280   Data           2  os_dbg.o(.constdata)
    OSTaskSwHookEn                           0x08005282   Data           2  os_dbg.o(.constdata)
    OSTaskRegTblSize                         0x08005284   Data           2  os_dbg.o(.constdata)
    OSTCBPrioTblMax                          0x08005286   Data           2  os_dbg.o(.constdata)
    OSTCBSize                                0x08005288   Data           2  os_dbg.o(.constdata)
    OSTicksPerSec                            0x0800528a   Data           2  os_dbg.o(.constdata)
    OSTimeTickHookEn                         0x0800528c   Data           2  os_dbg.o(.constdata)
    OSVersionNbr                             0x0800528e   Data           2  os_dbg.o(.constdata)
    OSTmrEn                                  0x08005290   Data           2  os_dbg.o(.constdata)
    OSTmrCfgMax                              0x08005292   Data           2  os_dbg.o(.constdata)
    OSTmrCfgNameEn                           0x08005294   Data           2  os_dbg.o(.constdata)
    OSTmrCfgWheelSize                        0x08005296   Data           2  os_dbg.o(.constdata)
    OSTmrCfgTicksPerSec                      0x08005298   Data           2  os_dbg.o(.constdata)
    OSTmrSize                                0x0800529a   Data           2  os_dbg.o(.constdata)
    OSTmrTblSize                             0x0800529c   Data           2  os_dbg.o(.constdata)
    OSTmrWheelSize                           0x0800529e   Data           2  os_dbg.o(.constdata)
    OSTmrWheelTblSize                        0x080052a0   Data           2  os_dbg.o(.constdata)
    OSDataSize                               0x080052a2   Data           2  os_dbg.o(.constdata)
    OSUnMapTbl                               0x080052a4   Data         256  os_core.o(.constdata)
    __ctype_table                            0x080053a4   Data         129  ctype_o.o(.constdata)
    Region$$Table$$Base                      0x08005698   Number         0  anon$$obj.o(Region$$Table)
    Region$$Table$$Limit                     0x080056b8   Number         0  anon$$obj.o(Region$$Table)
    g_MesgQ                                  0x20000000   Data           4  main.o(.data)
    __stdout                                 0x20000004   Data           4  uart1gpsout.o(.data)
    g_gpsData_ptr                            0x20000008   Data           4  uart2gpsin.o(.data)
    gpsDataMQ                                0x20000018   Data           8  gpstask.o(.data)
    SystemCoreClock                          0x2000007c   Data           4  system_stm32f10x_1.o(.data)
    AHBPrescTable                            0x20000080   Data          16  system_stm32f10x_1.o(.data)
    OSCtxSwCtr                               0x20000094   Data           4  os_core.o(.data)
    OSEventFreeList                          0x20000098   Data           4  os_core.o(.data)
    OSFlagFreeList                           0x2000009c   Data           4  os_core.o(.data)
    OSCPUUsage                               0x200000a0   Data           1  os_core.o(.data)
    OSIdleCtrMax                             0x200000a4   Data           4  os_core.o(.data)
    OSIdleCtrRun                             0x200000a8   Data           4  os_core.o(.data)
    OSStatRdy                                0x200000ac   Data           1  os_core.o(.data)
    OSIntNesting                             0x200000ad   Data           1  os_core.o(.data)
    OSLockNesting                            0x200000ae   Data           1  os_core.o(.data)
    OSPrioCur                                0x200000af   Data           1  os_core.o(.data)
    OSPrioHighRdy                            0x200000b0   Data           1  os_core.o(.data)
    OSRdyGrp                                 0x200000b1   Data           1  os_core.o(.data)
    OSRdyTbl                                 0x200000b2   Data           8  os_core.o(.data)
    OSRunning                                0x200000ba   Data           1  os_core.o(.data)
    OSTaskCtr                                0x200000bb   Data           1  os_core.o(.data)
    OSIdleCtr                                0x200000bc   Data           4  os_core.o(.data)
    OSTCBCur                                 0x200000c0   Data           4  os_core.o(.data)
    OSTCBFreeList                            0x200000c4   Data           4  os_core.o(.data)
    OSTCBHighRdy                             0x200000c8   Data           4  os_core.o(.data)
    OSTCBList                                0x200000cc   Data           4  os_core.o(.data)
    OSTickStepState                          0x200000d0   Data           1  os_core.o(.data)
    OSMemFreeList                            0x200000d4   Data           4  os_core.o(.data)
    OSQFreeList                              0x200000d8   Data           4  os_core.o(.data)
    OSTime                                   0x200000dc   Data           4  os_core.o(.data)
    OSTmrFree                                0x200000e0   Data           2  os_core.o(.data)
    OSTmrUsed                                0x200000e2   Data           2  os_core.o(.data)
    OSTmrTime                                0x200000e4   Data           4  os_core.o(.data)
    OSTmrSem                                 0x200000e8   Data           4  os_core.o(.data)
    OSTmrSemSignal                           0x200000ec   Data           4  os_core.o(.data)
    OSTmrFreeList                            0x200000f0   Data           4  os_core.o(.data)
    g_mesgqtbl                               0x200001f8   Data          80  main.o(.bss)
    timer                                    0x200012ac   Data          10  rtc.o(.bss)
    OSEventTbl                               0x200012b8   Data         480  os_core.o(.bss)
    OSFlagTbl                                0x20001498   Data          80  os_core.o(.bss)
    OSTaskStatStk                            0x200014e8   Data         256  os_core.o(.bss)
    OSTaskIdleStk                            0x200015e8   Data         128  os_core.o(.bss)
    OSTCBPrioTbl                             0x20001668   Data         256  os_core.o(.bss)
    OSTCBTbl                                 0x20001768   Data        1936  os_core.o(.bss)
    OSMemTbl                                 0x20001ef8   Data         120  os_core.o(.bss)
    OSQTbl                                   0x20001f70   Data          96  os_core.o(.bss)
    OSTmrTbl                                 0x20001fd0   Data         640  os_core.o(.bss)
    OSTmrTaskStk                             0x20002250   Data         256  os_core.o(.bss)
    OSTmrWheelTbl                            0x20002350   Data          64  os_core.o(.bss)
    __initial_sp                             0x20002790   Data           0  startup_stm32f10x_md.o(STACK)



==============================================================================

Memory Map of the image

  Image Entry point : 0x080000ed

  Load Region LR_IROM1 (Base: 0x08000000, Size: 0x000057b0, Max: 0x00010000, ABSOLUTE)

    Execution Region ER_IROM1 (Base: 0x08000000, Size: 0x000056b8, Max: 0x00010000, ABSOLUTE)

    Base Addr    Size         Type   Attr      Idx    E Section Name        Object

    0x08000000   0x000000ec   Data   RO         3157    RESET               startup_stm32f10x_md.o
    0x080000ec   0x00000000   Code   RO         4352  * .ARM.Collect$$$$00000000  mc_w.l(entry.o)
    0x080000ec   0x00000004   Code   RO         4715    .ARM.Collect$$$$00000001  mc_w.l(entry2.o)
    0x080000f0   0x00000004   Code   RO         4718    .ARM.Collect$$$$00000004  mc_w.l(entry5.o)
    0x080000f4   0x00000000   Code   RO         4720    .ARM.Collect$$$$00000008  mc_w.l(entry7b.o)
    0x080000f4   0x00000000   Code   RO         4722    .ARM.Collect$$$$0000000A  mc_w.l(entry8b.o)
    0x080000f4   0x00000008   Code   RO         4723    .ARM.Collect$$$$0000000B  mc_w.l(entry9a.o)
    0x080000fc   0x00000000   Code   RO         4725    .ARM.Collect$$$$0000000D  mc_w.l(entry10a.o)
    0x080000fc   0x00000000   Code   RO         4727    .ARM.Collect$$$$0000000F  mc_w.l(entry11a.o)
    0x080000fc   0x00000004   Code   RO         4716    .ARM.Collect$$$$00002712  mc_w.l(entry2.o)
    0x08000100   0x00000024   Code   RO         3158    .text               startup_stm32f10x_md.o
    0x08000124   0x000000a4   Code   RO         3280    .text               os_cpu_a.o
    0x080001c8   0x0000002a   Code   RO         4175    .text               cpu_a.o
    0x080001f2   0x00000002   PAD
    0x080001f4   0x00000008   Code   RO         4355    .text               mc_w.l(ctype_o.o)
    0x080001fc   0x00000012   Code   RO         4377    .text               mc_w.l(isspace_o.o)
    0x0800020e   0x00000024   Code   RO         4383    .text               mc_w.l(memcpya.o)
    0x08000232   0x00000024   Code   RO         4385    .text               mc_w.l(memseta.o)
    0x08000256   0x0000000e   Code   RO         4387    .text               mc_w.l(strlen.o)
    0x08000264   0x00000014   Code   RO         4389    .text               mc_w.l(memchr.o)
    0x08000278   0x0000001a   Code   RO         4391    .text               mc_w.l(memcmp.o)
    0x08000292   0x00000070   Code   RO         4656    .text               mc_w.l(strtol.o)
    0x08000302   0x0000014e   Code   RO         4662    .text               mf_w.l(dadd.o)
    0x08000450   0x000000e4   Code   RO         4664    .text               mf_w.l(dmul.o)
    0x08000534   0x000000de   Code   RO         4666    .text               mf_w.l(ddiv.o)
    0x08000612   0x00000022   Code   RO         4670    .text               mf_w.l(dflti.o)
    0x08000634   0x0000003e   Code   RO         4674    .text               mf_w.l(dfixi.o)
    0x08000672   0x00000002   PAD
    0x08000674   0x00000030   Code   RO         4680    .text               mf_w.l(cdrcmple.o)
    0x080006a4   0x0000002c   Code   RO         4729    .text               mc_w.l(uidiv.o)
    0x080006d0   0x00000062   Code   RO         4731    .text               mc_w.l(uldiv.o)
    0x08000732   0x0000001e   Code   RO         4733    .text               mc_w.l(llshl.o)
    0x08000750   0x00000020   Code   RO         4735    .text               mc_w.l(llushr.o)
    0x08000770   0x00000024   Code   RO         4737    .text               mc_w.l(llsshr.o)
    0x08000794   0x0000009e   Code   RO         4746    .text               mc_w.l(_strtoul.o)
    0x08000832   0x00000002   PAD
    0x08000834   0x0000009c   Code   RO         4748    .text               mc_w.l(strtod.o)
    0x080008d0   0x00000000   Code   RO         4750    .text               mc_w.l(iusefp.o)
    0x080008d0   0x0000006e   Code   RO         4751    .text               mf_w.l(fepilogue.o)
    0x0800093e   0x000000ba   Code   RO         4753    .text               mf_w.l(depilogue.o)
    0x080009f8   0x00000030   Code   RO         4759    .text               mf_w.l(dfixul.o)
    0x08000a28   0x00000024   Code   RO         4761    .text               mc_w.l(init.o)
    0x08000a4c   0x0000001c   Code   RO         4765    .text               mc_w.l(_chval.o)
    0x08000a68   0x00000338   Code   RO         4767    .text               mc_w.l(scanf_fp.o)
    0x08000da0   0x00000040   Code   RO         4771    .text               mc_w.l(_sgetc.o)
    0x08000de0   0x00000018   Code   RO         4776    .text               mf_w.l(dfltul.o)
    0x08000df8   0x00000038   Code   RO         4778    .text               mf_w.l(d2f.o)
    0x08000e30   0x0000003c   Code   RO          311    i.App_GPS_TaskCreate  gpstask.o
    0x08000e6c   0x00000002   Code   RO         4073    i.App_TCBInitHook   os_apphooks.o
    0x08000e6e   0x00000008   Code   RO            1    i.App_TaskCreate    main.o
    0x08000e76   0x00000002   Code   RO         4074    i.App_TaskCreateHook  os_apphooks.o
    0x08000e78   0x00000002   Code   RO         4076    i.App_TaskIdleHook  os_apphooks.o
    0x08000e7a   0x00000002   PAD
    0x08000e7c   0x00000058   Code   RO            2    i.App_TaskStart     main.o
    0x08000ed4   0x00000002   Code   RO         4078    i.App_TaskStatHook  os_apphooks.o
    0x08000ed6   0x00000002   Code   RO         4079    i.App_TaskSwHook    os_apphooks.o
    0x08000ed8   0x00000002   Code   RO         4080    i.App_TimeTickHook  os_apphooks.o
    0x08000eda   0x00000002   PAD
    0x08000edc   0x00000018   Code   RO            3    i.BuildMQ           main.o
    0x08000ef4   0x00000004   Code   RO          154    i.BusFault_Handler  stm32f10x_it.o
    0x08000ef8   0x00000002   Code   RO          155    i.DebugMon_Handler  stm32f10x_it.o
    0x08000efa   0x00000002   PAD
    0x08000efc   0x0000000c   Code   RO         1954    i.EXTI_ClearITPendingBit  stm32f10x_exti.o
    0x08000f08   0x0000002c   Code   RO            4    i.GPIO_Configuration  main.o
    0x08000f34   0x00000116   Code   RO         1021    i.GPIO_Init         stm32f10x_gpio.o
    0x0800104a   0x00000004   Code   RO         1028    i.GPIO_ResetBits    stm32f10x_gpio.o
    0x0800104e   0x00000004   Code   RO         1029    i.GPIO_SetBits      stm32f10x_gpio.o
    0x08001052   0x00000004   Code   RO          156    i.HardFault_Handler  stm32f10x_it.o
    0x08001056   0x0000003a   Code   RO          708    i.Is_Leap_Year      rtc.o
    0x08001090   0x00000004   Code   RO          157    i.MemManage_Handler  stm32f10x_it.o
    0x08001094   0x00000002   Code   RO          158    i.NMI_Handler       stm32f10x_it.o
    0x08001096   0x00000046   Code   RO            5    i.NVIC_Configuration  main.o
    0x080010dc   0x00000070   Code   RO          802    i.NVIC_Init         misc.o
    0x0800114c   0x00000014   Code   RO          803    i.NVIC_PriorityGroupConfig  misc.o
    0x08001160   0x00000014   Code   RO          804    i.NVIC_SetVectorTable  misc.o
    0x08001174   0x0000015c   Code   RO         3162    i.OSDebugInit       os_dbg.o
    0x080012d0   0x00000068   Code   RO         3284    i.OSEventNameSet    os_core.o
    0x08001338   0x00000038   Code   RO         3286    i.OSInit            os_core.o
    0x08001370   0x0000000c   Code   RO         3183    i.OSInitHookBegin   os_cpu_c.o
    0x0800137c   0x00000002   Code   RO         3184    i.OSInitHookEnd     os_cpu_c.o
    0x0800137e   0x00000002   PAD
    0x08001380   0x00000090   Code   RO         3288    i.OSIntExit         os_core.o
    0x08001410   0x000000a0   Code   RO         3726    i.OSQCreate         os_q.o
    0x080014b0   0x0000012c   Code   RO         3729    i.OSQPend           os_q.o
    0x080015dc   0x00000078   Code   RO         3731    i.OSQPost           os_q.o
    0x08001654   0x00000040   Code   RO         3289    i.OSSchedLock       os_core.o
    0x08001694   0x00000060   Code   RO         3290    i.OSSchedUnlock     os_core.o
    0x080016f4   0x00000054   Code   RO         3798    i.OSSemCreate       os_sem.o
    0x08001748   0x000000f8   Code   RO         3800    i.OSSemPend         os_sem.o
    0x08001840   0x0000005e   Code   RO         3802    i.OSSemPost         os_sem.o
    0x0800189e   0x00000002   PAD
    0x080018a0   0x00000048   Code   RO         3291    i.OSStart           os_core.o
    0x080018e8   0x0000004c   Code   RO         3292    i.OSStatInit        os_core.o
    0x08001934   0x0000000c   Code   RO         3185    i.OSTCBInitHook     os_cpu_c.o
    0x08001940   0x000000a8   Code   RO         3852    i.OSTaskCreate      os_task.o
    0x080019e8   0x000000c0   Code   RO         3853    i.OSTaskCreateExt   os_task.o
    0x08001aa8   0x0000000c   Code   RO         3186    i.OSTaskCreateHook  os_cpu_c.o
    0x08001ab4   0x00000008   Code   RO         3188    i.OSTaskIdleHook    os_cpu_c.o
    0x08001abc   0x00000084   Code   RO         3857    i.OSTaskNameSet     os_task.o
    0x08001b40   0x00000008   Code   RO         3189    i.OSTaskStatHook    os_cpu_c.o
    0x08001b48   0x000000a0   Code   RO         3862    i.OSTaskStkChk      os_task.o
    0x08001be8   0x0000009a   Code   RO         3190    i.OSTaskStkInit     os_cpu_c.o
    0x08001c82   0x00000002   PAD
    0x08001c84   0x000000bc   Code   RO         3863    i.OSTaskSuspend     os_task.o
    0x08001d40   0x00000008   Code   RO         3191    i.OSTaskSwHook      os_cpu_c.o
    0x08001d48   0x00000078   Code   RO         3947    i.OSTimeDly         os_time.o
    0x08001dc0   0x00000084   Code   RO         3948    i.OSTimeDlyHMSM     os_time.o
    0x08001e44   0x000000ec   Code   RO         3293    i.OSTimeTick        os_core.o
    0x08001f30   0x00000028   Code   RO         3192    i.OSTimeTickHook    os_cpu_c.o
    0x08001f58   0x00000014   Code   RO         3987    i.OSTmrSignal       os_tmr.o
    0x08001f6c   0x000000f4   Code   RO         3993    i.OSTmr_Init        os_tmr.o
    0x08002060   0x0000004c   Code   RO         3994    i.OSTmr_InitTask    os_tmr.o
    0x080020ac   0x0000006c   Code   RO         3995    i.OSTmr_Link        os_tmr.o
    0x08002118   0x00000080   Code   RO         3996    i.OSTmr_Task        os_tmr.o
    0x08002198   0x00000044   Code   RO         3997    i.OSTmr_Unlink      os_tmr.o
    0x080021dc   0x00000068   Code   RO         3195    i.OS_CPU_SysTickInit  os_cpu_c.o
    0x08002244   0x00000090   Code   RO         3296    i.OS_EventTaskRdy   os_core.o
    0x080022d4   0x0000002a   Code   RO         3297    i.OS_EventTaskRemove  os_core.o
    0x080022fe   0x0000003a   Code   RO         3298    i.OS_EventTaskRemoveMulti  os_core.o
    0x08002338   0x0000007c   Code   RO         3299    i.OS_EventTaskWait  os_core.o
    0x080023b4   0x0000001c   Code   RO         3301    i.OS_EventWaitListInit  os_core.o
    0x080023d0   0x00000058   Code   RO         3504    i.OS_FlagInit       os_flag.o
    0x08002428   0x00000060   Code   RO         3302    i.OS_InitEventList  os_core.o
    0x08002488   0x00000054   Code   RO         3303    i.OS_InitMisc       os_core.o
    0x080024dc   0x00000044   Code   RO         3304    i.OS_InitRdyList    os_core.o
    0x08002520   0x00000080   Code   RO         3305    i.OS_InitTCBList    os_core.o
    0x080025a0   0x0000004c   Code   RO         3306    i.OS_InitTaskIdle   os_core.o
    0x080025ec   0x0000004c   Code   RO         3307    i.OS_InitTaskStat   os_core.o
    0x08002638   0x00000012   Code   RO         3308    i.OS_MemClr         os_core.o
    0x0800264a   0x00000002   PAD
    0x0800264c   0x00000058   Code   RO         3636    i.OS_MemInit        os_mem.o
    0x080026a4   0x00000050   Code   RO         3735    i.OS_QInit          os_q.o
    0x080026f4   0x00000074   Code   RO         3310    i.OS_Sched          os_core.o
    0x08002768   0x0000002c   Code   RO         3311    i.OS_SchedNew       os_core.o
    0x08002794   0x00000134   Code   RO         3313    i.OS_TCBInit        os_core.o
    0x080028c8   0x00000028   Code   RO         3314    i.OS_TaskIdle       os_core.o
    0x080028f0   0x00000088   Code   RO         3315    i.OS_TaskStat       os_core.o
    0x08002978   0x0000003c   Code   RO         3316    i.OS_TaskStatStkChk  os_core.o
    0x080029b4   0x0000001a   Code   RO         3865    i.OS_TaskStkClr     os_task.o
    0x080029ce   0x00000002   PAD
    0x080029d0   0x0000000c   Code   RO         2175    i.PWR_BackupAccessCmd  stm32f10x_pwr.o
    0x080029dc   0x00000020   Code   RO         1131    i.RCC_APB1PeriphClockCmd  stm32f10x_rcc.o
    0x080029fc   0x00000020   Code   RO         1133    i.RCC_APB2PeriphClockCmd  stm32f10x_rcc.o
    0x08002a1c   0x00000058   Code   RO            6    i.RCC_Configuration  main.o
    0x08002a74   0x0000004c   Code   RO         1140    i.RCC_DeInit        stm32f10x_rcc.o
    0x08002ac0   0x000000d4   Code   RO         1141    i.RCC_GetClocksFreq  stm32f10x_rcc.o
    0x08002b94   0x0000003c   Code   RO         1142    i.RCC_GetFlagStatus  stm32f10x_rcc.o
    0x08002bd0   0x00000010   Code   RO         1144    i.RCC_GetSYSCLKSource  stm32f10x_rcc.o
    0x08002be0   0x00000018   Code   RO         1145    i.RCC_HCLKConfig    stm32f10x_rcc.o
    0x08002bf8   0x0000004c   Code   RO         1146    i.RCC_HSEConfig     stm32f10x_rcc.o
    0x08002c44   0x00000018   Code   RO         1152    i.RCC_PCLK1Config   stm32f10x_rcc.o
    0x08002c5c   0x00000018   Code   RO         1153    i.RCC_PCLK2Config   stm32f10x_rcc.o
    0x08002c74   0x0000000c   Code   RO         1154    i.RCC_PLLCmd        stm32f10x_rcc.o
    0x08002c80   0x0000001c   Code   RO         1155    i.RCC_PLLConfig     stm32f10x_rcc.o
    0x08002c9c   0x00000018   Code   RO         1158    i.RCC_SYSCLKConfig  stm32f10x_rcc.o
    0x08002cb4   0x00000038   Code   RO         1160    i.RCC_WaitForHSEStartUp  stm32f10x_rcc.o
    0x08002cec   0x0000000c   Code   RO          710    i.RTCAlarm_IRQHandler  rtc.o
    0x08002cf8   0x00000010   Code   RO         2236    i.RTC_ClearITPendingBit  stm32f10x_rtc.o
    0x08002d08   0x00000014   Code   RO         2237    i.RTC_EnterConfigMode  stm32f10x_rtc.o
    0x08002d1c   0x00000014   Code   RO         2238    i.RTC_ExitConfigMode  stm32f10x_rtc.o
    0x08002d30   0x000000fc   Code   RO          714    i.RTC_Get           rtc.o
    0x08002e2c   0x00000024   Code   RO         2242    i.RTC_GetITStatus   stm32f10x_rtc.o
    0x08002e50   0x00000070   Code   RO          716    i.RTC_IRQHandler    rtc.o
    0x08002ec0   0x000000f0   Code   RO          718    i.RTC_Set           rtc.o
    0x08002fb0   0x0000001c   Code   RO         2245    i.RTC_SetCounter    stm32f10x_rtc.o
    0x08002fcc   0x00000014   Code   RO         2247    i.RTC_WaitForLastTask  stm32f10x_rtc.o
    0x08002fe0   0x00000002   Code   RO          159    i.SVC_Handler       stm32f10x_it.o
    0x08002fe2   0x00000008   Code   RO         3121    i.SetSysClock       system_stm32f10x_1.o
    0x08002fea   0x00000002   PAD
    0x08002fec   0x000000e0   Code   RO         3122    i.SetSysClockTo72   system_stm32f10x_1.o
    0x080030cc   0x00000028   Code   RO          160    i.SysTick_Handler   stm32f10x_it.o
    0x080030f4   0x00000060   Code   RO         3124    i.SystemInit        system_stm32f10x_1.o
    0x08003154   0x0000009c   Code   RO          208    i.USART1_Configuration  uart1gpsout.o
    0x080031f0   0x00000038   Code   RO          209    i.USART1_IRQHandler  uart1gpsout.o
    0x08003228   0x00000098   Code   RO          270    i.USART2_Configuration  uart2gpsin.o
    0x080032c0   0x0000003c   Code   RO          271    i.USART2_IRQHandler  uart2gpsin.o
    0x080032fc   0x00000012   Code   RO         2873    i.USART_ClearFlag   stm32f10x_usart.o
    0x0800330e   0x00000018   Code   RO         2877    i.USART_Cmd         stm32f10x_usart.o
    0x08003326   0x0000001a   Code   RO         2880    i.USART_GetFlagStatus  stm32f10x_usart.o
    0x08003340   0x00000054   Code   RO         2881    i.USART_GetITStatus  stm32f10x_usart.o
    0x08003394   0x0000004a   Code   RO         2883    i.USART_ITConfig    stm32f10x_usart.o
    0x080033de   0x00000002   PAD
    0x080033e0   0x000000d8   Code   RO         2884    i.USART_Init        stm32f10x_usart.o
    0x080034b8   0x0000000a   Code   RO         2891    i.USART_ReceiveData  stm32f10x_usart.o
    0x080034c2   0x00000008   Code   RO         2894    i.USART_SendData    stm32f10x_usart.o
    0x080034ca   0x00000002   PAD
    0x080034cc   0x00000020   Code   RO          210    i.Uart1_PutChar     uart1gpsout.o
    0x080034ec   0x00000004   Code   RO          161    i.UsageFault_Handler  stm32f10x_it.o
    0x080034f0   0x00000020   Code   RO         4628    i.__0printf         mc_w.l(printfa.o)
    0x08003510   0x00000028   Code   RO         4629    i.__0snprintf       mc_w.l(printfa.o)
    0x08003538   0x00000024   Code   RO         4633    i.__0vsnprintf      mc_w.l(printfa.o)
    0x0800355c   0x00000008   Code   RO         4739    i.__aeabi_errno_addr  mc_w.l(errno.o)
    0x08003564   0x0000000e   Code   RO         4782    i.__scatterload_copy  mc_w.l(handlers.o)
    0x08003572   0x00000002   Code   RO         4783    i.__scatterload_null  mc_w.l(handlers.o)
    0x08003574   0x0000000e   Code   RO         4784    i.__scatterload_zeroinit  mc_w.l(handlers.o)
    0x08003582   0x00000002   PAD
    0x08003584   0x00000164   Code   RO         4635    i._fp_digits        mc_w.l(printfa.o)
    0x080036e8   0x0000000e   Code   RO         4769    i._is_digit         mc_w.l(scanf_fp.o)
    0x080036f6   0x00000002   PAD
    0x080036f8   0x000000c4   Code   RO          397    i._nmea_parse_time  nmeaparse.o
    0x080037bc   0x000006dc   Code   RO         4636    i._printf_core      mc_w.l(printfa.o)
    0x08003e98   0x00000024   Code   RO         4637    i._printf_post_padding  mc_w.l(printfa.o)
    0x08003ebc   0x0000002e   Code   RO         4638    i._printf_pre_padding  mc_w.l(printfa.o)
    0x08003eea   0x00000016   Code   RO         4639    i._snputc           mc_w.l(printfa.o)
    0x08003f00   0x000000dc   Code   RO         4311    i.ceil              m_ws.l(ceil.o)
    0x08003fdc   0x00000012   Code   RO          213    i.fputc             uart1gpsout.o
    0x08003fee   0x00000002   PAD
    0x08003ff0   0x00000124   Code   RO          316    i.gpsTask           gpstask.o
    0x08004114   0x00000240   Code   RO          317    i.handerGpsData     gpstask.o
    0x08004354   0x00000060   Code   RO            7    i.main              main.o
    0x080043b4   0x00000036   Code   RO          513    i.nmea_atof         tok.o
    0x080043ea   0x00000032   Code   RO          514    i.nmea_atoi         tok.o
    0x0800441c   0x00000018   Code   RO          515    i.nmea_calc_crc     tok.o
    0x08004434   0x00000080   Code   RO          571    i.nmea_gen_GPGGA    nmeagenerate.o
    0x080044b4   0x00000070   Code   RO          572    i.nmea_gen_GPGSA    nmeagenerate.o
    0x08004524   0x00000068   Code   RO          573    i.nmea_gen_GPGSV    nmeagenerate.o
    0x0800458c   0x00000080   Code   RO          574    i.nmea_gen_GPRMC    nmeagenerate.o
    0x0800460c   0x00000074   Code   RO          575    i.nmea_gen_GPVTG    nmeagenerate.o
    0x08004680   0x000000f8   Code   RO          576    i.nmea_generate     nmeagenerate.o
    0x08004778   0x00000038   Code   RO          577    i.nmea_gsv_npack    nmeagenerate.o
    0x080047b0   0x00000080   Code   RO          578    i.nmea_info2GPGGA   nmeagenerate.o
    0x08004830   0x00000060   Code   RO          579    i.nmea_info2GPGSA   nmeagenerate.o
    0x08004890   0x0000007e   Code   RO          580    i.nmea_info2GPGSV   nmeagenerate.o
    0x0800490e   0x00000002   PAD
    0x08004910   0x000000b8   Code   RO          581    i.nmea_info2GPRMC   nmeagenerate.o
    0x080049c8   0x00000044   Code   RO          582    i.nmea_info2GPVTG   nmeagenerate.o
    0x08004a0c   0x0000010c   Code   RO          399    i.nmea_pack_type    nmeaparse.o
    0x08004b18   0x000000cc   Code   RO          401    i.nmea_parse_GPGSA  nmeaparse.o
    0x08004be4   0x000000c0   Code   RO          402    i.nmea_parse_GPGSV  nmeaparse.o
    0x08004ca4   0x00000108   Code   RO          403    i.nmea_parse_GPRMC  nmeaparse.o
    0x08004dac   0x00000070   Code   RO          516    i.nmea_printf       tok.o
    0x08004e1c   0x0000021a   Code   RO          517    i.nmea_scanf        tok.o
    0x08005036   0x00000024   Code   RO          583    i.nmea_zero_GPGGA   nmeagenerate.o
    0x0800505a   0x00000016   Code   RO          584    i.nmea_zero_GPGSA   nmeagenerate.o
    0x08005070   0x0000000e   Code   RO          585    i.nmea_zero_GPGSV   nmeagenerate.o
    0x0800507e   0x00000022   Code   RO          586    i.nmea_zero_GPRMC   nmeagenerate.o
    0x080050a0   0x00000022   Code   RO          587    i.nmea_zero_GPVTG   nmeagenerate.o
    0x080050c2   0x00000002   PAD
    0x080050c4   0x000000cc   Code   RO          274    i.receivOneFrameData  uart2gpsin.o
    0x08005190   0x0000001c   Code   RO         4349    i.strtod            m_ws.l(strtod.o)
    0x080051ac   0x00000078   Code   RO          321    i.testNmeaGenerate  gpstask.o
    0x08005224   0x0000000c   Data   RO          721    .constdata          rtc.o
    0x08005230   0x00000074   Data   RO         3163    .constdata          os_dbg.o
    0x080052a4   0x00000100   Data   RO         3318    .constdata          os_core.o
    0x080053a4   0x00000081   Data   RO         4356    .constdata          mc_w.l(ctype_o.o)
    0x08005425   0x00000003   PAD
    0x08005428   0x00000004   Data   RO         4357    .constdata          mc_w.l(ctype_o.o)
    0x0800542c   0x00000043   Data   RO          324    .conststring        gpstask.o
    0x0800546f   0x00000001   PAD
    0x08005470   0x000000aa   Data   RO          406    .conststring        nmeaparse.o
    0x0800551a   0x00000002   PAD
    0x0800551c   0x0000017b   Data   RO          589    .conststring        nmeagenerate.o
    0x08005697   0x00000001   PAD
    0x08005698   0x00000020   Data   RO         4780    Region$$Table       anon$$obj.o


    Execution Region RW_IRAM1 (Base: 0x20000000, Size: 0x00002790, Max: 0x00005000, ABSOLUTE)

    Base Addr    Size         Type   Attr      Idx    E Section Name        Object

    0x20000000   0x00000004   Data   RW            9    .data               main.o
    0x20000004   0x00000004   Data   RW          214    .data               uart1gpsout.o
    0x20000008   0x0000000e   Data   RW          276    .data               uart2gpsin.o
    0x20000016   0x00000002   PAD
    0x20000018   0x00000008   Data   RW          325    .data               gpstask.o
    0x20000020   0x00000044   Data   RW          407    .data               nmeaparse.o
    0x20000064   0x00000002   Data   RW          722    .data               rtc.o
    0x20000066   0x00000014   Data   RW         1161    .data               stm32f10x_rcc.o
    0x2000007a   0x00000002   PAD
    0x2000007c   0x00000014   Data   RW         3125    .data               system_stm32f10x_1.o
    0x20000090   0x00000002   Data   RW         3196    .data               os_cpu_c.o
    0x20000092   0x00000002   PAD
    0x20000094   0x00000060   Data   RW         3319    .data               os_core.o
    0x200000f4   0x00000004   Data   RW         4742    .data               mc_w.l(errno.o)
    0x200000f8   0x00000150   Zero   RW            8    .bss                main.o
    0x20000248   0x00000064   Zero   RW          275    .bss                uart2gpsin.o
    0x200002ac   0x00001000   Zero   RW          322    .bss                gpstask.o
    0x200012ac   0x0000000a   Zero   RW          720    .bss                rtc.o
    0x200012b6   0x00000002   PAD
    0x200012b8   0x000010d8   Zero   RW         3317    .bss                os_core.o
    0x20002390   0x00000400   Zero   RW         3155    STACK               startup_stm32f10x_md.o


==============================================================================

Image component sizes


      Code (inc. data)   RO Data    RW Data    ZI Data      Debug   Object Name

         0          0          0          0          0         32   core_cm3.o
        42          0          0          0          0        308   cpu_a.o
      1048        440         67          8       4096       3304   gpstask.o
       418         68          0          4        336     254946   main.o
       152         30          0          0          0       2141   misc.o
      1634         84        379          0          0      14122   nmeagenerate.o
      1124        278        170         68          0       4561   nmeaparse.o
        12          0          0          0          0       2577   os_apphooks.o
      2494        408        256         96       4312      23790   os_core.o
       164         32          0          0          0        364   os_cpu_a.o
       360         24          0          2          0      30882   os_cpu_c.o
       348        230        116          0          0       3478   os_dbg.o
        88         14          0          0          0        578   os_flag.o
        88         14          0          0          0        525   os_mem.o
       660         36          0          0          0       3307   os_q.o
       426         24          0          0          0       2354   os_sem.o
       866         64          0          0          0       5284   os_task.o
       252         28          0          0          0       1368   os_time.o
       644        132          0          0          0       3735   os_tmr.o
       674         98         12          2         10       4004   rtc.o
        36          8        236          0       1024        876   startup_stm32f10x_md.o
        12          6          0          0          0        537   stm32f10x_exti.o
       286          0          0          0          0       3092   stm32f10x_gpio.o
        62          6          0          0          0       3269   stm32f10x_it.o
        12          6          0          0          0        526   stm32f10x_pwr.o
       696         92          0         20          0      10662   stm32f10x_rcc.o
       140         26          0          0          0       3128   stm32f10x_rtc.o
       460          6          0          0          0       6807   stm32f10x_usart.o
       328         28          0         20          0       2053   system_stm32f10x_1.o
       778         10          0          0          0       4315   tok.o
       262         32          0          4          0     207297   uart1gpsout.o
       416         44          0         14        100       2380   uart2gpsin.o

    ----------------------------------------------------------------------
     15012       2268       1272        244       9880     606602   Object Totals
         0          0         32          0          0          0   (incl. Generated)
        30          0          4          6          2          0   (incl. Padding)

    ----------------------------------------------------------------------

      Code (inc. data)   RO Data    RW Data    ZI Data      Debug   Library Member Name

       220         16          0          0          0         84   ceil.o
        28          0          0          0          0         80   strtod.o
        28          0          0          0          0         68   _chval.o
        64          0          0          0          0         84   _sgetc.o
       158          0          0          0          0         92   _strtoul.o
         8          4        133          0          0         68   ctype_o.o
         0          0          0          0          0          0   entry.o
         0          0          0          0          0          0   entry10a.o
         0          0          0          0          0          0   entry11a.o
         8          4          0          0          0          0   entry2.o
         4          0          0          0          0          0   entry5.o
         0          0          0          0          0          0   entry7b.o
         0          0          0          0          0          0   entry8b.o
         8          4          0          0          0          0   entry9a.o
         8          4          0          4          0         68   errno.o
        30          0          0          0          0          0   handlers.o
        36          8          0          0          0         68   init.o
        18          0          0          0          0         76   isspace_o.o
         0          0          0          0          0          0   iusefp.o
        30          0          0          0          0         68   llshl.o
        36          0          0          0          0         68   llsshr.o
        32          0          0          0          0         68   llushr.o
        20          0          0          0          0         68   memchr.o
        26          0          0          0          0         80   memcmp.o
        36          0          0          0          0         68   memcpya.o
        36          0          0          0          0        108   memseta.o
      2324         98          0          0          0        676   printfa.o
       838         12          0          0          0        216   scanf_fp.o
        14          0          0          0          0         68   strlen.o
       156         14          0          0          0        120   strtod.o
       112          0          0          0          0         88   strtol.o
        44          0          0          0          0         80   uidiv.o
        98          0          0          0          0         92   uldiv.o
        48          0          0          0          0         68   cdrcmple.o
        56          0          0          0          0         88   d2f.o
       334          0          0          0          0        148   dadd.o
       222          0          0          0          0        100   ddiv.o
       186          0          0          0          0        176   depilogue.o
        62          0          0          0          0         80   dfixi.o
        48          0          0          0          0         68   dfixul.o
        34          0          0          0          0         76   dflti.o
        24          0          0          0          0         76   dfltul.o
       228          0          0          0          0         96   dmul.o
       110          0          0          0          0        168   fepilogue.o

    ----------------------------------------------------------------------
      5780        164        136          4          0       3700   Library Totals
         8          0          3          0          0          0   (incl. Padding)

    ----------------------------------------------------------------------

      Code (inc. data)   RO Data    RW Data    ZI Data      Debug   Library Name

       248         16          0          0          0        164   m_ws.l
      4172        148        133          4          0       2392   mc_w.l
      1352          0          0          0          0       1144   mf_w.l

    ----------------------------------------------------------------------
      5780        164        136          4          0       3700   Library Totals

    ----------------------------------------------------------------------

==============================================================================


      Code (inc. data)   RO Data    RW Data    ZI Data      Debug   

     20792       2432       1408        248       9880     600210   Grand Totals
     20792       2432       1408        248       9880     600210   ELF Image Totals
     20792       2432       1408        248          0          0   ROM Totals

==============================================================================

    Total RO  Size (Code + RO Data)                22200 (  21.68kB)
    Total RW  Size (RW Data + ZI Data)             10128 (   9.89kB)
    Total ROM Size (Code + RO Data + RW Data)      22448 (  21.92kB)

==============================================================================

