<html>
<body>
<pre>
<h1>µVision Build Log</h1>
<h2>Tool Versions:</h2>
IDE-Version: ¦ÌVision V5.14.0.0
Copyright (C) 2015 ARM Ltd and ARM Germany GmbH. All rights reserved.
License Information: yekaifeng Microsoft, Microsoft, LIC=8VR8T-R52E5-KBSER-KBEZT-YPS1T-8KZ3K
 
Tool Versions:
Toolchain:       MDK-ARM Standard  Version: 5.14.0.0
Toolchain Path:  D:\Keil_v5\ARM\ARMCC\Bin
C Compiler:      Armcc.exe V5.05 update 1 (build 106)
Assembler:       Armasm.exe V5.05 update 1 (build 106)
Linker/Locator:  ArmLink.exe V5.05 update 1 (build 106)
Library Manager: ArmAr.exe V5.05 update 1 (build 106)
Hex Converter:   FromElf.exe V5.05 update 1 (build 106)
CPU DLL:         SARMCM3.DLL V5.14.0.0
Dialog DLL:      DARMSTM.DLL V1.65.0.0
Target DLL:      STLink\ST-LINKIII-KEIL_SWO.dll V2.0.14.0_KEIL
Dialog DLL:      TARMSTM.DLL V1.64.0.0
 
<h2>Project:</h2>
G:\Keil\stm32\STM32_uCOS_GPS\MDK-ARM\Project.uvprojx
Project File Date:  09/22/2018

<h2>Output:</h2>
Build target 'blkeji'
compiling gpsTask.c...
..\USER\gpsTask.c(30): warning:  #550-D: variable "ret" was set but never used
        u8 ret = 0;
..\USER\gpsTask.c(36): warning:  #177-D: variable "buffer" was declared but never referenced
        char buffer[80];
..\USER\gpsTask.c(63): warning:  #111-D: statement is unreachable
        printf("=========GPGSA_CallBack=====\n");
..\USER\gpsTask.c(75): warning:  #111-D: statement is unreachable
        printf("=========GPGSV_CallBack=====\n");
..\USER\gpsTask.c(84): warning:  #223-D: function "initParserCallBack" declared implicitly
      initParserCallBack(GPRMC_CallBack,GPGGA_CallBack,
..\USER\gpsTask.c(104): warning:  #167-D: argument of type "const char *" is incompatible with parameter of type "const u8 *"
                 parseGpsData(buff[i],(int)strlen(buff[i]));
..\USER\gpsTask.c(88): warning:  #177-D: variable "j" was declared but never referenced
       int i = 0,j = 0,lengh;
..\USER\gpsTask.c(126): warning:  #223-D: function "nmea_generate" declared implicitly
      nmea_generate(&buff[0], 100, &info,GPRMC);
..\USER\gpsTask.c(155): warning:  #223-D: function "nmea_pack_type" declared implicitly
        pack_type = nmea_pack_type(&buff[1],size);
..\USER\gpsTask.c(158): warning:  #223-D: function "nmea_parse_GPRMC" declared implicitly
                         nmea_parse_GPRMC(buff,size,&rmcPack);
..\USER\gpsTask.c(161): warning:  #223-D: function "nmea_ndeg2degree" declared implicitly
                         nmea_ndeg2degree(rmcPack.lat,&nowPos.lat);
..\USER\gpsTask.c(189): warning:  #223-D: function "nmea_parse_GPGSA" declared implicitly
                         nmea_parse_GPGSA(buff,size,&gsaPack);
..\USER\gpsTask.c(194): warning:  #223-D: function "nmea_parse_GPGSV" declared implicitly
                         nmea_parse_GPGSV(buff,size,&gsvpack);
..\USER\gpsTask.c(202): warning:  #223-D: function "nmea_parse_GPVTG" declared implicitly
                         nmea_parse_GPVTG(buff,size,vtgPack);
..\USER\gpsTask.c(205): warning:  #181-D: argument is incompatible with corresponding format string conversion
                                                                      vtgPack.dec,vtgPack.dec_m,
..\USER\gpsTask.c(206): warning:  #181-D: argument is incompatible with corresponding format string conversion
                                                                      vtgPack.spn,vtgPack.spn_n,
..\USER\gpsTask.c(206): warning:  #181-D: argument is incompatible with corresponding format string conversion
                                                                      vtgPack.spn,vtgPack.spn_n,
..\USER\gpsTask.c(207): warning:  #181-D: argument is incompatible with corresponding format string conversion
                                                                      vtgPack.spk,vtgPack.spk_k);
..\USER\gpsTask.c(207): warning:  #225-D: the format string ends before this argument
                                                                      vtgPack.spk,vtgPack.spk_k);
..\USER\gpsTask.c(150): warning:  #177-D: variable "hAcc" was declared but never referenced
        int hAcc = 0;
..\USER\gpsTask.c(223): warning:  #223-D: function "Uart2_PutChar" declared implicitly
            Uart2_PutChar(enableCFG[i]);
..\USER\gpsTask.c(231): warning:  #223-D: function "Uart1_PutChar" declared implicitly
                else               Uart1_PutChar(buffer[i]);
..\USER\gpsTask.c(241): warning:  #223-D: function "ubxhAcc" declared implicitly
                hAcc = ubxhAcc(ubxBuffer,size);
..\USER\gpsTask.c(260): warning:  #223-D: function "GetDistance" declared implicitly
      dst = GetDistance(from_pos,to_pos);
..\USER\gpsTask.c: 24 warnings, 0 errors
linking...
Program Size: Code=19820 RO-data=1668 RW-data=252 ZI-data=7756  
FromELF: creating hex file...
".\Obj\Project.axf" - 0 Error(s), 24 Warning(s).

<h2>Collection of Component include folders:</h2>
  G:\Keil\stm32\STM32_uCOS_GPS\MDK-ARM\RTE
  D:\Keil_v5\ARM\PACK\Keil\STM32F1xx_DFP\1.0.5\Device\Include

<h2>Collection of Component Files used:</h2>
</pre>
</body>
</html>
