<html>
<body>
<pre>
<h1>µVision Build Log</h1>
<h2>Project:</h2>
G:\Keil\stm32\STM32_uCOS_GPS\MDK-ARM\Project.uvproj
Project File Date:  09/15/2018

<h2>Output:</h2>
Build target 'blkeji'
compiling context.c...
..\nmea\src\context.c(11): error:  #5: cannot open source input file "nmea/context.h": No such file or directory
compiling generate.c...
..\nmea\src\generate.c(11): error:  #5: cannot open source input file "nmea/tok.h": No such file or directory
compiling generator.c...
..\nmea\src\generator.c(11): error:  #5: cannot open source input file "nmea/gmath.h": No such file or directory
compiling gmath.c...
..\nmea\src\gmath.c(13): error:  #5: cannot open source input file "nmea/gmath.h": No such file or directory
compiling info.c...
..\nmea\src\info.c(13): error:  #5: cannot open source input file "nmea/info.h": No such file or directory
compiling parse.c...
..\nmea\src\parse.c(57): error:  #5: cannot open source input file "nmea/tok.h": No such file or directory
compiling parser.c...
..\nmea\src\parser.c(15): error:  #5: cannot open source input file "nmea/tok.h": No such file or directory
compiling sentence.c...
..\nmea\src\sentence.c(11): error:  #5: cannot open source input file "nmea/sentence.h": No such file or directory
compiling time.c...
..\nmea\src\time.c(13): error:  #5: cannot open source input file "nmea/time.h": No such file or directory
compiling tok.c...
..\nmea\src\tok.c(13): error:  #5: cannot open source input file "nmea/tok.h": No such file or directory
Target not created
Build target 'blkeji'
compiling main.c...
..\USER\main.c(148): warning:  #223-D: function "USART1_Configuration" declared implicitly
..\USER\main.c(149): warning:  #223-D: function "USART2_Configuration" declared implicitly
compiling stm32f10x_it.c...
compiling nmeaParse.c...
compiling uart1GpsOut.c...
compiling uart2GpsIn.c...
compiling gpsTask.c...
..\USER\gpsTask.c(49): warning:  #550-D: variable "ret" was set but never used
..\USER\gpsTask.c(59): warning:  #940-D: missing return statement at end of non-void function "nmea_gen_GPRMC"
..\USER\gpsTask.c(62): warning:  #177-D: variable "buffer" was declared but never referenced
..\USER\gpsTask.c(89): warning:  #111-D: statement is unreachable
..\USER\gpsTask.c(101): warning:  #111-D: statement is unreachable
..\USER\gpsTask.c(110): warning:  #223-D: function "initParserCallBack" declared implicitly
..\USER\gpsTask.c(134): warning:  #223-D: function "GetDistance" declared implicitly
..\USER\gpsTask.c(117): warning:  #550-D: variable "dst" was set but never used
compiling gmath.c...
..\USER\gmath.c(29): warning:  #223-D: function "printf" declared implicitly
..\USER\gmath.c(31): warning:  #223-D: function "printf" declared implicitly
compiling misc.c...
compiling stm32f10x_flash.c...
compiling stm32f10x_gpio.c...
compiling stm32f10x_rcc.c...
compiling stm32f10x_adc.c...
compiling stm32f10x_bkp.c...
compiling stm32f10x_cec.c...
compiling stm32f10x_crc.c...
compiling stm32f10x_dac.c...
compiling stm32f10x_dbgmcu.c...
compiling stm32f10x_dma.c...
compiling stm32f10x_exti.c...
compiling stm32f10x_fsmc.c...
compiling stm32f10x_iwdg.c...
compiling stm32f10x_pwr.c...
compiling stm32f10x_rtc.c...
compiling stm32f10x_tim.c...
compiling stm32f10x_usart.c...
compiling stm32f10x_wwdg.c...
compiling core_cm3.c...
compiling system_stm32f10x.c...
compiling os_dbg.c...
compiling os_cpu_c.c...
compiling os_core.c...
compiling os_flag.c...
compiling os_mbox.c...
compiling os_mem.c...
compiling os_mutex.c...
compiling os_q.c...
compiling os_sem.c...
compiling os_task.c...
compiling os_time.c...
compiling os_tmr.c...
compiling OS_AppHooks.c...
compiling cpu_c.c...
compiling lib_mem.c...
compiling lib_str.c...
compiling context.c...
compiling generate.c...
compiling generator.c...
compiling gmath.c...
..\nmea\src\gmath.c(166): warning:  #550-D: variable "tan_sigma" was set but never used
..\nmea\src\gmath.c(264): warning:  #550-D: variable "tan_sigma1" was set but never used
..\nmea\src\gmath.c(264): warning:  #550-D: variable "cos_alpha" was set but never used
compiling info.c...
compiling parse.c...
compiling parser.c...
compiling sentence.c...
compiling time.c...
compiling tok.c...
linking...
.\Obj\Project.axf: Warning: L6304W: Duplicate input file .\obj\gmath.o ignored.
.\Obj\Project.axf: Error: L6200E: Symbol nmea_gen_GPRMC multiply defined (by generate.o and gpstask.o).
Target not created
Build target 'blkeji'
compiling gmath.c...
..\USER\gmath.c(29): warning:  #223-D: function "printf" declared implicitly
..\USER\gmath.c(31): warning:  #223-D: function "printf" declared implicitly
compiling gmath.c...
..\nmea\src\gmath.c(166): warning:  #550-D: variable "tan_sigma" was set but never used
..\nmea\src\gmath.c(264): warning:  #550-D: variable "tan_sigma1" was set but never used
..\nmea\src\gmath.c(264): warning:  #550-D: variable "cos_alpha" was set but never used
linking...
.\Obj\Project.axf: Warning: L6304W: Duplicate input file .\obj\gmath.o ignored.
.\Obj\Project.axf: Error: L6200E: Symbol nmea_gen_GPRMC multiply defined (by generate.o and gpstask.o).
Target not created
Build target 'blkeji'
compiling gpsTask.c...
..\USER\gpsTask.c(49): warning:  #550-D: variable "ret" was set but never used
..\USER\gpsTask.c(55): warning:  #177-D: variable "buffer" was declared but never referenced
..\USER\gpsTask.c(82): warning:  #111-D: statement is unreachable
..\USER\gpsTask.c(94): warning:  #111-D: statement is unreachable
..\USER\gpsTask.c(103): warning:  #223-D: function "initParserCallBack" declared implicitly
..\USER\gpsTask.c(127): warning:  #223-D: function "GetDistance" declared implicitly
..\USER\gpsTask.c(110): warning:  #550-D: variable "dst" was set but never used
compiling gmath.c...
..\USER\gmath.c(29): warning:  #223-D: function "printf" declared implicitly
..\USER\gmath.c(31): warning:  #223-D: function "printf" declared implicitly
compiling gmath.c...
..\nmea\src\gmath.c(166): warning:  #550-D: variable "tan_sigma" was set but never used
..\nmea\src\gmath.c(264): warning:  #550-D: variable "tan_sigma1" was set but never used
..\nmea\src\gmath.c(264): warning:  #550-D: variable "cos_alpha" was set but never used
linking...
.\Obj\Project.axf: Warning: L6304W: Duplicate input file .\obj\gmath.o ignored.
.\Obj\Project.axf: Error: L6218E: Undefined symbol GetDistance (referred from gpstask.o).
Target not created
Build target 'blkeji'
compiling gpsTask.c...
..\USER\gpsTask.c(49): warning:  #550-D: variable "ret" was set but never used
..\USER\gpsTask.c(55): warning:  #177-D: variable "buffer" was declared but never referenced
..\USER\gpsTask.c(82): warning:  #111-D: statement is unreachable
..\USER\gpsTask.c(94): warning:  #111-D: statement is unreachable
..\USER\gpsTask.c(103): warning:  #223-D: function "initParserCallBack" declared implicitly
..\USER\gpsTask.c(110): warning:  #177-D: variable "dst" was declared but never referenced
..\USER\gpsTask.c(111): warning:  #550-D: variable "from_pos" was set but never used
..\USER\gpsTask.c(111): warning:  #550-D: variable "to_pos" was set but never used
compiling gmath.c...
..\USER\gmath.c(29): warning:  #223-D: function "printf" declared implicitly
..\USER\gmath.c(31): warning:  #223-D: function "printf" declared implicitly
compiling gmath.c...
..\nmea\src\gmath.c(166): warning:  #550-D: variable "tan_sigma" was set but never used
..\nmea\src\gmath.c(264): warning:  #550-D: variable "tan_sigma1" was set but never used
..\nmea\src\gmath.c(264): warning:  #550-D: variable "cos_alpha" was set but never used
linking...
.\Obj\Project.axf: Warning: L6304W: Duplicate input file .\obj\gmath.o ignored.
Program Size: Code=18868 RO-data=1048 RW-data=184 ZI-data=6432  
FromELF: creating hex file...
".\Obj\Project.axf" - 0 Error(s), 14 Warning(s).
Build target 'blkeji'
compiling gmath.c...
..\USER\gmath.c(29): warning:  #223-D: function "printf" declared implicitly
..\USER\gmath.c(31): warning:  #223-D: function "printf" declared implicitly
compiling gps_test.c...
..\USER\gps_test.c(26): warning:  #550-D: variable "result" was set but never used
compiling gmath.c...
..\nmea\src\gmath.c(166): warning:  #550-D: variable "tan_sigma" was set but never used
..\nmea\src\gmath.c(264): warning:  #550-D: variable "tan_sigma1" was set but never used
..\nmea\src\gmath.c(264): warning:  #550-D: variable "cos_alpha" was set but never used
linking...
.\Obj\Project.axf: Warning: L6304W: Duplicate input file .\obj\gmath.o ignored.
.\Obj\Project.axf: Error: L6200E: Symbol __ARM_use_no_argv multiply defined (by gps_test.o and main.o).
.\Obj\Project.axf: Error: L6200E: Symbol main multiply defined (by gps_test.o and main.o).
Target not created
Build target 'blkeji'
compiling gmath.c...
..\USER\gmath.c(29): warning:  #223-D: function "printf" declared implicitly
..\USER\gmath.c(31): warning:  #223-D: function "printf" declared implicitly
compiling gps_test.c...
..\USER\gps_test.c(26): warning:  #550-D: variable "result" was set but never used
compiling gmath.c...
..\nmea\src\gmath.c(166): warning:  #550-D: variable "tan_sigma" was set but never used
..\nmea\src\gmath.c(264): warning:  #550-D: variable "tan_sigma1" was set but never used
..\nmea\src\gmath.c(264): warning:  #550-D: variable "cos_alpha" was set but never used
linking...
.\Obj\Project.axf: Warning: L6304W: Duplicate input file .\obj\gmath.o ignored.
Program Size: Code=18868 RO-data=1048 RW-data=184 ZI-data=6432  
FromELF: creating hex file...
".\Obj\Project.axf" - 0 Error(s), 7 Warning(s).
Build target 'blkeji'
compiling gpsTask.c...
..\USER\gpsTask.c(49): warning:  #550-D: variable "ret" was set but never used
..\USER\gpsTask.c(55): warning:  #177-D: variable "buffer" was declared but never referenced
..\USER\gpsTask.c(82): warning:  #111-D: statement is unreachable
..\USER\gpsTask.c(94): warning:  #111-D: statement is unreachable
..\USER\gpsTask.c(103): warning:  #223-D: function "initParserCallBack" declared implicitly
..\USER\gpsTask.c(128): warning:  #223-D: function "mainTest" declared implicitly
..\USER\gpsTask.c(110): warning:  #177-D: variable "dst" was declared but never referenced
..\USER\gpsTask.c(111): warning:  #550-D: variable "from_pos" was set but never used
..\USER\gpsTask.c(111): warning:  #550-D: variable "to_pos" was set but never used
compiling gmath.c...
..\USER\gmath.c(29): warning:  #223-D: function "printf" declared implicitly
..\USER\gmath.c(31): warning:  #223-D: function "printf" declared implicitly
compiling gmath.c...
..\nmea\src\gmath.c(166): warning:  #550-D: variable "tan_sigma" was set but never used
..\nmea\src\gmath.c(264): warning:  #550-D: variable "tan_sigma1" was set but never used
..\nmea\src\gmath.c(264): warning:  #550-D: variable "cos_alpha" was set but never used
linking...
.\Obj\Project.axf: Warning: L6304W: Duplicate input file .\obj\gmath.o ignored.
.\Obj\Project.axf: error: L6050U: The code size of this image (37352 bytes) exceeds the maximum allowed for this version of the linker.
Target not created
Build target 'blkeji'
compiling gmath.c...
..\USER\gmath.c(29): warning:  #223-D: function "printf" declared implicitly
..\USER\gmath.c(31): warning:  #223-D: function "printf" declared implicitly
compiling gps_test.c...
..\USER\gps_test.c(26): warning:  #550-D: variable "result" was set but never used
compiling context.c...
compiling generate.c...
compiling generator.c...
compiling gmath.c...
..\nmea\src\gmath.c(166): warning:  #550-D: variable "tan_sigma" was set but never used
..\nmea\src\gmath.c(264): warning:  #550-D: variable "tan_sigma1" was set but never used
..\nmea\src\gmath.c(264): warning:  #550-D: variable "cos_alpha" was set but never used
compiling info.c...
compiling parse.c...
compiling parser.c...
compiling sentence.c...
compiling time.c...
compiling tok.c...
linking...
.\Obj\Project.axf: Warning: L6304W: Duplicate input file .\obj\gmath.o ignored.
.\Obj\Project.axf: error: L6050U: The code size of this image (37352 bytes) exceeds the maximum allowed for this version of the linker.
Target not created
Build target 'blkeji'
linking...
.\Obj\Project.axf: error: L6050U: The code size of this image (37352 bytes) exceeds the maximum allowed for this version of the linker.
Target not created
Build target 'blkeji'
linking...
.\Obj\Project.axf: error: L6050U: The code size of this image (37352 bytes) exceeds the maximum allowed for this version of the linker.
Target not created
Build target 'blkeji'
compiling gps_test.c...
..\USER\gps_test.c(26): warning:  #550-D: variable "result" was set but never used
compiling context.c...
compiling generator.c...
compiling parse.c...
compiling parser.c...
linking...
.\Obj\Project.axf: error: L6050U: The code size of this image (37352 bytes) exceeds the maximum allowed for this version of the linker.
Target not created
Clean started: Project: 'Project'
   deleting intermediate output files for target 'blkeji'
Build target 'blkeji'
compiling main.c...
..\USER\main.c(148): warning:  #223-D: function "USART1_Configuration" declared implicitly
..\USER\main.c(149): warning:  #223-D: function "USART2_Configuration" declared implicitly
compiling stm32f10x_it.c...
compiling nmeaParse.c...
compiling uart1GpsOut.c...
compiling uart2GpsIn.c...
compiling gpsTask.c...
..\USER\gpsTask.c(49): warning:  #550-D: variable "ret" was set but never used
..\USER\gpsTask.c(55): warning:  #177-D: variable "buffer" was declared but never referenced
..\USER\gpsTask.c(82): warning:  #111-D: statement is unreachable
..\USER\gpsTask.c(94): warning:  #111-D: statement is unreachable
..\USER\gpsTask.c(103): warning:  #223-D: function "initParserCallBack" declared implicitly
..\USER\gpsTask.c(128): warning:  #223-D: function "mainTest" declared implicitly
..\USER\gpsTask.c(110): warning:  #177-D: variable "dst" was declared but never referenced
..\USER\gpsTask.c(111): warning:  #550-D: variable "from_pos" was set but never used
..\USER\gpsTask.c(111): warning:  #550-D: variable "to_pos" was set but never used
compiling gps_test.c...
..\USER\gps_test.c(26): warning:  #550-D: variable "result" was set but never used
compiling misc.c...
compiling stm32f10x_flash.c...
compiling stm32f10x_gpio.c...
compiling stm32f10x_rcc.c...
compiling stm32f10x_adc.c...
compiling stm32f10x_bkp.c...
compiling stm32f10x_cec.c...
compiling stm32f10x_crc.c...
compiling stm32f10x_dac.c...
compiling stm32f10x_dbgmcu.c...
compiling stm32f10x_dma.c...
compiling stm32f10x_exti.c...
compiling stm32f10x_fsmc.c...
compiling stm32f10x_iwdg.c...
compiling stm32f10x_pwr.c...
compiling stm32f10x_rtc.c...
compiling stm32f10x_tim.c...
compiling stm32f10x_usart.c...
compiling stm32f10x_wwdg.c...
compiling core_cm3.c...
compiling system_stm32f10x.c...
assembling startup_stm32f10x_md.s...
compiling os_dbg.c...
compiling os_cpu_c.c...
assembling os_cpu_a.asm...
compiling os_core.c...
compiling os_flag.c...
compiling os_mbox.c...
compiling os_mem.c...
compiling os_mutex.c...
compiling os_q.c...
compiling os_sem.c...
compiling os_task.c...
compiling os_time.c...
compiling os_tmr.c...
compiling OS_AppHooks.c...
compiling cpu_c.c...
assembling cpu_a.asm...
compiling lib_mem.c...
compiling lib_str.c...
assembling lib_mem_a.asm...
compiling context.c...
compiling generate.c...
compiling generator.c...
compiling gmath.c...
..\nmea\src\gmath.c(166): warning:  #550-D: variable "tan_sigma" was set but never used
..\nmea\src\gmath.c(264): warning:  #550-D: variable "tan_sigma1" was set but never used
..\nmea\src\gmath.c(264): warning:  #550-D: variable "cos_alpha" was set but never used
compiling info.c...
compiling parse.c...
compiling parser.c...
compiling sentence.c...
compiling time.c...
compiling tok.c...
linking...
.\Obj\Project.axf: error: L6050U: The code size of this image (37352 bytes) exceeds the maximum allowed for this version of the linker.
Target not created
Build target 'blkeji'
linking...
.\Obj\Project.axf: Error: L6218E: Undefined symbol GPS_Parser (referred from gpstask.o).
.\Obj\Project.axf: Error: L6218E: Undefined symbol initParserCallBack (referred from gpstask.o).
Target not created
Build target 'blkeji'
compiling gpsTask.c...
..\USER\gpsTask.c(49): warning:  #550-D: variable "ret" was set but never used
..\USER\gpsTask.c(55): warning:  #177-D: variable "buffer" was declared but never referenced
..\USER\gpsTask.c(82): warning:  #111-D: statement is unreachable
..\USER\gpsTask.c(94): warning:  #111-D: statement is unreachable
..\USER\gpsTask.c(103): warning:  #223-D: function "initParserCallBack" declared implicitly
..\USER\gpsTask.c(128): warning:  #223-D: function "mainTest" declared implicitly
..\USER\gpsTask.c(110): warning:  #177-D: variable "dst" was declared but never referenced
..\USER\gpsTask.c(111): warning:  #550-D: variable "from_pos" was set but never used
..\USER\gpsTask.c(111): warning:  #550-D: variable "to_pos" was set but never used
linking...
.\Obj\Project.axf: Error: L6218E: Undefined symbol GPS_Parser (referred from gpstask.o).
.\Obj\Project.axf: Error: L6218E: Undefined symbol initParserCallBack (referred from gpstask.o).
Target not created
Build target 'blkeji'
compiling gpsTask.c...
..\USER\gpsTask.c(49): warning:  #550-D: variable "ret" was set but never used
..\USER\gpsTask.c(55): warning:  #177-D: variable "buffer" was declared but never referenced
..\USER\gpsTask.c(82): warning:  #111-D: statement is unreachable
..\USER\gpsTask.c(94): warning:  #111-D: statement is unreachable
..\USER\gpsTask.c(128): warning:  #223-D: function "mainTest" declared implicitly
..\USER\gpsTask.c(110): warning:  #177-D: variable "dst" was declared but never referenced
..\USER\gpsTask.c(111): warning:  #550-D: variable "from_pos" was set but never used
..\USER\gpsTask.c(111): warning:  #550-D: variable "to_pos" was set but never used
linking...
.\Obj\Project.axf: Error: L6218E: Undefined symbol GPS_Parser (referred from gpstask.o).
Target not created
Build target 'blkeji'
compiling gpsTask.c...
..\USER\gpsTask.c(49): warning:  #177-D: variable "ret" was declared but never referenced
..\USER\gpsTask.c(55): warning:  #177-D: variable "buffer" was declared but never referenced
..\USER\gpsTask.c(82): warning:  #111-D: statement is unreachable
..\USER\gpsTask.c(94): warning:  #111-D: statement is unreachable
..\USER\gpsTask.c(128): warning:  #223-D: function "mainTest" declared implicitly
..\USER\gpsTask.c(110): warning:  #177-D: variable "dst" was declared but never referenced
..\USER\gpsTask.c(111): warning:  #550-D: variable "from_pos" was set but never used
..\USER\gpsTask.c(111): warning:  #550-D: variable "to_pos" was set but never used
linking...
.\Obj\Project.axf: Error: L6218E: Undefined symbol GPS_Parser (referred from gpstask.o).
Target not created
Build target 'blkeji'
compiling gpsTask.c...
..\USER\gpsTask.c(49): warning:  #177-D: variable "ret" was declared but never referenced
..\USER\gpsTask.c(55): warning:  #177-D: variable "buffer" was declared but never referenced
..\USER\gpsTask.c(82): warning:  #111-D: statement is unreachable
..\USER\gpsTask.c(94): warning:  #111-D: statement is unreachable
..\USER\gpsTask.c(128): warning:  #223-D: function "mainTest" declared implicitly
..\USER\gpsTask.c(110): warning:  #177-D: variable "dst" was declared but never referenced
..\USER\gpsTask.c(111): warning:  #550-D: variable "from_pos" was set but never used
..\USER\gpsTask.c(111): warning:  #550-D: variable "to_pos" was set but never used
linking...
.\Obj\Project.axf: error: L6050U: The code size of this image (34268 bytes) exceeds the maximum allowed for this version of the linker.
Target not created
Build target 'blkeji'
compiling main.c...
..\USER\main.c(148): warning:  #223-D: function "USART1_Configuration" declared implicitly
..\USER\main.c(149): warning:  #223-D: function "USART2_Configuration" declared implicitly
compiling stm32f10x_it.c...
compiling uart2GpsIn.c...
compiling gpsTask.c...
..\USER\gpsTask.c(49): warning:  #177-D: variable "ret" was declared but never referenced
..\USER\gpsTask.c(55): warning:  #177-D: variable "buffer" was declared but never referenced
..\USER\gpsTask.c(82): warning:  #111-D: statement is unreachable
..\USER\gpsTask.c(94): warning:  #111-D: statement is unreachable
..\USER\gpsTask.c(128): warning:  #223-D: function "mainTest" declared implicitly
..\USER\gpsTask.c(110): warning:  #177-D: variable "dst" was declared but never referenced
..\USER\gpsTask.c(111): warning:  #550-D: variable "from_pos" was set but never used
..\USER\gpsTask.c(111): warning:  #550-D: variable "to_pos" was set but never used
compiling os_dbg.c...
compiling os_cpu_c.c...
compiling os_core.c...
compiling os_flag.c...
compiling os_mbox.c...
compiling os_mem.c...
compiling os_mutex.c...
compiling os_q.c...
compiling os_sem.c...
compiling os_task.c...
compiling os_time.c...
compiling os_tmr.c...
compiling OS_AppHooks.c...
compiling lib_mem.c...
compiling lib_str.c...
linking...
.\Obj\Project.axf: error: L6050U: The code size of this image (34268 bytes) exceeds the maximum allowed for this version of the linker.
Target not created
Build target 'blkeji'
linking...
.\Obj\Project.axf: error: L6050U: The code size of this image (34268 bytes) exceeds the maximum allowed for this version of the linker.
Target not created
